Archive member included because of file (symbol)

/opt/microchip/xc32/v1.34/pic32mx/lib/libmchp_peripheral_32MX270F256D.a(read_core_timer_lib.o)
                              build/badge.o (ReadCoreTimer)
/opt/microchip/xc32/v1.34/pic32mx/lib/libmchp_peripheral_32MX270F256D.a(int_enable_interrupts_lib.o)
                              build/USB/usb_device.o (INTEnableInterrupts)
/opt/microchip/xc32/v1.34/pic32mx/lib/libmchp_peripheral_32MX270F256D.a(int_disable_interrupts_lib.o)
                              build/microchip.o (INTDisableInterrupts)
/opt/microchip/xc32/v1.34/pic32mx/lib/libmchp_peripheral_32MX270F256D.a(int_restore_interrupts_lib.o)
                              build/microchip.o (INTRestoreInterrupts)
/opt/microchip/xc32/v1.34/pic32mx/lib/libmchp_peripheral_32MX270F256D.a(int_enable_mv_int_lib.o)
                              build/USB/usb_device.o (INTEnableSystemMultiVectoredInt)
/opt/microchip/xc32/v1.34/pic32mx/lib/libmchp_peripheral_32MX270F256D.a(int_tbl_lib.o)
                              build/USB/usb_device.o (INTClearFlag)
/opt/microchip/xc32/v1.34/bin/bin/../../lib/gcc/pic32mx/4.5.2/../../../../pic32mx/lib/libpic32.a(setjmp.o)
                              build/py/runtime.o (setjmp)
/opt/microchip/xc32/v1.34/bin/bin/../../lib/gcc/pic32mx/4.5.2/../../../../pic32mx/lib/libpic32.a(memcmp.o)
                              build/py/qstr.o (memcmp)
/opt/microchip/xc32/v1.34/bin/bin/../../lib/gcc/pic32mx/4.5.2/../../../../pic32mx/lib/libpic32.a(memcpy.o)
                              build/py/qstr.o (memcpy)
/opt/microchip/xc32/v1.34/bin/bin/../../lib/gcc/pic32mx/4.5.2/../../../../pic32mx/lib/libpic32.a(memset.o)
                              build/py/malloc.o (memset)
/opt/microchip/xc32/v1.34/bin/bin/../../lib/gcc/pic32mx/4.5.2/../../../../pic32mx/lib/libpic32.a(strcmp.o)
                              build/py/lexer.o (strcmp)
/opt/microchip/xc32/v1.34/bin/bin/../../lib/gcc/pic32mx/4.5.2/../../../../pic32mx/lib/libpic32.a(strlen.o)
                              build/py/qstr.o (strlen)
/opt/microchip/xc32/v1.34/bin/bin/../../lib/gcc/pic32mx/4.5.2/../../../../pic32mx/lib/libpic32.a(default-bootstrap-exception-handler.o)
                              /opt/microchip/xc32/v1.34/bin/bin/../../lib/gcc/pic32mx/4.5.2/../../../../pic32mx/lib/crt0.o (_bootstrap_exception_handler)
/opt/microchip/xc32/v1.34/bin/bin/../../lib/gcc/pic32mx/4.5.2/../../../../pic32mx/lib/libpic32.a(default-on-reset.o)
                              /opt/microchip/xc32/v1.34/bin/bin/../../lib/gcc/pic32mx/4.5.2/../../../../pic32mx/lib/crt0.o (_on_reset)
/opt/microchip/xc32/v1.34/bin/bin/../../lib/gcc/pic32mx/4.5.2/../../../../pic32mx/lib/libpic32.a(default-on-bootstrap.o)
                              /opt/microchip/xc32/v1.34/bin/bin/../../lib/gcc/pic32mx/4.5.2/../../../../pic32mx/lib/crt0.o (_on_bootstrap)
/opt/microchip/xc32/v1.34/bin/bin/../../lib/gcc/pic32mx/4.5.2/../../../../pic32mx/lib/libpic32.a(default-nmi-handler.o)
                              /opt/microchip/xc32/v1.34/bin/bin/../../lib/gcc/pic32mx/4.5.2/../../../../pic32mx/lib/crt0.o (_nmi_handler)
/opt/microchip/xc32/v1.34/bin/bin/../../lib/gcc/pic32mx/4.5.2/../../../../pic32mx/lib/libpic32.a(general-exception.o)
                              /opt/microchip/xc32/v1.34/bin/bin/../../lib/gcc/pic32mx/4.5.2/../../../../pic32mx/lib/crt0.o (_general_exception_context)
/opt/microchip/xc32/v1.34/bin/bin/../../lib/gcc/pic32mx/4.5.2/../../../../pic32mx/lib/libpic32.a(default-general-exception-handler.o)
                              /opt/microchip/xc32/v1.34/bin/bin/../../lib/gcc/pic32mx/4.5.2/../../../../pic32mx/lib/libpic32.a(general-exception.o) (_general_exception_handler)
/opt/microchip/xc32/v1.34/bin/bin/../../lib/gcc/pic32mx/4.5.2/../../../../pic32mx/lib/libc.a(fassert.o)
                              build/py/qstr.o (_fassert)
/opt/microchip/xc32/v1.34/bin/bin/../../lib/gcc/pic32mx/4.5.2/../../../../pic32mx/lib/libc.a(malloc.o)
                              build/py/malloc.o (malloc)
/opt/microchip/xc32/v1.34/bin/bin/../../lib/gcc/pic32mx/4.5.2/../../../../pic32mx/lib/libc.a(memmove.o)
                              build/py/vstr.o (memmove)
/opt/microchip/xc32/v1.34/bin/bin/../../lib/gcc/pic32mx/4.5.2/../../../../pic32mx/lib/libc.a(signal.o)
                              /opt/microchip/xc32/v1.34/bin/bin/../../lib/gcc/pic32mx/4.5.2/../../../../pic32mx/lib/libc.a(fassert.o) (abort)
/opt/microchip/xc32/v1.34/bin/bin/../../lib/gcc/pic32mx/4.5.2/../../../../pic32mx/lib/libc.a(strchr.o)
                              build/py/objstr.o (strchr)
/opt/microchip/xc32/v1.34/bin/bin/../../lib/gcc/pic32mx/4.5.2/../../../../pic32mx/lib/libc.a(strncpy.o)
                              build/badgemain.o (strncpy)
/opt/microchip/xc32/v1.34/bin/bin/../../lib/gcc/pic32mx/4.5.2/../../../../pic32mx/lib/libc.a(exit.o)
                              /opt/microchip/xc32/v1.34/bin/bin/../../lib/gcc/pic32mx/4.5.2/../../../../pic32mx/lib/libc.a(signal.o) (exit)
[...]
Memory Configuration

Name             Origin             Length             Attributes
kseg0_program_mem 0x9d000000         0x0003f000         xr
exception_mem    0x9d03f000         0x00001000
debug_exec_mem   0x9fc00490         0x00000760
kseg0_boot_mem   0x9fc00490         0x00000000
kseg1_boot_mem   0xbfc00000         0x00000490
config3          0xbfc00bf0         0x00000004
config2          0xbfc00bf4         0x00000004
config1          0xbfc00bf8         0x00000004
config0          0xbfc00bfc         0x00000004
kseg1_data_mem   0xa0000000         0x00010000         w !x
sfrs             0xbf800000         0x00100000
configsfrs       0xbfc00bf0         0x00000010
*default*        0x00000000         0xffffffff

Linker script and memory map

LOAD /opt/microchip/xc32/v1.34/bin/bin/../../lib/gcc/pic32mx/4.5.2/../../../../pic32mx/lib/crt0.o
                0x00006400                _min_heap_size = 0x6400
                0x00000400                _min_stack_size = 0x400
                0x00000400                PROVIDE (_min_stack_size, 0x400)
LOAD /opt/microchip/xc32/v1.34/pic32mx/lib/proc/32MX270F256D/processor.o
                0x00000001                PROVIDE (_vector_spacing, 0x1)
                0x9d03f000                _ebase_address = 0x9d03f000
                0xbfc00000                _RESET_ADDR = 0xbfc00000
                0xbfc00380                _BEV_EXCPT_ADDR = 0xbfc00380
                0xbfc00480                _DBG_EXCPT_ADDR = 0xbfc00480
                0x9fc00490                _DBG_CODE_ADDR = 0x9fc00490
                0x00000760                _DBG_CODE_SIZE = 0x760
                0x9d03f180                _GEN_EXCPT_ADDR = (_ebase_address + 0x180)

.config_BFC00BF0
                0xbfc00bf0        0x4
 *(.config_BFC00BF0)
 .config_BFC00BF0
                0xbfc00bf0        0x4 build/pic32config.o

.config_BFC00BF4
                0xbfc00bf4        0x4
 *(.config_BFC00BF4)
 .config_BFC00BF4
                0xbfc00bf4        0x4 build/pic32config.o

.config_BFC00BF8
                0xbfc00bf8        0x4
 *(.config_BFC00BF8)
 .config_BFC00BF8
                0xbfc00bf8        0x4 build/pic32config.o

.config_BFC00BFC
                0xbfc00bfc        0x4
 *(.config_BFC00BFC)
 .config_BFC00BFC
                0xbfc00bfc        0x4 build/pic32config.o

.reset          0xbfc00000      0x1f0
 *(.reset)
 .reset         0xbfc00000        0x8 /opt/microchip/xc32/v1.34/bin/bin/../../lib/gcc/pic32mx/4.5.2/../../../../pic32mx/lib/crt0.o
                0xbfc00000                _reset
 *(.reset.startup)
 .reset.startup
                0xbfc00008      0x1e8 /opt/microchip/xc32/v1.34/bin/bin/../../lib/gcc/pic32mx/4.5.2/../../../../pic32mx/lib/crt0.o

.bev_excpt      0xbfc00380       0x10
 *(.bev_handler)
 .bev_handler   0xbfc00380       0x10 /opt/microchip/xc32/v1.34/bin/bin/../../lib/gcc/pic32mx/4.5.2/../../../../pic32mx/lib/crt0.o

.dbg_excpt      0xbfc00480        0x0
                0xbfc00480                . = (. + DEFINED (_DEBUGGER)?0x8:0x0)

.dbg_code       0x9fc00490        0x0
                0x9fc00490                . = (. + DEFINED (_DEBUGGER)?_DBG_CODE_SIZE:0x0)

.app_excpt      0x9d03f180       0x10
 *(.gen_handler)
 .gen_handler   0x9d03f180       0x10 /opt/microchip/xc32/v1.34/bin/bin/../../lib/gcc/pic32mx/4.5.2/../../../../pic32mx/lib/crt0.o

.vector_0       0x9d03f200        0x0
 *(.vector_0)
                0x00000001                ASSERT (((_vector_spacing == 0x0) || (SIZEOF (.vector_0) <= (_vector_spacing << 0x5))), function at exception vector 0 too large)

.vector_1       0x9d03f220        0x0
 *(.vector_1)
                0x00000001                ASSERT (((_vector_spacing == 0x0) || (SIZEOF (.vector_1) <= (_vector_spacing << 0x5))), function at exception vector 1 too large)

.vector_2       0x9d03f240        0x0
 *(.vector_2)
                0x00000001                ASSERT (((_vector_spacing == 0x0) || (SIZEOF (.vector_2) <= (_vector_spacing << 0x5))), function at exception vector 2 too large)

.vector_3       0x9d03f260        0x0
 *(.vector_3)
                0x00000001                ASSERT (((_vector_spacing == 0x0) || (SIZEOF (.vector_3) <= (_vector_spacing << 0x5))), function at exception vector 3 too large)

.vector_4       0x9d03f280        0x0
 *(.vector_4)
                0x00000001                ASSERT (((_vector_spacing == 0x0) || (SIZEOF (.vector_4) <= (_vector_spacing << 0x5))), function at exception vector 4 too large)

.vector_5       0x9d03f2a0        0x0
 *(.vector_5)
                0x00000001                ASSERT (((_vector_spacing == 0x0) || (SIZEOF (.vector_5) <= (_vector_spacing << 0x5))), function at exception vector 5 too large)

.vector_6       0x9d03f2c0        0x0
 *(.vector_6)
                0x00000001                ASSERT (((_vector_spacing == 0x0) || (SIZEOF (.vector_6) <= (_vector_spacing << 0x5))), function at exception vector 6 too large)

.vector_7       0x9d03f2e0        0x0
 *(.vector_7)
                0x00000001                ASSERT (((_vector_spacing == 0x0) || (SIZEOF (.vector_7) <= (_vector_spacing << 0x5))), function at exception vector 7 too large)

.vector_8       0x9d03f300        0x0
 *(.vector_8)
                0x00000001                ASSERT (((_vector_spacing == 0x0) || (SIZEOF (.vector_8) <= (_vector_spacing << 0x5))), function at exception vector 8 too large)

.vector_9       0x9d03f320        0x0
 *(.vector_9)
                0x00000001                ASSERT (((_vector_spacing == 0x0) || (SIZEOF (.vector_9) <= (_vector_spacing << 0x5))), function at exception vector 9 too large)

.vector_10      0x9d03f340        0x0
 *(.vector_10)
                0x00000001                ASSERT (((_vector_spacing == 0x0) || (SIZEOF (.vector_10) <= (_vector_spacing << 0x5))), function at exception vector 10 too large)

.vector_11      0x9d03f360        0x0
 *(.vector_11)
                0x00000001                ASSERT (((_vector_spacing == 0x0) || (SIZEOF (.vector_11) <= (_vector_spacing << 0x5))), function at exception vector 11 too large)

.vector_12      0x9d03f380        0x0
 *(.vector_12)
                0x00000001                ASSERT (((_vector_spacing == 0x0) || (SIZEOF (.vector_12) <= (_vector_spacing << 0x5))), function at exception vector 12 too large)

.vector_13      0x9d03f3a0        0x0
 *(.vector_13)
                0x00000001                ASSERT (((_vector_spacing == 0x0) || (SIZEOF (.vector_13) <= (_vector_spacing << 0x5))), function at exception vector 13 too large)

.vector_14      0x9d03f3c0        0x0
 *(.vector_14)
                0x00000001                ASSERT (((_vector_spacing == 0x0) || (SIZEOF (.vector_14) <= (_vector_spacing << 0x5))), function at exception vector 14 too large)

.vector_15      0x9d03f3e0        0x0
 *(.vector_15)
                0x00000001                ASSERT (((_vector_spacing == 0x0) || (SIZEOF (.vector_15) <= (_vector_spacing << 0x5))), function at exception vector 15 too large)

.vector_16      0x9d03f400        0x0
 *(.vector_16)
                0x00000001                ASSERT (((_vector_spacing == 0x0) || (SIZEOF (.vector_16) <= (_vector_spacing << 0x5))), function at exception vector 16 too large)

.vector_17      0x9d03f420        0x0
 *(.vector_17)
                0x00000001                ASSERT (((_vector_spacing == 0x0) || (SIZEOF (.vector_17) <= (_vector_spacing << 0x5))), function at exception vector 17 too large)

.vector_18      0x9d03f440        0x0
 *(.vector_18)
                0x00000001                ASSERT (((_vector_spacing == 0x0) || (SIZEOF (.vector_18) <= (_vector_spacing << 0x5))), function at exception vector 18 too large)

.vector_19      0x9d03f460        0x0
 *(.vector_19)
                0x00000001                ASSERT (((_vector_spacing == 0x0) || (SIZEOF (.vector_19) <= (_vector_spacing << 0x5))), function at exception vector 19 too large)

.vector_20      0x9d03f480        0x0
 *(.vector_20)
                0x00000001                ASSERT (((_vector_spacing == 0x0) || (SIZEOF (.vector_20) <= (_vector_spacing << 0x5))), function at exception vector 20 too large)

.vector_21      0x9d03f4a0        0x0
 *(.vector_21)
                0x00000001                ASSERT (((_vector_spacing == 0x0) || (SIZEOF (.vector_21) <= (_vector_spacing << 0x5))), function at exception vector 21 too large)

.vector_22      0x9d03f4c0        0x0
 *(.vector_22)
                0x00000001                ASSERT (((_vector_spacing == 0x0) || (SIZEOF (.vector_22) <= (_vector_spacing << 0x5))), function at exception vector 22 too large)

.vector_23      0x9d03f4e0        0x0
 *(.vector_23)
                0x00000001                ASSERT (((_vector_spacing == 0x0) || (SIZEOF (.vector_23) <= (_vector_spacing << 0x5))), function at exception vector 23 too large)

.vector_24      0x9d03f500        0x0
 *(.vector_24)
                0x00000001                ASSERT (((_vector_spacing == 0x0) || (SIZEOF (.vector_24) <= (_vector_spacing << 0x5))), function at exception vector 24 too large)

.vector_25      0x9d03f520        0x0
 *(.vector_25)
                0x00000001                ASSERT (((_vector_spacing == 0x0) || (SIZEOF (.vector_25) <= (_vector_spacing << 0x5))), function at exception vector 25 too large)

.vector_26      0x9d03f540        0x0
 *(.vector_26)
                0x00000001                ASSERT (((_vector_spacing == 0x0) || (SIZEOF (.vector_26) <= (_vector_spacing << 0x5))), function at exception vector 26 too large)

.vector_27      0x9d03f560        0x0
 *(.vector_27)
                0x00000001                ASSERT (((_vector_spacing == 0x0) || (SIZEOF (.vector_27) <= (_vector_spacing << 0x5))), function at exception vector 27 too large)

.vector_28      0x9d03f580        0x0
 *(.vector_28)
                0x00000001                ASSERT (((_vector_spacing == 0x0) || (SIZEOF (.vector_28) <= (_vector_spacing << 0x5))), function at exception vector 28 too large)

.vector_29      0x9d03f5a0        0x0
 *(.vector_29)
                0x00000001                ASSERT (((_vector_spacing == 0x0) || (SIZEOF (.vector_29) <= (_vector_spacing << 0x5))), function at exception vector 29 too large)

.vector_30      0x9d03f5c0        0x8
 *(.vector_30)
 .vector_30     0x9d03f5c0        0x8 build/USB/usb_device.o
                0x9d03f5c0                __vector_dispatch_30
                0x00000001                ASSERT (((_vector_spacing == 0x0) || (SIZEOF (.vector_30) <= (_vector_spacing << 0x5))), function at exception vector 30 too large)

.vector_31      0x9d03f5e0        0x0
 *(.vector_31)
                0x00000001                ASSERT (((_vector_spacing == 0x0) || (SIZEOF (.vector_31) <= (_vector_spacing << 0x5))), function at exception vector 31 too large)

.vector_32      0x9d03f600        0x0
 *(.vector_32)
                0x00000001                ASSERT (((_vector_spacing == 0x0) || (SIZEOF (.vector_32) <= (_vector_spacing << 0x5))), function at exception vector 32 too large)

.vector_33      0x9d03f620        0x0
 *(.vector_33)
                0x00000001                ASSERT (((_vector_spacing == 0x0) || (SIZEOF (.vector_33) <= (_vector_spacing << 0x5))), function at exception vector 33 too large)

.vector_34      0x9d03f640        0x0
 *(.vector_34)
                0x00000001                ASSERT (((_vector_spacing == 0x0) || (SIZEOF (.vector_34) <= (_vector_spacing << 0x5))), function at exception vector 34 too large)

.vector_35      0x9d03f660        0x0
 *(.vector_35)
                0x00000001                ASSERT (((_vector_spacing == 0x0) || (SIZEOF (.vector_35) <= (_vector_spacing << 0x5))), function at exception vector 35 too large)

.vector_36      0x9d03f680        0x0
 *(.vector_36)
                0x00000001                ASSERT (((_vector_spacing == 0x0) || (SIZEOF (.vector_36) <= (_vector_spacing << 0x5))), function at exception vector 36 too large)

.vector_37      0x9d03f6a0        0x0
 *(.vector_37)
                0x00000001                ASSERT (((_vector_spacing == 0x0) || (SIZEOF (.vector_37) <= (_vector_spacing << 0x5))), function at exception vector 37 too large)

.vector_38      0x9d03f6c0        0x0
 *(.vector_38)
                0x00000001                ASSERT (((_vector_spacing == 0x0) || (SIZEOF (.vector_38) <= (_vector_spacing << 0x5))), function at exception vector 38 too large)

.vector_39      0x9d03f6e0        0x0
 *(.vector_39)
                0x00000001                ASSERT (((_vector_spacing == 0x0) || (SIZEOF (.vector_39) <= (_vector_spacing << 0x5))), function at exception vector 39 too large)

.vector_40      0x9d03f700        0x0
 *(.vector_40)
                0x00000001                ASSERT (((_vector_spacing == 0x0) || (SIZEOF (.vector_40) <= (_vector_spacing << 0x5))), function at exception vector 40 too large)

.vector_41      0x9d03f720        0x0
 *(.vector_41)
                0x00000001                ASSERT (((_vector_spacing == 0x0) || (SIZEOF (.vector_41) <= (_vector_spacing << 0x5))), function at exception vector 41 too large)

.vector_42      0x9d03f740        0x0
 *(.vector_42)
                0x00000001                ASSERT (((_vector_spacing == 0x0) || (SIZEOF (.vector_42) <= (_vector_spacing << 0x5))), function at exception vector 42 too large)

.vector_43      0x9d03f760        0x0
 *(.vector_43)
                0x00000001                ASSERT (((_vector_spacing == 0x0) || (SIZEOF (.vector_43) <= (_vector_spacing << 0x5))), function at exception vector 43 too large)

.vector_44      0x9d03f780        0x0
 *(.vector_44)
                0x00000001                ASSERT (((_vector_spacing == 0x0) || (SIZEOF (.vector_44) <= (_vector_spacing << 0x5))), function at exception vector 44 too large)

.vector_45      0x9d03f7a0        0x0
 *(.vector_45)
                0x00000001                ASSERT (((_vector_spacing == 0x0) || (SIZEOF (.vector_45) <= (_vector_spacing << 0x5))), function at exception vector 45 too large)

.vector_46      0x9d03f7c0        0x0
 *(.vector_46)
                0x00000001                ASSERT (((_vector_spacing == 0x0) || (SIZEOF (.vector_46) <= (_vector_spacing << 0x5))), function at exception vector 46 too large)

.vector_47      0x9d03f7e0        0x0
 *(.vector_47)
                0x00000001                ASSERT (((_vector_spacing == 0x0) || (SIZEOF (.vector_47) <= (_vector_spacing << 0x5))), function at exception vector 47 too large)

.vector_48      0x9d03f800        0x0
 *(.vector_48)
                0x00000001                ASSERT (((_vector_spacing == 0x0) || (SIZEOF (.vector_48) <= (_vector_spacing << 0x5))), function at exception vector 48 too large)

.vector_49      0x9d03f820        0x0
 *(.vector_49)
                0x00000001                ASSERT (((_vector_spacing == 0x0) || (SIZEOF (.vector_49) <= (_vector_spacing << 0x5))), function at exception vector 49 too large)

.vector_50      0x9d03f840        0x0
 *(.vector_50)
                0x00000001                ASSERT (((_vector_spacing == 0x0) || (SIZEOF (.vector_50) <= (_vector_spacing << 0x5))), function at exception vector 50 too large)

.vector_51      0x9d03f860        0x0
 *(.vector_51)
                0x00000001                ASSERT (((_vector_spacing == 0x0) || (SIZEOF (.vector_51) <= (_vector_spacing << 0x5))), function at exception vector 51 too large)

.vector_52      0x9d03f880        0x0
 *(.vector_52)
                0x00000001                ASSERT (((_vector_spacing == 0x0) || (SIZEOF (.vector_52) <= (_vector_spacing << 0x5))), function at exception vector 52 too large)

.vector_53      0x9d03f8a0        0x0
 *(.vector_53)
                0x00000001                ASSERT (((_vector_spacing == 0x0) || (SIZEOF (.vector_53) <= (_vector_spacing << 0x5))), function at exception vector 53 too large)

.vector_54      0x9d03f8c0        0x0
 *(.vector_54)
                0x00000001                ASSERT (((_vector_spacing == 0x0) || (SIZEOF (.vector_54) <= (_vector_spacing << 0x5))), function at exception vector 54 too large)

.vector_55      0x9d03f8e0        0x0
 *(.vector_55)
                0x00000001                ASSERT (((_vector_spacing == 0x0) || (SIZEOF (.vector_55) <= (_vector_spacing << 0x5))), function at exception vector 55 too large)

.vector_56      0x9d03f900        0x0
 *(.vector_56)
                0x00000001                ASSERT (((_vector_spacing == 0x0) || (SIZEOF (.vector_56) <= (_vector_spacing << 0x5))), function at exception vector 56 too large)

.vector_57      0x9d03f920        0x0
 *(.vector_57)
                0x00000001                ASSERT (((_vector_spacing == 0x0) || (SIZEOF (.vector_57) <= (_vector_spacing << 0x5))), function at exception vector 57 too large)

.vector_58      0x9d03f940        0x0
 *(.vector_58)
                0x00000001                ASSERT (((_vector_spacing == 0x0) || (SIZEOF (.vector_58) <= (_vector_spacing << 0x5))), function at exception vector 58 too large)

.vector_59      0x9d03f960        0x0
 *(.vector_59)
                0x00000001                ASSERT (((_vector_spacing == 0x0) || (SIZEOF (.vector_59) <= (_vector_spacing << 0x5))), function at exception vector 59 too large)

.vector_60      0x9d03f980        0x0
 *(.vector_60)
                0x00000001                ASSERT (((_vector_spacing == 0x0) || (SIZEOF (.vector_60) <= (_vector_spacing << 0x5))), function at exception vector 60 too large)

.vector_61      0x9d03f9a0        0x0
 *(.vector_61)
                0x00000001                ASSERT (((_vector_spacing == 0x0) || (SIZEOF (.vector_61) <= (_vector_spacing << 0x5))), function at exception vector 61 too large)

.vector_62      0x9d03f9c0        0x0
 *(.vector_62)
                0x00000001                ASSERT (((_vector_spacing == 0x0) || (SIZEOF (.vector_62) <= (_vector_spacing << 0x5))), function at exception vector 62 too large)

.vector_63      0x9d03f9e0        0x0
 *(.vector_63)
                0x00000001                ASSERT (((_vector_spacing == 0x0) || (SIZEOF (.vector_63) <= (_vector_spacing << 0x5))), function at exception vector 63 too large)

.startup
 *(.startup)

.text           0x9d000000        0x0
 *(.stub .gnu.linkonce.t.*)
 *(.text.*personality*)
 *(.mips16.fn.*)
 *(.mips16.call.*)
 *(.gnu.warning)
                0x9d000000                . = ALIGN (0x4)

.init           0x9d000000        0x0
 *crti.o(.init)
 *crtbegin.o(.init)
 *(EXCLUDE_FILE(*crtn.o *crtend?.o *crtend.o) .init)
 *crtend.o(.init)
 *crtn.o(.init)
                0x9d000000                . = ALIGN (0x4)

.fini           0x9d000000        0x0
 *(.fini)
                0x9d000000                . = ALIGN (0x4)

.preinit_array  0x9d000000        0x0
                0x9d000000                PROVIDE (__preinit_array_start, .)
 *(.preinit_array)
                0x9d000000                PROVIDE (__preinit_array_end, .)
                0x9d000000                . = ALIGN (0x4)

.init_array     0x9d000000        0x0
                0x9d000000                PROVIDE (__init_array_start, .)
 *(SORT(.init_array.*))
 *(.init_array)
                0x9d000000                PROVIDE (__init_array_end, .)
                0x9d000000                . = ALIGN (0x4)

.fini_array     0x9d000000        0x0
                0x9d000000                PROVIDE (__fini_array_start, .)
 *(SORT(.fini_array.*))
 *(.fini_array)
                0x9d000000                PROVIDE (__fini_array_end, .)
                0x9d000000                . = ALIGN (0x4)

.ctors          0x9d000000        0x0
 *crtbegin.o(.ctors)
 *crtbegin?.o(.ctors)
 *(EXCLUDE_FILE(*crtend?.o *crtend.o) .ctors)
 *(SORT(.ctors.*))
 *(.ctors)
                0x9d000000                . = ALIGN (0x4)

.dtors          0x9d000000        0x0
 *crtbegin.o(.dtors)
 *crtbegin?.o(.dtors)
 *(EXCLUDE_FILE(*crtend?.o *crtend.o) .dtors)
 *(SORT(.dtors.*))
 *(.dtors)
                0x9d000000                . = ALIGN (0x4)

.rodata         0x9d000000        0x0
 *(.gnu.linkonce.r.*)
 *(.rodata1)
                0x9d000000                . = ALIGN (0x4)

.sdata2         0x9fc00490        0x0
 *(.sdata2 .sdata2.* .gnu.linkonce.s2.*)
                0x9fc00490                . = ALIGN (0x4)

.sbss2          0x9fc00490        0x0
 *(.sbss2 .sbss2.* .gnu.linkonce.sb2.*)
                0x9fc00490                . = ALIGN (0x4)

.eh_frame_hdr
 *(.eh_frame_hdr)
                0x9fc00490                . = ALIGN (0x4)

.eh_frame
 *(.eh_frame)
                0x9fc00490                . = ALIGN (0x4)

.gcc_except_table
 *(.gcc_except_table .gcc_except_table.*)
                0x9fc00490                . = ALIGN (0x4)

.dbg_data       0xa0000000        0x0
                0xa0000000                . = (. + DEFINED (_DEBUGGER)?0x200:0x0)

.jcr            0xa0000000        0x0
 *(.jcr)
                0xa0000000                . = ALIGN (0x4)

.eh_frame       0xa0000000       0x30
 *(.eh_frame)
 .eh_frame      0xa0000000       0x20 /opt/microchip/xc32/v1.34/bin/bin/../../lib/gcc/pic32mx/4.5.2/libgcc.a(_udivdi3.o)
 .eh_frame      0xa0000020       0x10 /opt/microchip/xc32/v1.34/bin/bin/../../lib/gcc/pic32mx/4.5.2/libgcc.a(_umoddi3.o)
                0xa0000030                . = ALIGN (0x4)

.gcc_except_table
 *(.gcc_except_table .gcc_except_table.*)
                0xa0000030                . = ALIGN (0x4)

.persist        0xa0000030        0x0
                0xa0000030                _persist_begin = .
 *(.persist .persist.*)
 *(.pbss .pbss.*)
                0xa0000030                . = ALIGN (0x4)
                0xa0000030                _persist_end = .

.data           0xa0000030        0x0
 *(.gnu.linkonce.d.*)
 *(.data1)
                0xa0000030                . = ALIGN (0x4)
                0xa0000030                . = .
                0xa0008020                _gp = (ALIGN (0x10) + 0x7ff0)

.got            0xa0000030        0x0
 *(.got.plt)
 *(.got)
                0xa0000030                . = ALIGN (0x4)

.sdata          0xa0000030        0x8
                0xa0000030                _sdata_begin = .
 *(.sdata .sdata.* .gnu.linkonce.s.*)
 .sdata         0xa0000030        0x4 /opt/microchip/xc32/v1.34/bin/bin/../../lib/gcc/pic32mx/4.5.2/../../../../pic32mx/lib/libc.a(_iob.o)
                0xa0000030                _Files
 .sdata         0xa0000034        0x4 /opt/microchip/xc32/v1.34/bin/bin/../../lib/gcc/pic32mx/4.5.2/../../../../pic32mx/lib/libpic32.a(xc32_uart.o)
                0xa0000034                __XC_UART
                0xa0000038                . = ALIGN (0x4)
                0xa0000038                _sdata_end = .

.lit8
 *(.lit8)

.lit4
 *(.lit4)
                0xa0000038                . = ALIGN (0x4)
                0xa0000038                _data_end = .
                0xa0000038                _bss_begin = .

.sbss           0xa0000038       0xbc
                0xa0000038                _sbss_begin = .
 *(.dynsbss)
 *(.sbss .sbss.* .gnu.linkonce.sb.*)
 .sbss          0xa0000038       0x10 /opt/microchip/xc32/v1.34/bin/bin/../../lib/gcc/pic32mx/4.5.2/../../../../pic32mx/lib/libc.a(malloc.o)
                0xa0000038                __allocp
                0xa000003c                __alloct
                0xa0000040                __allocx
 .sbss          0xa0000048        0x1 /opt/microchip/xc32/v1.34/bin/bin/../../lib/gcc/pic32mx/4.5.2/../../../../pic32mx/lib/libc.a(_iob.o)
                0xa0000048                _outdone
 *fill*         0xa0000049        0x3 
 .sbss          0xa000004c        0x4 /opt/microchip/xc32/v1.34/bin/bin/../../lib/gcc/pic32mx/4.5.2/../../../../pic32mx/lib/libc.a(stdclean_simple.o)
                0xa000004c                _atexitptr
 .sbss          0xa0000050        0x8 /opt/microchip/xc32/v1.34/bin/bin/../../lib/gcc/pic32mx/4.5.2/../../../../pic32mx/lib/libpic32.a(sbrk.o)
                0xa0000050                _minbrk
                0xa0000054                _maxbrk
 .sbss          0xa0000058        0x4 /opt/microchip/xc32/v1.34/bin/bin/../../lib/gcc/pic32mx/4.5.2/../../../../pic32mx/lib/libpic32.a(errno.o)
                0xa0000058                errno
 *(.scommon)
 .scommon       0xa000005c       0x5c build/USB/usb_device.o
                0xa000005c                pDst
                0xa0000060                USBDeferINDataStagePackets
                0xa0000064                CtrlTrfData
                0xa000006c                USBDeferOUTDataStagePackets
                0xa0000070                USBDeviceState
                0xa0000074                controlTransferState
                0xa0000075                endpoint_number
                0xa0000078                ep_data_out
                0xa000007c                USBStatusStageEnabledFlag1
                0xa0000080                USBStatusStageEnabledFlag2
                0xa0000084                BothEP0OutUOWNsSet
                0xa0000088                pBDTEntryEP0OutNext
                0xa000008c                USBBusIsSuspended
                0xa0000090                USBStatusStageTimeoutCounter
                0xa0000094                SetupPkt
                0xa000009c                ep_data_in
                0xa000009f                shortPacketStatus
                0xa00000a0                pBDTEntryEP0OutCurrent
                0xa00000a4                USBActiveConfiguration
                0xa00000a8                RemoteWakeup
                0xa00000ac                USTATcopy
                0xa00000b0                USBAlternateInterface
                0xa00000b4                USBDeferStatusStagePacket
 .scommon       0xa00000b8       0x38 build/USB/usb_function_cdc.o
                0xa00000b8                control_signal_bitmap
                0xa00000bc                cdc_tx_len
                0xa00000c0                pCDCSrc
                0xa00000c4                CDCDataOutHandle
                0xa00000c8                cdc_rx_len
                0xa00000cc                line_coding
                0xa00000d4                BaudRateGen
                0xa00000d8                CDCDataInHandle
                0xa00000dc                cdc_trf_state
                0xa00000e0                pCDCDst
                0xa00000e4                cdc_mem_type
                0xa00000e8                dummy_encapsulated_cmd_response
 .scommon       0xa00000f0        0x4 /opt/microchip/xc32/v1.34/bin/bin/../../lib/gcc/pic32mx/4.5.2/../../../../pic32mx/lib/libpic32.a(setjmp.o)
                0xa00000f0                _nofpu
                0xa00000f4                _sbss_end = .
                0xa00000f4                . = ALIGN (0x4)

.bss            0xa0000200     0x8b20
 *(.dynbss)
 *(COMMON)
 COMMON         0xa0000200      0x19c build/py/mpstate.o
                0xa0000200                mp_state_ctx
 COMMON         0xa000039c     0x8834 build/fb.o
                0xa000039c                LCDbuffer
                0xa0008bbc                G_Fb
 *fill*         0xa0008bd0       0x30 
 COMMON         0xa0008c00       0x93 build/USB/usb_device.o
                0xa0008c00                BDT
                0xa0008c60                inPipes
                0xa0008c70                pBDTEntryIn
                0xa0008c7c                pBDTEntryOut
                0xa0008c88                outPipes
 *fill*         0xa0008c93        0x1 
 COMMON         0xa0008c94       0x8a build/USB/usb_function_cdc.o
                0xa0008c94                cdc_data_tx
                0xa0008cd4                cdc_data_rx
                0xa0008d14                cdc_notice
                0xa0008d20                . = ALIGN ((. != 0x0)?0x4:0x1)
 *fill*         0xa0008d1e        0x2 
                0xa0008d20                . = ALIGN (0x4)
                0xa0008d20                _end = .
                0xa0008d20                _bss_end = .
                0x00010000                _bmxdudba_address = 0x10000
                0x00010000                _bmxdupba_address = 0x10000

/DISCARD/
 *(.pdr)
 *(.rel.dyn)
 *(.note.GNU-stack)
 *(.note.GNU-stack)
 *(.gnu_debuglink)
 *(.gnu.lto_*)
 *(.discard)

.gptab.sdata
 *(.gptab.data)
 *(.gptab.sdata)

.gptab.sbss
 *(.gptab.bss)
 *(.gptab.sbss)

.mdebug.abi32   0xa0008d20        0x0
 *(.mdebug.abi32)
 .mdebug.abi32  0xa0008d20        0x0 build/py/mpstate.o
 .mdebug.abi32  0xa0008d20        0x0 build/py/nlr.o
 .mdebug.abi32  0xa0008d20        0x0 build/py/nlrx86.o
 .mdebug.abi32  0xa0008d20        0x0 build/py/nlrx64.o
 .mdebug.abi32  0xa0008d20        0x0 build/py/nlrthumb.o
 .mdebug.abi32  0xa0008d20        0x0 build/py/nlrxtensa.o
 .mdebug.abi32  0xa0008d20        0x0 build/py/nlrsetjmp.o
 .mdebug.abi32  0xa0008d20        0x0 build/py/malloc.o
 .mdebug.abi32  0xa0008d20        0x0 build/py/gc.o
 .mdebug.abi32  0xa0008d20        0x0 build/py/pystack.o
 .mdebug.abi32  0xa0008d20        0x0 build/py/qstr.o
 .mdebug.abi32  0xa0008d20        0x0 build/py/vstr.o
 .mdebug.abi32  0xa0008d20        0x0 build/py/mpprint.o
 .mdebug.abi32  0xa0008d20        0x0 build/py/unicode.o
 .mdebug.abi32  0xa0008d20        0x0 build/py/mpz.o
 .mdebug.abi32  0xa0008d20        0x0 build/py/reader.o
 .mdebug.abi32  0xa0008d20        0x0 build/py/lexer.o
 .mdebug.abi32  0xa0008d20        0x0 build/py/parse.o
 .mdebug.abi32  0xa0008d20        0x0 build/py/scope.o
 .mdebug.abi32  0xa0008d20        0x0 build/py/compile.o
 .mdebug.abi32  0xa0008d20        0x0 build/py/emitcommon.o
 .mdebug.abi32  0xa0008d20        0x0 build/py/emitbc.o
 .mdebug.abi32  0xa0008d20        0x0 build/py/asmbase.o
 .mdebug.abi32  0xa0008d20        0x0 build/py/asmx64.o
 .mdebug.abi32  0xa0008d20        0x0 build/py/emitnx64.o
 .mdebug.abi32  0xa0008d20        0x0 build/py/asmx86.o
 .mdebug.abi32  0xa0008d20        0x0 build/py/emitnx86.o
 .mdebug.abi32  0xa0008d20        0x0 build/py/asmthumb.o
 .mdebug.abi32  0xa0008d20        0x0 build/py/emitnthumb.o
 .mdebug.abi32  0xa0008d20        0x0 build/py/emitinlinethumb.o
 .mdebug.abi32  0xa0008d20        0x0 build/py/asmarm.o
 .mdebug.abi32  0xa0008d20        0x0 build/py/emitnarm.o
 .mdebug.abi32  0xa0008d20        0x0 build/py/asmxtensa.o
 .mdebug.abi32  0xa0008d20        0x0 build/py/emitnxtensa.o
 .mdebug.abi32  0xa0008d20        0x0 build/py/emitinlinextensa.o
 .mdebug.abi32  0xa0008d20        0x0 build/py/formatfloat.o
 .mdebug.abi32  0xa0008d20        0x0 build/py/parsenumbase.o
 .mdebug.abi32  0xa0008d20        0x0 build/py/parsenum.o
 .mdebug.abi32  0xa0008d20        0x0 build/py/emitglue.o
 .mdebug.abi32  0xa0008d20        0x0 build/py/persistentcode.o
 .mdebug.abi32  0xa0008d20        0x0 build/py/runtime.o
 .mdebug.abi32  0xa0008d20        0x0 build/py/runtime_utils.o
 .mdebug.abi32  0xa0008d20        0x0 build/py/scheduler.o
 .mdebug.abi32  0xa0008d20        0x0 build/py/nativeglue.o
 .mdebug.abi32  0xa0008d20        0x0 build/py/stackctrl.o
 .mdebug.abi32  0xa0008d20        0x0 build/py/argcheck.o
 .mdebug.abi32  0xa0008d20        0x0 build/py/warning.o
 .mdebug.abi32  0xa0008d20        0x0 build/py/map.o
 .mdebug.abi32  0xa0008d20        0x0 build/py/obj.o
 .mdebug.abi32  0xa0008d20        0x0 build/py/objarray.o
 .mdebug.abi32  0xa0008d20        0x0 build/py/objattrtuple.o
 .mdebug.abi32  0xa0008d20        0x0 build/py/objbool.o
 .mdebug.abi32  0xa0008d20        0x0 build/py/objboundmeth.o
 .mdebug.abi32  0xa0008d20        0x0 build/py/objcell.o
 .mdebug.abi32  0xa0008d20        0x0 build/py/objclosure.o
 .mdebug.abi32  0xa0008d20        0x0 build/py/objcomplex.o
 .mdebug.abi32  0xa0008d20        0x0 build/py/objdeque.o
 .mdebug.abi32  0xa0008d20        0x0 build/py/objdict.o
 .mdebug.abi32  0xa0008d20        0x0 build/py/objenumerate.o
 .mdebug.abi32  0xa0008d20        0x0 build/py/objexcept.o
 .mdebug.abi32  0xa0008d20        0x0 build/py/objfilter.o
 .mdebug.abi32  0xa0008d20        0x0 build/py/objfloat.o
 .mdebug.abi32  0xa0008d20        0x0 build/py/objfun.o
 .mdebug.abi32  0xa0008d20        0x0 build/py/objgenerator.o
 .mdebug.abi32  0xa0008d20        0x0 build/py/objgetitemiter.o
 .mdebug.abi32  0xa0008d20        0x0 build/py/objint.o
 .mdebug.abi32  0xa0008d20        0x0 build/py/objint_longlong.o
 .mdebug.abi32  0xa0008d20        0x0 build/py/objint_mpz.o
 .mdebug.abi32  0xa0008d20        0x0 build/py/objlist.o
 .mdebug.abi32  0xa0008d20        0x0 build/py/objmap.o
 .mdebug.abi32  0xa0008d20        0x0 build/py/objmodule.o
 .mdebug.abi32  0xa0008d20        0x0 build/py/objobject.o
 .mdebug.abi32  0xa0008d20        0x0 build/py/objpolyiter.o
 .mdebug.abi32  0xa0008d20        0x0 build/py/objproperty.o
 .mdebug.abi32  0xa0008d20        0x0 build/py/objnone.o
 .mdebug.abi32  0xa0008d20        0x0 build/py/objnamedtuple.o
 .mdebug.abi32  0xa0008d20        0x0 build/py/objrange.o
 .mdebug.abi32  0xa0008d20        0x0 build/py/objreversed.o
 .mdebug.abi32  0xa0008d20        0x0 build/py/objset.o
 .mdebug.abi32  0xa0008d20        0x0 build/py/objsingleton.o
 .mdebug.abi32  0xa0008d20        0x0 build/py/objslice.o
 .mdebug.abi32  0xa0008d20        0x0 build/py/objstr.o
 .mdebug.abi32  0xa0008d20        0x0 build/py/objstrunicode.o
 .mdebug.abi32  0xa0008d20        0x0 build/py/objstringio.o
 .mdebug.abi32  0xa0008d20        0x0 build/py/objtuple.o
 .mdebug.abi32  0xa0008d20        0x0 build/py/objtype.o
 .mdebug.abi32  0xa0008d20        0x0 build/py/objzip.o
 .mdebug.abi32  0xa0008d20        0x0 build/py/opmethods.o
 .mdebug.abi32  0xa0008d20        0x0 build/py/sequence.o
 .mdebug.abi32  0xa0008d20        0x0 build/py/stream.o
 .mdebug.abi32  0xa0008d20        0x0 build/py/binary.o
 .mdebug.abi32  0xa0008d20        0x0 build/py/builtinimport.o
 .mdebug.abi32  0xa0008d20        0x0 build/py/builtinevex.o
 .mdebug.abi32  0xa0008d20        0x0 build/py/builtinhelp.o
 .mdebug.abi32  0xa0008d20        0x0 build/py/modarray.o
 .mdebug.abi32  0xa0008d20        0x0 build/py/modbuiltins.o
 .mdebug.abi32  0xa0008d20        0x0 build/py/modcollections.o
 .mdebug.abi32  0xa0008d20        0x0 build/py/modgc.o
 .mdebug.abi32  0xa0008d20        0x0 build/py/modio.o
 .mdebug.abi32  0xa0008d20        0x0 build/py/modmath.o
 .mdebug.abi32  0xa0008d20        0x0 build/py/modcmath.o
 .mdebug.abi32  0xa0008d20        0x0 build/py/modmicropython.o
 .mdebug.abi32  0xa0008d20        0x0 build/py/modstruct.o
 .mdebug.abi32  0xa0008d20        0x0 build/py/modsys.o
 .mdebug.abi32  0xa0008d20        0x0 build/py/moduerrno.o
 .mdebug.abi32  0xa0008d20        0x0 build/py/modthread.o
 .mdebug.abi32  0xa0008d20        0x0 build/py/vm.o
 .mdebug.abi32  0xa0008d20        0x0 build/py/bc.o
 .mdebug.abi32  0xa0008d20        0x0 build/py/showbc.o
 .mdebug.abi32  0xa0008d20        0x0 build/py/repl.o
 .mdebug.abi32  0xa0008d20        0x0 build/py/smallint.o
 .mdebug.abi32  0xa0008d20        0x0 build/py/frozenmod.o
 .mdebug.abi32  0xa0008d20        0x0 build/mp_main.o
 .mdebug.abi32  0xa0008d20        0x0 build/pybadge.o
 .mdebug.abi32  0xa0008d20        0x0 build/pic32config.o
 .mdebug.abi32  0xa0008d20        0x0 build/LCDcolor.o
 .mdebug.abi32  0xa0008d20        0x0 build/S6B33.o
 .mdebug.abi32  0xa0008d20        0x0 build/badgemain.o
 .mdebug.abi32  0xa0008d20        0x0 build/fb.o
 .mdebug.abi32  0xa0008d20        0x0 build/microchip.o
 .mdebug.abi32  0xa0008d20        0x0 build/assets.o
 .mdebug.abi32  0xa0008d20        0x0 build/assetList.o
 .mdebug.abi32  0xa0008d20        0x0 build/badge.o
 .mdebug.abi32  0xa0008d20        0x0 build/USB/usb_device.o
 .mdebug.abi32  0xa0008d20        0x0 build/USB/usb_function_cdc.o
 .mdebug.abi32  0xa0008d20        0x0 build/usb_descriptors.o
 .mdebug.abi32  0xa0008d20        0x0 /opt/microchip/xc32/v1.34/pic32mx/lib/libmchp_peripheral_32MX270F256D.a(read_core_timer_lib.o)
 .mdebug.abi32  0xa0008d20        0x0 /opt/microchip/xc32/v1.34/pic32mx/lib/libmchp_peripheral_32MX270F256D.a(int_enable_interrupts_lib.o)
 .mdebug.abi32  0xa0008d20        0x0 /opt/microchip/xc32/v1.34/pic32mx/lib/libmchp_peripheral_32MX270F256D.a(int_disable_interrupts_lib.o)
 .mdebug.abi32  0xa0008d20        0x0 /opt/microchip/xc32/v1.34/pic32mx/lib/libmchp_peripheral_32MX270F256D.a(int_restore_interrupts_lib.o)
 .mdebug.abi32  0xa0008d20        0x0 /opt/microchip/xc32/v1.34/pic32mx/lib/libmchp_peripheral_32MX270F256D.a(int_enable_mv_int_lib.o)
 .mdebug.abi32  0xa0008d20        0x0 /opt/microchip/xc32/v1.34/pic32mx/lib/libmchp_peripheral_32MX270F256D.a(int_tbl_lib.o)
 .mdebug.abi32  0xa0008d20        0x0 /opt/microchip/xc32/v1.34/bin/bin/../../lib/gcc/pic32mx/4.5.2/../../../../pic32mx/lib/libpic32.a(default-bootstrap-exception-handler.o)
 .mdebug.abi32  0xa0008d20        0x0 /opt/microchip/xc32/v1.34/bin/bin/../../lib/gcc/pic32mx/4.5.2/../../../../pic32mx/lib/libpic32.a(default-on-reset.o)
 .mdebug.abi32  0xa0008d20        0x0 /opt/microchip/xc32/v1.34/bin/bin/../../lib/gcc/pic32mx/4.5.2/../../../../pic32mx/lib/libpic32.a(default-on-bootstrap.o)
 .mdebug.abi32  0xa0008d20        0x0 /opt/microchip/xc32/v1.34/bin/bin/../../lib/gcc/pic32mx/4.5.2/../../../../pic32mx/lib/libpic32.a(default-general-exception-handler.o)
 .mdebug.abi32  0xa0008d20        0x0 /opt/microchip/xc32/v1.34/bin/bin/../../lib/gcc/pic32mx/4.5.2/../../../../pic32mx/lib/libc.a(fassert.o)
 .mdebug.abi32  0xa0008d20        0x0 /opt/microchip/xc32/v1.34/bin/bin/../../lib/gcc/pic32mx/4.5.2/../../../../pic32mx/lib/libc.a(malloc.o)
 .mdebug.abi32  0xa0008d20        0x0 /opt/microchip/xc32/v1.34/bin/bin/../../lib/gcc/pic32mx/4.5.2/../../../../pic32mx/lib/libc.a(memmove.o)
 .mdebug.abi32  0xa0008d20        0x0 /opt/microchip/xc32/v1.34/bin/bin/../../lib/gcc/pic32mx/4.5.2/../../../../pic32mx/lib/libc.a(signal.o)
 .mdebug.abi32  0xa0008d20        0x0 /opt/microchip/xc32/v1.34/bin/bin/../../lib/gcc/pic32mx/4.5.2/../../../../pic32mx/lib/libc.a(strchr.o)
 .mdebug.abi32  0xa0008d20        0x0 /opt/microchip/xc32/v1.34/bin/bin/../../lib/gcc/pic32mx/4.5.2/../../../../pic32mx/lib/libc.a(strncpy.o)
 .mdebug.abi32  0xa0008d20        0x0 /opt/microchip/xc32/v1.34/bin/bin/../../lib/gcc/pic32mx/4.5.2/../../../../pic32mx/lib/libc.a(exit.o)
 .mdebug.abi32  0xa0008d20        0x0 /opt/microchip/xc32/v1.34/bin/bin/../../lib/gcc/pic32mx/4.5.2/../../../../pic32mx/lib/libc.a(fprintf_cdnopsuxX.eo)
 .mdebug.abi32  0xa0008d20        0x0 /opt/microchip/xc32/v1.34/bin/bin/../../lib/gcc/pic32mx/4.5.2/../../../../pic32mx/lib/libc.a(_iob.o)
 .mdebug.abi32  0xa0008d20        0x0 /opt/microchip/xc32/v1.34/bin/bin/../../lib/gcc/pic32mx/4.5.2/../../../../pic32mx/lib/libc.a(stdclean_simple.o)
 .mdebug.abi32  0xa0008d20        0x0 /opt/microchip/xc32/v1.34/bin/bin/../../lib/gcc/pic32mx/4.5.2/../../../../pic32mx/lib/libc.a(doprnt_cdnopsuxX.eo)
 .mdebug.abi32  0xa0008d20        0x0 /opt/microchip/xc32/v1.34/bin/bin/../../lib/gcc/pic32mx/4.5.2/../../../../pic32mx/lib/libc.a(_fputc_simple.o)
 .mdebug.abi32  0xa0008d20        0x0 /opt/microchip/xc32/v1.34/bin/bin/../../lib/gcc/pic32mx/4.5.2/../../../../pic32mx/lib/libc.a(ctype.o)
 .mdebug.abi32  0xa0008d20        0x0 /opt/microchip/xc32/v1.34/bin/bin/../../lib/gcc/pic32mx/4.5.2/../../../../pic32mx/lib/libc.a(_flsbuf_simple.o)
 .mdebug.abi32  0xa0008d20        0x0 /opt/microchip/xc32/v1.34/bin/bin/../../lib/gcc/pic32mx/4.5.2/../../../../pic32mx/lib/libpic32.a(sbrk.o)
 .mdebug.abi32  0xa0008d20        0x0 /opt/microchip/xc32/v1.34/bin/bin/../../lib/gcc/pic32mx/4.5.2/../../../../pic32mx/lib/libpic32.a(write.o)
 .mdebug.abi32  0xa0008d20        0x0 /opt/microchip/xc32/v1.34/bin/bin/../../lib/gcc/pic32mx/4.5.2/../../../../pic32mx/lib/libpic32.a(errno.o)
 .mdebug.abi32  0xa0008d20        0x0 /opt/microchip/xc32/v1.34/bin/bin/../../lib/gcc/pic32mx/4.5.2/../../../../pic32mx/lib/libpic32.a(_mon_putc.o)
 .mdebug.abi32  0xa0008d20        0x0 /opt/microchip/xc32/v1.34/bin/bin/../../lib/gcc/pic32mx/4.5.2/../../../../pic32mx/lib/libpic32.a(xc32_uart.o)
 .mdebug.abi32  0xa0008d20        0x0 /opt/microchip/xc32/v1.34/bin/bin/../../lib/gcc/pic32mx/4.5.2/libgcc.a(_udivdi3.o)
 .mdebug.abi32  0xa0008d20        0x0 /opt/microchip/xc32/v1.34/bin/bin/../../lib/gcc/pic32mx/4.5.2/libgcc.a(_umoddi3.o)

.mdebug.abiN32
 *(.mdebug.abiN32)

.mdebug.abi64
 *(.mdebug.abi64)

.mdebug.abiO64
 *(.mdebug.abiO64)

.mdebug.eabi32
 *(.mdebug.eabi32)

.mdebug.eabi64
 *(.mdebug.eabi64)

.gcc_compiled_long32
 *(.gcc_compiled_long32)

.gcc_compiled_long64
 *(.gcc_compiled_long64)

.stab
 *(.stab)

.stabstr
 *(.stabstr)

.stab.excl
 *(.stab.excl)

.stab.exclstr
 *(.stab.exclstr)

.stab.index
 *(.stab.index)

.stab.indexstr
 *(.stab.indexstr)

.comment        0x00000000      0x1c7
 *(.comment)
 .comment       0x00000000       0x3c build/py/mpstate.o
                                 0x3d (size before relaxing)
 .comment       0x00000000       0x3d build/py/nlr.o
 .comment       0x00000000       0x3d build/py/nlrx86.o
 .comment       0x00000000       0x3d build/py/nlrx64.o
 .comment       0x00000000       0x3d build/py/nlrthumb.o
 .comment       0x00000000       0x3d build/py/nlrxtensa.o
 .comment       0x00000000       0x3d build/py/nlrsetjmp.o
 .comment       0x00000000       0x3d build/py/malloc.o
 .comment       0x00000000       0x3d build/py/gc.o
 .comment       0x00000000       0x3d build/py/pystack.o
 .comment       0x00000000       0x3d build/py/qstr.o
 .comment       0x00000000       0x3d build/py/vstr.o
 .comment       0x00000000       0x3d build/py/mpprint.o
 .comment       0x00000000       0x3d build/py/unicode.o
 .comment       0x00000000       0x3d build/py/mpz.o
 .comment       0x00000000       0x3d build/py/reader.o
 .comment       0x00000000       0x3d build/py/lexer.o
 .comment       0x00000000       0x3d build/py/parse.o
 .comment       0x00000000       0x3d build/py/scope.o
 .comment       0x00000000       0x3d build/py/compile.o
 .comment       0x00000000       0x3d build/py/emitcommon.o
 .comment       0x00000000       0x3d build/py/emitbc.o
 .comment       0x00000000       0x3d build/py/asmbase.o
 .comment       0x00000000       0x3d build/py/asmx64.o
 .comment       0x00000000       0x3d build/py/emitnx64.o
 .comment       0x00000000       0x3d build/py/asmx86.o
 .comment       0x00000000       0x3d build/py/emitnx86.o
 .comment       0x00000000       0x3d build/py/asmthumb.o
 .comment       0x00000000       0x3d build/py/emitnthumb.o
 .comment       0x00000000       0x3d build/py/emitinlinethumb.o
 .comment       0x00000000       0x3d build/py/asmarm.o
 .comment       0x00000000       0x3d build/py/emitnarm.o
 .comment       0x00000000       0x3d build/py/asmxtensa.o
 .comment       0x00000000       0x3d build/py/emitnxtensa.o
 .comment       0x00000000       0x3d build/py/emitinlinextensa.o
 .comment       0x00000000       0x3d build/py/formatfloat.o
 .comment       0x00000000       0x3d build/py/parsenumbase.o
 .comment       0x00000000       0x3d build/py/parsenum.o
 .comment       0x00000000       0x3d build/py/emitglue.o
 .comment       0x00000000       0x3d build/py/persistentcode.o
 .comment       0x00000000       0x3d build/py/runtime.o
 .comment       0x00000000       0x3d build/py/runtime_utils.o
 .comment       0x00000000       0x3d build/py/scheduler.o
 .comment       0x00000000       0x3d build/py/nativeglue.o
 .comment       0x00000000       0x3d build/py/stackctrl.o
 .comment       0x00000000       0x3d build/py/argcheck.o
 .comment       0x00000000       0x3d build/py/warning.o
 .comment       0x00000000       0x3d build/py/map.o
 .comment       0x00000000       0x3d build/py/obj.o
 .comment       0x00000000       0x3d build/py/objarray.o
 .comment       0x00000000       0x3d build/py/objattrtuple.o
 .comment       0x00000000       0x3d build/py/objbool.o
 .comment       0x00000000       0x3d build/py/objboundmeth.o
 .comment       0x00000000       0x3d build/py/objcell.o
 .comment       0x00000000       0x3d build/py/objclosure.o
 .comment       0x00000000       0x3d build/py/objcomplex.o
 .comment       0x00000000       0x3d build/py/objdeque.o
 .comment       0x00000000       0x3d build/py/objdict.o
 .comment       0x00000000       0x3d build/py/objenumerate.o
 .comment       0x00000000       0x3d build/py/objexcept.o
 .comment       0x00000000       0x3d build/py/objfilter.o
 .comment       0x00000000       0x3d build/py/objfloat.o
 .comment       0x00000000       0x3d build/py/objfun.o
 .comment       0x00000000       0x3d build/py/objgenerator.o
 .comment       0x00000000       0x3d build/py/objgetitemiter.o
 .comment       0x00000000       0x3d build/py/objint.o
 .comment       0x00000000       0x3d build/py/objint_longlong.o
 .comment       0x00000000       0x3d build/py/objint_mpz.o
 .comment       0x00000000       0x3d build/py/objlist.o
 .comment       0x00000000       0x3d build/py/objmap.o
 .comment       0x00000000       0x3d build/py/objmodule.o
 .comment       0x00000000       0x3d build/py/objobject.o
 .comment       0x00000000       0x3d build/py/objpolyiter.o
 .comment       0x00000000       0x3d build/py/objproperty.o
 .comment       0x00000000       0x3d build/py/objnone.o
 .comment       0x00000000       0x3d build/py/objnamedtuple.o
 .comment       0x00000000       0x3d build/py/objrange.o
 .comment       0x00000000       0x3d build/py/objreversed.o
 .comment       0x00000000       0x3d build/py/objset.o
 .comment       0x00000000       0x3d build/py/objsingleton.o
 .comment       0x00000000       0x3d build/py/objslice.o
 .comment       0x00000000       0x3d build/py/objstr.o
 .comment       0x00000000       0x3d build/py/objstrunicode.o
 .comment       0x00000000       0x3d build/py/objstringio.o
 .comment       0x00000000       0x3d build/py/objtuple.o
 .comment       0x00000000       0x3d build/py/objtype.o
 .comment       0x00000000       0x3d build/py/objzip.o
 .comment       0x00000000       0x3d build/py/opmethods.o
 .comment       0x00000000       0x3d build/py/sequence.o
 .comment       0x00000000       0x3d build/py/stream.o
 .comment       0x00000000       0x3d build/py/binary.o
 .comment       0x00000000       0x3d build/py/builtinimport.o
 .comment       0x00000000       0x3d build/py/builtinevex.o
 .comment       0x00000000       0x3d build/py/builtinhelp.o
 .comment       0x00000000       0x3d build/py/modarray.o
 .comment       0x00000000       0x3d build/py/modbuiltins.o
 .comment       0x00000000       0x3d build/py/modcollections.o
 .comment       0x00000000       0x3d build/py/modgc.o
 .comment       0x00000000       0x3d build/py/modio.o
 .comment       0x00000000       0x3d build/py/modmath.o
 .comment       0x00000000       0x3d build/py/modcmath.o
 .comment       0x00000000       0x3d build/py/modmicropython.o
 .comment       0x00000000       0x3d build/py/modstruct.o
 .comment       0x00000000       0x3d build/py/modsys.o
 .comment       0x00000000       0x3d build/py/moduerrno.o
 .comment       0x00000000       0x3d build/py/modthread.o
 .comment       0x00000000       0x3d build/py/vm.o
 .comment       0x00000000       0x3d build/py/bc.o
 .comment       0x00000000       0x3d build/py/showbc.o
 .comment       0x00000000       0x3d build/py/repl.o
 .comment       0x00000000       0x3d build/py/smallint.o
 .comment       0x00000000       0x3d build/py/frozenmod.o
 .comment       0x00000000       0x3d build/mp_main.o
 .comment       0x00000000       0x3d build/pybadge.o
 .comment       0x00000000       0x3d build/pic32config.o
 .comment       0x00000000       0x3d build/LCDcolor.o
 .comment       0x00000000       0x3d build/S6B33.o
 .comment       0x00000000       0x3d build/badgemain.o
 .comment       0x00000000       0x3d build/fb.o
 .comment       0x00000000       0x3d build/microchip.o
 .comment       0x00000000       0x3d build/assets.o
 .comment       0x00000000       0x3d build/assetList.o
 .comment       0x00000000       0x3d build/badge.o
 .comment       0x00000000       0x3d build/USB/usb_device.o
 .comment       0x00000000       0x3d build/USB/usb_function_cdc.o
 .comment       0x00000000       0x3d build/usb_descriptors.o
 .comment       0x0000003c       0x3c /opt/microchip/xc32/v1.34/pic32mx/lib/libmchp_peripheral_32MX270F256D.a(read_core_timer_lib.o)
                                 0x3d (size before relaxing)
 .comment       0x00000000       0x3d /opt/microchip/xc32/v1.34/pic32mx/lib/libmchp_peripheral_32MX270F256D.a(int_enable_interrupts_lib.o)
 .comment       0x00000000       0x3d /opt/microchip/xc32/v1.34/pic32mx/lib/libmchp_peripheral_32MX270F256D.a(int_disable_interrupts_lib.o)
 .comment       0x00000000       0x3d /opt/microchip/xc32/v1.34/pic32mx/lib/libmchp_peripheral_32MX270F256D.a(int_restore_interrupts_lib.o)
 .comment       0x00000000       0x3d /opt/microchip/xc32/v1.34/pic32mx/lib/libmchp_peripheral_32MX270F256D.a(int_enable_mv_int_lib.o)
 .comment       0x00000000       0x3d /opt/microchip/xc32/v1.34/pic32mx/lib/libmchp_peripheral_32MX270F256D.a(int_tbl_lib.o)
 .comment       0x00000078       0x18 /opt/microchip/xc32/v1.34/bin/bin/../../lib/gcc/pic32mx/4.5.2/../../../../pic32mx/lib/libpic32.a(setjmp.o)
                                 0x19 (size before relaxing)
 .comment       0x00000090       0x18 /opt/microchip/xc32/v1.34/bin/bin/../../lib/gcc/pic32mx/4.5.2/../../../../pic32mx/lib/libpic32.a(memcmp.o)
                                 0x19 (size before relaxing)
 .comment       0x000000a8       0x18 /opt/microchip/xc32/v1.34/bin/bin/../../lib/gcc/pic32mx/4.5.2/../../../../pic32mx/lib/libpic32.a(memset.o)
                                 0x19 (size before relaxing)
 .comment       0x000000c0       0x55 /opt/microchip/xc32/v1.34/bin/bin/../../lib/gcc/pic32mx/4.5.2/../../../../pic32mx/lib/libpic32.a(strcmp.o)
                                 0x56 (size before relaxing)
 .comment       0x00000115       0x19 /opt/microchip/xc32/v1.34/bin/bin/../../lib/gcc/pic32mx/4.5.2/../../../../pic32mx/lib/libpic32.a(strlen.o)
                                 0x1a (size before relaxing)
 .comment       0x00000000       0x3d /opt/microchip/xc32/v1.34/bin/bin/../../lib/gcc/pic32mx/4.5.2/../../../../pic32mx/lib/libpic32.a(default-bootstrap-exception-handler.o)
 .comment       0x00000000       0x3d /opt/microchip/xc32/v1.34/bin/bin/../../lib/gcc/pic32mx/4.5.2/../../../../pic32mx/lib/libpic32.a(default-on-reset.o)
 .comment       0x00000000       0x3d /opt/microchip/xc32/v1.34/bin/bin/../../lib/gcc/pic32mx/4.5.2/../../../../pic32mx/lib/libpic32.a(default-on-bootstrap.o)
 .comment       0x00000000       0x3d /opt/microchip/xc32/v1.34/bin/bin/../../lib/gcc/pic32mx/4.5.2/../../../../pic32mx/lib/libpic32.a(default-general-exception-handler.o)
 .comment       0x00000000       0x3d /opt/microchip/xc32/v1.34/bin/bin/../../lib/gcc/pic32mx/4.5.2/../../../../pic32mx/lib/libc.a(fassert.o)
 .comment       0x00000000       0x3d /opt/microchip/xc32/v1.34/bin/bin/../../lib/gcc/pic32mx/4.5.2/../../../../pic32mx/lib/libc.a(malloc.o)
 .comment       0x00000000       0x3d /opt/microchip/xc32/v1.34/bin/bin/../../lib/gcc/pic32mx/4.5.2/../../../../pic32mx/lib/libc.a(memmove.o)
 .comment       0x00000000       0x3d /opt/microchip/xc32/v1.34/bin/bin/../../lib/gcc/pic32mx/4.5.2/../../../../pic32mx/lib/libc.a(signal.o)
 .comment       0x00000000       0x3d /opt/microchip/xc32/v1.34/bin/bin/../../lib/gcc/pic32mx/4.5.2/../../../../pic32mx/lib/libc.a(strchr.o)
 .comment       0x00000000       0x3d /opt/microchip/xc32/v1.34/bin/bin/../../lib/gcc/pic32mx/4.5.2/../../../../pic32mx/lib/libc.a(strncpy.o)
 .comment       0x00000000       0x3d /opt/microchip/xc32/v1.34/bin/bin/../../lib/gcc/pic32mx/4.5.2/../../../../pic32mx/lib/libc.a(exit.o)
 .comment       0x00000000       0x3d /opt/microchip/xc32/v1.34/bin/bin/../../lib/gcc/pic32mx/4.5.2/../../../../pic32mx/lib/libc.a(fprintf_cdnopsuxX.eo)
 .comment       0x00000000       0x3d /opt/microchip/xc32/v1.34/bin/bin/../../lib/gcc/pic32mx/4.5.2/../../../../pic32mx/lib/libc.a(_iob.o)
 .comment       0x00000000       0x3d /opt/microchip/xc32/v1.34/bin/bin/../../lib/gcc/pic32mx/4.5.2/../../../../pic32mx/lib/libc.a(stdclean_simple.o)
 .comment       0x00000000       0x3d /opt/microchip/xc32/v1.34/bin/bin/../../lib/gcc/pic32mx/4.5.2/../../../../pic32mx/lib/libc.a(doprnt_cdnopsuxX.eo)
 .comment       0x00000000       0x3d /opt/microchip/xc32/v1.34/bin/bin/../../lib/gcc/pic32mx/4.5.2/../../../../pic32mx/lib/libc.a(_fputc_simple.o)
 .comment       0x0000012e       0x4e /opt/microchip/xc32/v1.34/bin/bin/../../lib/gcc/pic32mx/4.5.2/../../../../pic32mx/lib/libc.a(ctype.o)
                                 0x8b (size before relaxing)
 .comment       0x00000000       0x3d /opt/microchip/xc32/v1.34/bin/bin/../../lib/gcc/pic32mx/4.5.2/../../../../pic32mx/lib/libc.a(_flsbuf_simple.o)
 .comment       0x0000017c       0x4b /opt/microchip/xc32/v1.34/bin/bin/../../lib/gcc/pic32mx/4.5.2/../../../../pic32mx/lib/libpic32.a(sbrk.o)
                                 0x88 (size before relaxing)
 .comment       0x00000000       0x3d /opt/microchip/xc32/v1.34/bin/bin/../../lib/gcc/pic32mx/4.5.2/../../../../pic32mx/lib/libpic32.a(write.o)
 .comment       0x00000000       0x3d /opt/microchip/xc32/v1.34/bin/bin/../../lib/gcc/pic32mx/4.5.2/../../../../pic32mx/lib/libpic32.a(errno.o)
 .comment       0x00000000       0x3d /opt/microchip/xc32/v1.34/bin/bin/../../lib/gcc/pic32mx/4.5.2/../../../../pic32mx/lib/libpic32.a(_mon_putc.o)
 .comment       0x00000000       0x3d /opt/microchip/xc32/v1.34/bin/bin/../../lib/gcc/pic32mx/4.5.2/../../../../pic32mx/lib/libpic32.a(xc32_uart.o)
 .comment       0x00000000       0x3d /opt/microchip/xc32/v1.34/bin/bin/../../lib/gcc/pic32mx/4.5.2/libgcc.a(_udivdi3.o)
 .comment       0x00000000       0x3d /opt/microchip/xc32/v1.34/bin/bin/../../lib/gcc/pic32mx/4.5.2/libgcc.a(_umoddi3.o)

.debug
 *(.debug)

.line
 *(.line)

.debug_srcinfo
 *(.debug_srcinfo)

.debug_sfnames
 *(.debug_sfnames)

.debug_aranges  0x00000000      0x3e0
 *(.debug_aranges)
 .debug_aranges
                0x00000000       0x20 /opt/microchip/xc32/v1.34/pic32mx/lib/libmchp_peripheral_32MX270F256D.a(read_core_timer_lib.o)
 .debug_aranges
                0x00000020       0x20 /opt/microchip/xc32/v1.34/pic32mx/lib/libmchp_peripheral_32MX270F256D.a(int_enable_interrupts_lib.o)
 .debug_aranges
                0x00000040       0x20 /opt/microchip/xc32/v1.34/pic32mx/lib/libmchp_peripheral_32MX270F256D.a(int_disable_interrupts_lib.o)
 .debug_aranges
                0x00000060       0x20 /opt/microchip/xc32/v1.34/pic32mx/lib/libmchp_peripheral_32MX270F256D.a(int_restore_interrupts_lib.o)
 .debug_aranges
                0x00000080       0x20 /opt/microchip/xc32/v1.34/pic32mx/lib/libmchp_peripheral_32MX270F256D.a(int_enable_mv_int_lib.o)
 .debug_aranges
                0x000000a0       0x60 /opt/microchip/xc32/v1.34/pic32mx/lib/libmchp_peripheral_32MX270F256D.a(int_tbl_lib.o)
 .debug_aranges
                0x00000100       0x20 /opt/microchip/xc32/v1.34/bin/bin/../../lib/gcc/pic32mx/4.5.2/../../../../pic32mx/lib/libpic32.a(default-bootstrap-exception-handler.o)
 .debug_aranges
                0x00000120       0x20 /opt/microchip/xc32/v1.34/bin/bin/../../lib/gcc/pic32mx/4.5.2/../../../../pic32mx/lib/libpic32.a(default-on-reset.o)
 .debug_aranges
                0x00000140       0x20 /opt/microchip/xc32/v1.34/bin/bin/../../lib/gcc/pic32mx/4.5.2/../../../../pic32mx/lib/libpic32.a(default-on-bootstrap.o)
 .debug_aranges
                0x00000160       0x20 /opt/microchip/xc32/v1.34/bin/bin/../../lib/gcc/pic32mx/4.5.2/../../../../pic32mx/lib/libpic32.a(default-general-exception-handler.o)
 .debug_aranges
                0x00000180       0x20 /opt/microchip/xc32/v1.34/bin/bin/../../lib/gcc/pic32mx/4.5.2/../../../../pic32mx/lib/libc.a(fassert.o)
 .debug_aranges
                0x000001a0       0x30 /opt/microchip/xc32/v1.34/bin/bin/../../lib/gcc/pic32mx/4.5.2/../../../../pic32mx/lib/libc.a(malloc.o)
 .debug_aranges
                0x000001d0       0x20 /opt/microchip/xc32/v1.34/bin/bin/../../lib/gcc/pic32mx/4.5.2/../../../../pic32mx/lib/libc.a(memmove.o)
 .debug_aranges
                0x000001f0       0x30 /opt/microchip/xc32/v1.34/bin/bin/../../lib/gcc/pic32mx/4.5.2/../../../../pic32mx/lib/libc.a(signal.o)
 .debug_aranges
                0x00000220       0x20 /opt/microchip/xc32/v1.34/bin/bin/../../lib/gcc/pic32mx/4.5.2/../../../../pic32mx/lib/libc.a(strchr.o)
 .debug_aranges
                0x00000240       0x20 /opt/microchip/xc32/v1.34/bin/bin/../../lib/gcc/pic32mx/4.5.2/../../../../pic32mx/lib/libc.a(strncpy.o)
 .debug_aranges
                0x00000260       0x20 /opt/microchip/xc32/v1.34/bin/bin/../../lib/gcc/pic32mx/4.5.2/../../../../pic32mx/lib/libc.a(exit.o)
 .debug_aranges
                0x00000280       0x20 /opt/microchip/xc32/v1.34/bin/bin/../../lib/gcc/pic32mx/4.5.2/../../../../pic32mx/lib/libc.a(fprintf_cdnopsuxX.eo)
 .debug_aranges
                0x000002a0       0x20 /opt/microchip/xc32/v1.34/bin/bin/../../lib/gcc/pic32mx/4.5.2/../../../../pic32mx/lib/libc.a(stdclean_simple.o)
 .debug_aranges
                0x000002c0       0x20 /opt/microchip/xc32/v1.34/bin/bin/../../lib/gcc/pic32mx/4.5.2/../../../../pic32mx/lib/libc.a(doprnt_cdnopsuxX.eo)
 .debug_aranges
                0x000002e0       0x20 /opt/microchip/xc32/v1.34/bin/bin/../../lib/gcc/pic32mx/4.5.2/../../../../pic32mx/lib/libc.a(_fputc_simple.o)
 .debug_aranges
                0x00000300       0x20 /opt/microchip/xc32/v1.34/bin/bin/../../lib/gcc/pic32mx/4.5.2/../../../../pic32mx/lib/libc.a(_flsbuf_simple.o)
 .debug_aranges
                0x00000320       0x40 /opt/microchip/xc32/v1.34/bin/bin/../../lib/gcc/pic32mx/4.5.2/../../../../pic32mx/lib/libpic32.a(sbrk.o)
 .debug_aranges
                0x00000360       0x20 /opt/microchip/xc32/v1.34/bin/bin/../../lib/gcc/pic32mx/4.5.2/../../../../pic32mx/lib/libpic32.a(write.o)
 .debug_aranges
                0x00000380       0x20 /opt/microchip/xc32/v1.34/bin/bin/../../lib/gcc/pic32mx/4.5.2/../../../../pic32mx/lib/libpic32.a(_mon_putc.o)
 .debug_aranges
                0x000003a0       0x20 /opt/microchip/xc32/v1.34/bin/bin/../../lib/gcc/pic32mx/4.5.2/libgcc.a(_udivdi3.o)
 .debug_aranges
                0x000003c0       0x20 /opt/microchip/xc32/v1.34/bin/bin/../../lib/gcc/pic32mx/4.5.2/libgcc.a(_umoddi3.o)

.debug_pubnames
                0x00000000      0x4c6
 *(.debug_pubnames)
 .debug_pubnames
                0x00000000       0x24 /opt/microchip/xc32/v1.34/pic32mx/lib/libmchp_peripheral_32MX270F256D.a(read_core_timer_lib.o)
 .debug_pubnames
                0x00000024       0x2a /opt/microchip/xc32/v1.34/pic32mx/lib/libmchp_peripheral_32MX270F256D.a(int_enable_interrupts_lib.o)
 .debug_pubnames
                0x0000004e       0x2b /opt/microchip/xc32/v1.34/pic32mx/lib/libmchp_peripheral_32MX270F256D.a(int_disable_interrupts_lib.o)
 .debug_pubnames
                0x00000079       0x2b /opt/microchip/xc32/v1.34/pic32mx/lib/libmchp_peripheral_32MX270F256D.a(int_restore_interrupts_lib.o)
 .debug_pubnames
                0x000000a4       0x36 /opt/microchip/xc32/v1.34/pic32mx/lib/libmchp_peripheral_32MX270F256D.a(int_enable_mv_int_lib.o)
 .debug_pubnames
                0x000000da       0xca /opt/microchip/xc32/v1.34/pic32mx/lib/libmchp_peripheral_32MX270F256D.a(int_tbl_lib.o)
 .debug_pubnames
                0x000001a4       0x33 /opt/microchip/xc32/v1.34/bin/bin/../../lib/gcc/pic32mx/4.5.2/../../../../pic32mx/lib/libpic32.a(default-bootstrap-exception-handler.o)
 .debug_pubnames
                0x000001d7       0x20 /opt/microchip/xc32/v1.34/bin/bin/../../lib/gcc/pic32mx/4.5.2/../../../../pic32mx/lib/libpic32.a(default-on-reset.o)
 .debug_pubnames
                0x000001f7       0x24 /opt/microchip/xc32/v1.34/bin/bin/../../lib/gcc/pic32mx/4.5.2/../../../../pic32mx/lib/libpic32.a(default-on-bootstrap.o)
 .debug_pubnames
                0x0000021b       0x31 /opt/microchip/xc32/v1.34/bin/bin/../../lib/gcc/pic32mx/4.5.2/../../../../pic32mx/lib/libpic32.a(default-general-exception-handler.o)
 .debug_pubnames
                0x0000024c       0x1f /opt/microchip/xc32/v1.34/bin/bin/../../lib/gcc/pic32mx/4.5.2/../../../../pic32mx/lib/libc.a(fassert.o)
 .debug_pubnames
                0x0000026b       0x32 /opt/microchip/xc32/v1.34/bin/bin/../../lib/gcc/pic32mx/4.5.2/../../../../pic32mx/lib/libc.a(malloc.o)
 .debug_pubnames
                0x0000029d       0x1e /opt/microchip/xc32/v1.34/bin/bin/../../lib/gcc/pic32mx/4.5.2/../../../../pic32mx/lib/libc.a(memmove.o)
 .debug_pubnames
                0x000002bb       0x31 /opt/microchip/xc32/v1.34/bin/bin/../../lib/gcc/pic32mx/4.5.2/../../../../pic32mx/lib/libc.a(signal.o)
 .debug_pubnames
                0x000002ec       0x1d /opt/microchip/xc32/v1.34/bin/bin/../../lib/gcc/pic32mx/4.5.2/../../../../pic32mx/lib/libc.a(strchr.o)
 .debug_pubnames
                0x00000309       0x1e /opt/microchip/xc32/v1.34/bin/bin/../../lib/gcc/pic32mx/4.5.2/../../../../pic32mx/lib/libc.a(strncpy.o)
 .debug_pubnames
                0x00000327       0x1b /opt/microchip/xc32/v1.34/bin/bin/../../lib/gcc/pic32mx/4.5.2/../../../../pic32mx/lib/libc.a(exit.o)
 .debug_pubnames
                0x00000342       0x29 /opt/microchip/xc32/v1.34/bin/bin/../../lib/gcc/pic32mx/4.5.2/../../../../pic32mx/lib/libc.a(fprintf_cdnopsuxX.eo)
 .debug_pubnames
                0x0000036b       0x1f /opt/microchip/xc32/v1.34/bin/bin/../../lib/gcc/pic32mx/4.5.2/../../../../pic32mx/lib/libc.a(stdclean_simple.o)
 .debug_pubnames
                0x0000038a       0x2a /opt/microchip/xc32/v1.34/bin/bin/../../lib/gcc/pic32mx/4.5.2/../../../../pic32mx/lib/libc.a(doprnt_cdnopsuxX.eo)
 .debug_pubnames
                0x000003b4       0x1c /opt/microchip/xc32/v1.34/bin/bin/../../lib/gcc/pic32mx/4.5.2/../../../../pic32mx/lib/libc.a(_fputc_simple.o)
 .debug_pubnames
                0x000003d0       0x1e /opt/microchip/xc32/v1.34/bin/bin/../../lib/gcc/pic32mx/4.5.2/../../../../pic32mx/lib/libc.a(_flsbuf_simple.o)
 .debug_pubnames
                0x000003ee       0x5c /opt/microchip/xc32/v1.34/bin/bin/../../lib/gcc/pic32mx/4.5.2/../../../../pic32mx/lib/libpic32.a(sbrk.o)
 .debug_pubnames
                0x0000044a       0x1c /opt/microchip/xc32/v1.34/bin/bin/../../lib/gcc/pic32mx/4.5.2/../../../../pic32mx/lib/libpic32.a(write.o)
 .debug_pubnames
                0x00000466       0x20 /opt/microchip/xc32/v1.34/bin/bin/../../lib/gcc/pic32mx/4.5.2/../../../../pic32mx/lib/libpic32.a(_mon_putc.o)
 .debug_pubnames
                0x00000486       0x20 /opt/microchip/xc32/v1.34/bin/bin/../../lib/gcc/pic32mx/4.5.2/libgcc.a(_udivdi3.o)
 .debug_pubnames
                0x000004a6       0x20 /opt/microchip/xc32/v1.34/bin/bin/../../lib/gcc/pic32mx/4.5.2/libgcc.a(_umoddi3.o)

.debug_info     0x00000000     0x22ff
 *(.debug_info .gnu.linkonce.wi.*)
 .debug_info    0x00000000       0xaa /opt/microchip/xc32/v1.34/pic32mx/lib/libmchp_peripheral_32MX270F256D.a(read_core_timer_lib.o)
 .debug_info    0x000000aa       0xb4 /opt/microchip/xc32/v1.34/pic32mx/lib/libmchp_peripheral_32MX270F256D.a(int_enable_interrupts_lib.o)
 .debug_info    0x0000015e       0xb6 /opt/microchip/xc32/v1.34/pic32mx/lib/libmchp_peripheral_32MX270F256D.a(int_disable_interrupts_lib.o)
 .debug_info    0x00000214       0xb6 /opt/microchip/xc32/v1.34/pic32mx/lib/libmchp_peripheral_32MX270F256D.a(int_restore_interrupts_lib.o)
 .debug_info    0x000002ca       0xbc /opt/microchip/xc32/v1.34/pic32mx/lib/libmchp_peripheral_32MX270F256D.a(int_enable_mv_int_lib.o)
 .debug_info    0x00000386      0x196 /opt/microchip/xc32/v1.34/pic32mx/lib/libmchp_peripheral_32MX270F256D.a(int_tbl_lib.o)
 .debug_info    0x0000051c       0xe2 /opt/microchip/xc32/v1.34/bin/bin/../../lib/gcc/pic32mx/4.5.2/../../../../pic32mx/lib/libpic32.a(default-bootstrap-exception-handler.o)
 .debug_info    0x000005fe       0xbc /opt/microchip/xc32/v1.34/bin/bin/../../lib/gcc/pic32mx/4.5.2/../../../../pic32mx/lib/libpic32.a(default-on-reset.o)
 .debug_info    0x000006ba       0xc4 /opt/microchip/xc32/v1.34/bin/bin/../../lib/gcc/pic32mx/4.5.2/../../../../pic32mx/lib/libpic32.a(default-on-bootstrap.o)
 .debug_info    0x0000077e       0xde /opt/microchip/xc32/v1.34/bin/bin/../../lib/gcc/pic32mx/4.5.2/../../../../pic32mx/lib/libpic32.a(default-general-exception-handler.o)
 .debug_info    0x0000085c       0xb8 /opt/microchip/xc32/v1.34/bin/bin/../../lib/gcc/pic32mx/4.5.2/../../../../pic32mx/lib/libc.a(fassert.o)
 .debug_info    0x00000914       0xe4 /opt/microchip/xc32/v1.34/bin/bin/../../lib/gcc/pic32mx/4.5.2/../../../../pic32mx/lib/libc.a(malloc.o)
 .debug_info    0x000009f8       0xb7 /opt/microchip/xc32/v1.34/bin/bin/../../lib/gcc/pic32mx/4.5.2/../../../../pic32mx/lib/libc.a(memmove.o)
 .debug_info    0x00000aaf       0xdd /opt/microchip/xc32/v1.34/bin/bin/../../lib/gcc/pic32mx/4.5.2/../../../../pic32mx/lib/libc.a(signal.o)
 .debug_info    0x00000b8c       0xb5 /opt/microchip/xc32/v1.34/bin/bin/../../lib/gcc/pic32mx/4.5.2/../../../../pic32mx/lib/libc.a(strchr.o)
 .debug_info    0x00000c41       0xb7 /opt/microchip/xc32/v1.34/bin/bin/../../lib/gcc/pic32mx/4.5.2/../../../../pic32mx/lib/libc.a(strncpy.o)
 .debug_info    0x00000cf8       0xb1 /opt/microchip/xc32/v1.34/bin/bin/../../lib/gcc/pic32mx/4.5.2/../../../../pic32mx/lib/libc.a(exit.o)
 .debug_info    0x00000da9       0xc2 /opt/microchip/xc32/v1.34/bin/bin/../../lib/gcc/pic32mx/4.5.2/../../../../pic32mx/lib/libc.a(fprintf_cdnopsuxX.eo)
 .debug_info    0x00000e6b        0x0 /opt/microchip/xc32/v1.34/bin/bin/../../lib/gcc/pic32mx/4.5.2/../../../../pic32mx/lib/libc.a(_iob.o)
 .debug_info    0x00000e6b       0xb9 /opt/microchip/xc32/v1.34/bin/bin/../../lib/gcc/pic32mx/4.5.2/../../../../pic32mx/lib/libc.a(stdclean_simple.o)
 .debug_info    0x00000f24       0xc3 /opt/microchip/xc32/v1.34/bin/bin/../../lib/gcc/pic32mx/4.5.2/../../../../pic32mx/lib/libc.a(doprnt_cdnopsuxX.eo)
 .debug_info    0x00000fe7       0xb3 /opt/microchip/xc32/v1.34/bin/bin/../../lib/gcc/pic32mx/4.5.2/../../../../pic32mx/lib/libc.a(_fputc_simple.o)
 .debug_info    0x0000109a        0x0 /opt/microchip/xc32/v1.34/bin/bin/../../lib/gcc/pic32mx/4.5.2/../../../../pic32mx/lib/libc.a(ctype.o)
 .debug_info    0x0000109a       0xb6 /opt/microchip/xc32/v1.34/bin/bin/../../lib/gcc/pic32mx/4.5.2/../../../../pic32mx/lib/libc.a(_flsbuf_simple.o)
 .debug_info    0x00001150      0x115 /opt/microchip/xc32/v1.34/bin/bin/../../lib/gcc/pic32mx/4.5.2/../../../../pic32mx/lib/libpic32.a(sbrk.o)
 .debug_info    0x00001265       0xad /opt/microchip/xc32/v1.34/bin/bin/../../lib/gcc/pic32mx/4.5.2/../../../../pic32mx/lib/libpic32.a(write.o)
 .debug_info    0x00001312        0x0 /opt/microchip/xc32/v1.34/bin/bin/../../lib/gcc/pic32mx/4.5.2/../../../../pic32mx/lib/libpic32.a(errno.o)
 .debug_info    0x00001312       0xb5 /opt/microchip/xc32/v1.34/bin/bin/../../lib/gcc/pic32mx/4.5.2/../../../../pic32mx/lib/libpic32.a(_mon_putc.o)
 .debug_info    0x000013c7        0x0 /opt/microchip/xc32/v1.34/bin/bin/../../lib/gcc/pic32mx/4.5.2/../../../../pic32mx/lib/libpic32.a(xc32_uart.o)
 .debug_info    0x000013c7      0x783 /opt/microchip/xc32/v1.34/bin/bin/../../lib/gcc/pic32mx/4.5.2/libgcc.a(_udivdi3.o)
 .debug_info    0x00001b4a      0x7b5 /opt/microchip/xc32/v1.34/bin/bin/../../lib/gcc/pic32mx/4.5.2/libgcc.a(_umoddi3.o)

.debug_abbrev   0x00000000      0x657
 *(.debug_abbrev)
 .debug_abbrev  0x00000000       0x25 /opt/microchip/xc32/v1.34/pic32mx/lib/libmchp_peripheral_32MX270F256D.a(read_core_timer_lib.o)
 .debug_abbrev  0x00000025       0x25 /opt/microchip/xc32/v1.34/pic32mx/lib/libmchp_peripheral_32MX270F256D.a(int_enable_interrupts_lib.o)
 .debug_abbrev  0x0000004a       0x25 /opt/microchip/xc32/v1.34/pic32mx/lib/libmchp_peripheral_32MX270F256D.a(int_disable_interrupts_lib.o)
 .debug_abbrev  0x0000006f       0x25 /opt/microchip/xc32/v1.34/pic32mx/lib/libmchp_peripheral_32MX270F256D.a(int_restore_interrupts_lib.o)
 .debug_abbrev  0x00000094       0x25 /opt/microchip/xc32/v1.34/pic32mx/lib/libmchp_peripheral_32MX270F256D.a(int_enable_mv_int_lib.o)
 .debug_abbrev  0x000000b9       0x25 /opt/microchip/xc32/v1.34/pic32mx/lib/libmchp_peripheral_32MX270F256D.a(int_tbl_lib.o)
 .debug_abbrev  0x000000de       0x25 /opt/microchip/xc32/v1.34/bin/bin/../../lib/gcc/pic32mx/4.5.2/../../../../pic32mx/lib/libpic32.a(default-bootstrap-exception-handler.o)
 .debug_abbrev  0x00000103       0x25 /opt/microchip/xc32/v1.34/bin/bin/../../lib/gcc/pic32mx/4.5.2/../../../../pic32mx/lib/libpic32.a(default-on-reset.o)
 .debug_abbrev  0x00000128       0x25 /opt/microchip/xc32/v1.34/bin/bin/../../lib/gcc/pic32mx/4.5.2/../../../../pic32mx/lib/libpic32.a(default-on-bootstrap.o)
 .debug_abbrev  0x0000014d       0x25 /opt/microchip/xc32/v1.34/bin/bin/../../lib/gcc/pic32mx/4.5.2/../../../../pic32mx/lib/libpic32.a(default-general-exception-handler.o)
 .debug_abbrev  0x00000172       0x25 /opt/microchip/xc32/v1.34/bin/bin/../../lib/gcc/pic32mx/4.5.2/../../../../pic32mx/lib/libc.a(fassert.o)
 .debug_abbrev  0x00000197       0x41 /opt/microchip/xc32/v1.34/bin/bin/../../lib/gcc/pic32mx/4.5.2/../../../../pic32mx/lib/libc.a(malloc.o)
 .debug_abbrev  0x000001d8       0x25 /opt/microchip/xc32/v1.34/bin/bin/../../lib/gcc/pic32mx/4.5.2/../../../../pic32mx/lib/libc.a(memmove.o)
 .debug_abbrev  0x000001fd       0x25 /opt/microchip/xc32/v1.34/bin/bin/../../lib/gcc/pic32mx/4.5.2/../../../../pic32mx/lib/libc.a(signal.o)
 .debug_abbrev  0x00000222       0x25 /opt/microchip/xc32/v1.34/bin/bin/../../lib/gcc/pic32mx/4.5.2/../../../../pic32mx/lib/libc.a(strchr.o)
 .debug_abbrev  0x00000247       0x25 /opt/microchip/xc32/v1.34/bin/bin/../../lib/gcc/pic32mx/4.5.2/../../../../pic32mx/lib/libc.a(strncpy.o)
 .debug_abbrev  0x0000026c       0x25 /opt/microchip/xc32/v1.34/bin/bin/../../lib/gcc/pic32mx/4.5.2/../../../../pic32mx/lib/libc.a(exit.o)
 .debug_abbrev  0x00000291       0x25 /opt/microchip/xc32/v1.34/bin/bin/../../lib/gcc/pic32mx/4.5.2/../../../../pic32mx/lib/libc.a(fprintf_cdnopsuxX.eo)
 .debug_abbrev  0x000002b6        0x1 /opt/microchip/xc32/v1.34/bin/bin/../../lib/gcc/pic32mx/4.5.2/../../../../pic32mx/lib/libc.a(_iob.o)
 .debug_abbrev  0x000002b7       0x25 /opt/microchip/xc32/v1.34/bin/bin/../../lib/gcc/pic32mx/4.5.2/../../../../pic32mx/lib/libc.a(stdclean_simple.o)
 .debug_abbrev  0x000002dc       0x25 /opt/microchip/xc32/v1.34/bin/bin/../../lib/gcc/pic32mx/4.5.2/../../../../pic32mx/lib/libc.a(doprnt_cdnopsuxX.eo)
 .debug_abbrev  0x00000301       0x25 /opt/microchip/xc32/v1.34/bin/bin/../../lib/gcc/pic32mx/4.5.2/../../../../pic32mx/lib/libc.a(_fputc_simple.o)
 .debug_abbrev  0x00000326        0x1 /opt/microchip/xc32/v1.34/bin/bin/../../lib/gcc/pic32mx/4.5.2/../../../../pic32mx/lib/libc.a(ctype.o)
 .debug_abbrev  0x00000327       0x25 /opt/microchip/xc32/v1.34/bin/bin/../../lib/gcc/pic32mx/4.5.2/../../../../pic32mx/lib/libc.a(_flsbuf_simple.o)
 .debug_abbrev  0x0000034c       0x38 /opt/microchip/xc32/v1.34/bin/bin/../../lib/gcc/pic32mx/4.5.2/../../../../pic32mx/lib/libpic32.a(sbrk.o)
 .debug_abbrev  0x00000384       0x25 /opt/microchip/xc32/v1.34/bin/bin/../../lib/gcc/pic32mx/4.5.2/../../../../pic32mx/lib/libpic32.a(write.o)
 .debug_abbrev  0x000003a9        0x1 /opt/microchip/xc32/v1.34/bin/bin/../../lib/gcc/pic32mx/4.5.2/../../../../pic32mx/lib/libpic32.a(errno.o)
 .debug_abbrev  0x000003aa       0x25 /opt/microchip/xc32/v1.34/bin/bin/../../lib/gcc/pic32mx/4.5.2/../../../../pic32mx/lib/libpic32.a(_mon_putc.o)
 .debug_abbrev  0x000003cf        0x1 /opt/microchip/xc32/v1.34/bin/bin/../../lib/gcc/pic32mx/4.5.2/../../../../pic32mx/lib/libpic32.a(xc32_uart.o)
 .debug_abbrev  0x000003d0      0x13d /opt/microchip/xc32/v1.34/bin/bin/../../lib/gcc/pic32mx/4.5.2/libgcc.a(_udivdi3.o)
 .debug_abbrev  0x0000050d      0x14a /opt/microchip/xc32/v1.34/bin/bin/../../lib/gcc/pic32mx/4.5.2/libgcc.a(_umoddi3.o)

.debug_line     0x00000000      0xe3e
 *(.debug_line)
 .debug_line    0x00000000       0x6e /opt/microchip/xc32/v1.34/pic32mx/lib/libmchp_peripheral_32MX270F256D.a(read_core_timer_lib.o)
 .debug_line    0x0000006e       0x72 /opt/microchip/xc32/v1.34/pic32mx/lib/libmchp_peripheral_32MX270F256D.a(int_enable_interrupts_lib.o)
 .debug_line    0x000000e0       0x73 /opt/microchip/xc32/v1.34/pic32mx/lib/libmchp_peripheral_32MX270F256D.a(int_disable_interrupts_lib.o)
 .debug_line    0x00000153       0x73 /opt/microchip/xc32/v1.34/pic32mx/lib/libmchp_peripheral_32MX270F256D.a(int_restore_interrupts_lib.o)
 .debug_line    0x000001c6       0x6e /opt/microchip/xc32/v1.34/pic32mx/lib/libmchp_peripheral_32MX270F256D.a(int_enable_mv_int_lib.o)
 .debug_line    0x00000234       0x64 /opt/microchip/xc32/v1.34/pic32mx/lib/libmchp_peripheral_32MX270F256D.a(int_tbl_lib.o)
 .debug_line    0x00000298       0x97 /opt/microchip/xc32/v1.34/bin/bin/../../lib/gcc/pic32mx/4.5.2/../../../../pic32mx/lib/libpic32.a(default-bootstrap-exception-handler.o)
 .debug_line    0x0000032f       0x84 /opt/microchip/xc32/v1.34/bin/bin/../../lib/gcc/pic32mx/4.5.2/../../../../pic32mx/lib/libpic32.a(default-on-reset.o)
 .debug_line    0x000003b3       0x88 /opt/microchip/xc32/v1.34/bin/bin/../../lib/gcc/pic32mx/4.5.2/../../../../pic32mx/lib/libpic32.a(default-on-bootstrap.o)
 .debug_line    0x0000043b       0x95 /opt/microchip/xc32/v1.34/bin/bin/../../lib/gcc/pic32mx/4.5.2/../../../../pic32mx/lib/libpic32.a(default-general-exception-handler.o)
 .debug_line    0x000004d0       0x71 /opt/microchip/xc32/v1.34/bin/bin/../../lib/gcc/pic32mx/4.5.2/../../../../pic32mx/lib/libc.a(fassert.o)
 .debug_line    0x00000541       0x70 /opt/microchip/xc32/v1.34/bin/bin/../../lib/gcc/pic32mx/4.5.2/../../../../pic32mx/lib/libc.a(malloc.o)
 .debug_line    0x000005b1       0x71 /opt/microchip/xc32/v1.34/bin/bin/../../lib/gcc/pic32mx/4.5.2/../../../../pic32mx/lib/libc.a(memmove.o)
 .debug_line    0x00000622       0x70 /opt/microchip/xc32/v1.34/bin/bin/../../lib/gcc/pic32mx/4.5.2/../../../../pic32mx/lib/libc.a(signal.o)
 .debug_line    0x00000692       0x70 /opt/microchip/xc32/v1.34/bin/bin/../../lib/gcc/pic32mx/4.5.2/../../../../pic32mx/lib/libc.a(strchr.o)
 .debug_line    0x00000702       0x71 /opt/microchip/xc32/v1.34/bin/bin/../../lib/gcc/pic32mx/4.5.2/../../../../pic32mx/lib/libc.a(strncpy.o)
 .debug_line    0x00000773       0x6e /opt/microchip/xc32/v1.34/bin/bin/../../lib/gcc/pic32mx/4.5.2/../../../../pic32mx/lib/libc.a(exit.o)
 .debug_line    0x000007e1       0x71 /opt/microchip/xc32/v1.34/bin/bin/../../lib/gcc/pic32mx/4.5.2/../../../../pic32mx/lib/libc.a(fprintf_cdnopsuxX.eo)
 .debug_line    0x00000852        0x0 /opt/microchip/xc32/v1.34/bin/bin/../../lib/gcc/pic32mx/4.5.2/../../../../pic32mx/lib/libc.a(_iob.o)
 .debug_line    0x00000852       0x72 /opt/microchip/xc32/v1.34/bin/bin/../../lib/gcc/pic32mx/4.5.2/../../../../pic32mx/lib/libc.a(stdclean_simple.o)
 .debug_line    0x000008c4       0x70 /opt/microchip/xc32/v1.34/bin/bin/../../lib/gcc/pic32mx/4.5.2/../../../../pic32mx/lib/libc.a(doprnt_cdnopsuxX.eo)
 .debug_line    0x00000934       0x6f /opt/microchip/xc32/v1.34/bin/bin/../../lib/gcc/pic32mx/4.5.2/../../../../pic32mx/lib/libc.a(_fputc_simple.o)
 .debug_line    0x000009a3        0x0 /opt/microchip/xc32/v1.34/bin/bin/../../lib/gcc/pic32mx/4.5.2/../../../../pic32mx/lib/libc.a(ctype.o)
 .debug_line    0x000009a3       0x70 /opt/microchip/xc32/v1.34/bin/bin/../../lib/gcc/pic32mx/4.5.2/../../../../pic32mx/lib/libc.a(_flsbuf_simple.o)
 .debug_line    0x00000a13       0x78 /opt/microchip/xc32/v1.34/bin/bin/../../lib/gcc/pic32mx/4.5.2/../../../../pic32mx/lib/libpic32.a(sbrk.o)
 .debug_line    0x00000a8b       0x79 /opt/microchip/xc32/v1.34/bin/bin/../../lib/gcc/pic32mx/4.5.2/../../../../pic32mx/lib/libpic32.a(write.o)
 .debug_line    0x00000b04        0x0 /opt/microchip/xc32/v1.34/bin/bin/../../lib/gcc/pic32mx/4.5.2/../../../../pic32mx/lib/libpic32.a(errno.o)
 .debug_line    0x00000b04       0x7d /opt/microchip/xc32/v1.34/bin/bin/../../lib/gcc/pic32mx/4.5.2/../../../../pic32mx/lib/libpic32.a(_mon_putc.o)
 .debug_line    0x00000b81        0x0 /opt/microchip/xc32/v1.34/bin/bin/../../lib/gcc/pic32mx/4.5.2/../../../../pic32mx/lib/libpic32.a(xc32_uart.o)
 .debug_line    0x00000b81      0x16f /opt/microchip/xc32/v1.34/bin/bin/../../lib/gcc/pic32mx/4.5.2/libgcc.a(_udivdi3.o)
 .debug_line    0x00000cf0      0x14e /opt/microchip/xc32/v1.34/bin/bin/../../lib/gcc/pic32mx/4.5.2/libgcc.a(_umoddi3.o)

.debug_frame    0x00000000      0x52c
 *(.debug_frame)
 .debug_frame   0x00000000       0x20 /opt/microchip/xc32/v1.34/pic32mx/lib/libmchp_peripheral_32MX270F256D.a(read_core_timer_lib.o)
 .debug_frame   0x00000020       0x20 /opt/microchip/xc32/v1.34/pic32mx/lib/libmchp_peripheral_32MX270F256D.a(int_enable_interrupts_lib.o)
 .debug_frame   0x00000040       0x20 /opt/microchip/xc32/v1.34/pic32mx/lib/libmchp_peripheral_32MX270F256D.a(int_disable_interrupts_lib.o)
 .debug_frame   0x00000060       0x20 /opt/microchip/xc32/v1.34/pic32mx/lib/libmchp_peripheral_32MX270F256D.a(int_restore_interrupts_lib.o)
 .debug_frame   0x00000080       0x28 /opt/microchip/xc32/v1.34/pic32mx/lib/libmchp_peripheral_32MX270F256D.a(int_enable_mv_int_lib.o)
 .debug_frame   0x000000a8       0xa0 /opt/microchip/xc32/v1.34/pic32mx/lib/libmchp_peripheral_32MX270F256D.a(int_tbl_lib.o)
 .debug_frame   0x00000148       0x28 /opt/microchip/xc32/v1.34/bin/bin/../../lib/gcc/pic32mx/4.5.2/../../../../pic32mx/lib/libpic32.a(default-bootstrap-exception-handler.o)
 .debug_frame   0x00000170       0x20 /opt/microchip/xc32/v1.34/bin/bin/../../lib/gcc/pic32mx/4.5.2/../../../../pic32mx/lib/libpic32.a(default-on-reset.o)
 .debug_frame   0x00000190       0x20 /opt/microchip/xc32/v1.34/bin/bin/../../lib/gcc/pic32mx/4.5.2/../../../../pic32mx/lib/libpic32.a(default-on-bootstrap.o)
 .debug_frame   0x000001b0       0x28 /opt/microchip/xc32/v1.34/bin/bin/../../lib/gcc/pic32mx/4.5.2/../../../../pic32mx/lib/libpic32.a(default-general-exception-handler.o)
 .debug_frame   0x000001d8       0x28 /opt/microchip/xc32/v1.34/bin/bin/../../lib/gcc/pic32mx/4.5.2/../../../../pic32mx/lib/libc.a(fassert.o)
 .debug_frame   0x00000200       0x6c /opt/microchip/xc32/v1.34/bin/bin/../../lib/gcc/pic32mx/4.5.2/../../../../pic32mx/lib/libc.a(malloc.o)
 .debug_frame   0x0000026c       0x20 /opt/microchip/xc32/v1.34/bin/bin/../../lib/gcc/pic32mx/4.5.2/../../../../pic32mx/lib/libc.a(memmove.o)
 .debug_frame   0x0000028c       0x50 /opt/microchip/xc32/v1.34/bin/bin/../../lib/gcc/pic32mx/4.5.2/../../../../pic32mx/lib/libc.a(signal.o)
 .debug_frame   0x000002dc       0x20 /opt/microchip/xc32/v1.34/bin/bin/../../lib/gcc/pic32mx/4.5.2/../../../../pic32mx/lib/libc.a(strchr.o)
 .debug_frame   0x000002fc       0x20 /opt/microchip/xc32/v1.34/bin/bin/../../lib/gcc/pic32mx/4.5.2/../../../../pic32mx/lib/libc.a(strncpy.o)
 .debug_frame   0x0000031c       0x28 /opt/microchip/xc32/v1.34/bin/bin/../../lib/gcc/pic32mx/4.5.2/../../../../pic32mx/lib/libc.a(exit.o)
 .debug_frame   0x00000344       0x28 /opt/microchip/xc32/v1.34/bin/bin/../../lib/gcc/pic32mx/4.5.2/../../../../pic32mx/lib/libc.a(fprintf_cdnopsuxX.eo)
 .debug_frame   0x0000036c       0x20 /opt/microchip/xc32/v1.34/bin/bin/../../lib/gcc/pic32mx/4.5.2/../../../../pic32mx/lib/libc.a(stdclean_simple.o)
 .debug_frame   0x0000038c       0x38 /opt/microchip/xc32/v1.34/bin/bin/../../lib/gcc/pic32mx/4.5.2/../../../../pic32mx/lib/libc.a(doprnt_cdnopsuxX.eo)
 .debug_frame   0x000003c4       0x2c /opt/microchip/xc32/v1.34/bin/bin/../../lib/gcc/pic32mx/4.5.2/../../../../pic32mx/lib/libc.a(_fputc_simple.o)
 .debug_frame   0x000003f0       0x28 /opt/microchip/xc32/v1.34/bin/bin/../../lib/gcc/pic32mx/4.5.2/../../../../pic32mx/lib/libc.a(_flsbuf_simple.o)
 .debug_frame   0x00000418       0x8c /opt/microchip/xc32/v1.34/bin/bin/../../lib/gcc/pic32mx/4.5.2/../../../../pic32mx/lib/libpic32.a(sbrk.o)
 .debug_frame   0x000004a4       0x28 /opt/microchip/xc32/v1.34/bin/bin/../../lib/gcc/pic32mx/4.5.2/../../../../pic32mx/lib/libpic32.a(write.o)
 .debug_frame   0x000004cc       0x20 /opt/microchip/xc32/v1.34/bin/bin/../../lib/gcc/pic32mx/4.5.2/../../../../pic32mx/lib/libpic32.a(_mon_putc.o)
 .debug_frame   0x000004ec       0x20 /opt/microchip/xc32/v1.34/bin/bin/../../lib/gcc/pic32mx/4.5.2/libgcc.a(_udivdi3.o)
 .debug_frame   0x0000050c       0x20 /opt/microchip/xc32/v1.34/bin/bin/../../lib/gcc/pic32mx/4.5.2/libgcc.a(_umoddi3.o)

.debug_str      0x00000000        0x0
 *(.debug_str)
 .debug_str     0x00000000        0x0 /opt/microchip/xc32/v1.34/pic32mx/lib/libmchp_peripheral_32MX270F256D.a(read_core_timer_lib.o)
 .debug_str     0x00000000        0x0 /opt/microchip/xc32/v1.34/pic32mx/lib/libmchp_peripheral_32MX270F256D.a(int_enable_interrupts_lib.o)
 .debug_str     0x00000000        0x0 /opt/microchip/xc32/v1.34/pic32mx/lib/libmchp_peripheral_32MX270F256D.a(int_disable_interrupts_lib.o)
 .debug_str     0x00000000        0x0 /opt/microchip/xc32/v1.34/pic32mx/lib/libmchp_peripheral_32MX270F256D.a(int_restore_interrupts_lib.o)
 .debug_str     0x00000000        0x0 /opt/microchip/xc32/v1.34/pic32mx/lib/libmchp_peripheral_32MX270F256D.a(int_enable_mv_int_lib.o)
 .debug_str     0x00000000        0x0 /opt/microchip/xc32/v1.34/pic32mx/lib/libmchp_peripheral_32MX270F256D.a(int_tbl_lib.o)
 .debug_str     0x00000000        0x0 /opt/microchip/xc32/v1.34/bin/bin/../../lib/gcc/pic32mx/4.5.2/../../../../pic32mx/lib/libpic32.a(default-bootstrap-exception-handler.o)
 .debug_str     0x00000000        0x0 /opt/microchip/xc32/v1.34/bin/bin/../../lib/gcc/pic32mx/4.5.2/../../../../pic32mx/lib/libpic32.a(default-on-reset.o)
 .debug_str     0x00000000        0x0 /opt/microchip/xc32/v1.34/bin/bin/../../lib/gcc/pic32mx/4.5.2/../../../../pic32mx/lib/libpic32.a(default-on-bootstrap.o)
 .debug_str     0x00000000        0x0 /opt/microchip/xc32/v1.34/bin/bin/../../lib/gcc/pic32mx/4.5.2/../../../../pic32mx/lib/libpic32.a(default-general-exception-handler.o)
 .debug_str     0x00000000        0x0 /opt/microchip/xc32/v1.34/bin/bin/../../lib/gcc/pic32mx/4.5.2/../../../../pic32mx/lib/libc.a(fassert.o)
 .debug_str     0x00000000        0x0 /opt/microchip/xc32/v1.34/bin/bin/../../lib/gcc/pic32mx/4.5.2/../../../../pic32mx/lib/libc.a(malloc.o)
 .debug_str     0x00000000        0x0 /opt/microchip/xc32/v1.34/bin/bin/../../lib/gcc/pic32mx/4.5.2/../../../../pic32mx/lib/libc.a(memmove.o)
 .debug_str     0x00000000        0x0 /opt/microchip/xc32/v1.34/bin/bin/../../lib/gcc/pic32mx/4.5.2/../../../../pic32mx/lib/libc.a(signal.o)
 .debug_str     0x00000000        0x0 /opt/microchip/xc32/v1.34/bin/bin/../../lib/gcc/pic32mx/4.5.2/../../../../pic32mx/lib/libc.a(strchr.o)
 .debug_str     0x00000000        0x0 /opt/microchip/xc32/v1.34/bin/bin/../../lib/gcc/pic32mx/4.5.2/../../../../pic32mx/lib/libc.a(strncpy.o)
 .debug_str     0x00000000        0x0 /opt/microchip/xc32/v1.34/bin/bin/../../lib/gcc/pic32mx/4.5.2/../../../../pic32mx/lib/libc.a(exit.o)
 .debug_str     0x00000000        0x0 /opt/microchip/xc32/v1.34/bin/bin/../../lib/gcc/pic32mx/4.5.2/../../../../pic32mx/lib/libc.a(fprintf_cdnopsuxX.eo)
 .debug_str     0x00000000        0x0 /opt/microchip/xc32/v1.34/bin/bin/../../lib/gcc/pic32mx/4.5.2/../../../../pic32mx/lib/libc.a(_iob.o)
 .debug_str     0x00000000        0x0 /opt/microchip/xc32/v1.34/bin/bin/../../lib/gcc/pic32mx/4.5.2/../../../../pic32mx/lib/libc.a(stdclean_simple.o)
 .debug_str     0x00000000        0x0 /opt/microchip/xc32/v1.34/bin/bin/../../lib/gcc/pic32mx/4.5.2/../../../../pic32mx/lib/libc.a(doprnt_cdnopsuxX.eo)
 .debug_str     0x00000000        0x0 /opt/microchip/xc32/v1.34/bin/bin/../../lib/gcc/pic32mx/4.5.2/../../../../pic32mx/lib/libc.a(_fputc_simple.o)
 .debug_str     0x00000000        0x0 /opt/microchip/xc32/v1.34/bin/bin/../../lib/gcc/pic32mx/4.5.2/../../../../pic32mx/lib/libc.a(ctype.o)
 .debug_str     0x00000000        0x0 /opt/microchip/xc32/v1.34/bin/bin/../../lib/gcc/pic32mx/4.5.2/../../../../pic32mx/lib/libc.a(_flsbuf_simple.o)
 .debug_str     0x00000000        0x0 /opt/microchip/xc32/v1.34/bin/bin/../../lib/gcc/pic32mx/4.5.2/../../../../pic32mx/lib/libpic32.a(sbrk.o)
 .debug_str     0x00000000        0x0 /opt/microchip/xc32/v1.34/bin/bin/../../lib/gcc/pic32mx/4.5.2/../../../../pic32mx/lib/libpic32.a(write.o)
 .debug_str     0x00000000        0x0 /opt/microchip/xc32/v1.34/bin/bin/../../lib/gcc/pic32mx/4.5.2/../../../../pic32mx/lib/libpic32.a(errno.o)
 .debug_str     0x00000000        0x0 /opt/microchip/xc32/v1.34/bin/bin/../../lib/gcc/pic32mx/4.5.2/../../../../pic32mx/lib/libpic32.a(_mon_putc.o)
 .debug_str     0x00000000        0x0 /opt/microchip/xc32/v1.34/bin/bin/../../lib/gcc/pic32mx/4.5.2/../../../../pic32mx/lib/libpic32.a(xc32_uart.o)
 .debug_str     0x00000000        0x0 /opt/microchip/xc32/v1.34/bin/bin/../../lib/gcc/pic32mx/4.5.2/libgcc.a(_udivdi3.o)
 .debug_str     0x00000000        0x0 /opt/microchip/xc32/v1.34/bin/bin/../../lib/gcc/pic32mx/4.5.2/libgcc.a(_umoddi3.o)

.debug_loc      0x00000000     0x13fc
 *(.debug_loc)
 .debug_loc     0x00000000      0xa62 /opt/microchip/xc32/v1.34/bin/bin/../../lib/gcc/pic32mx/4.5.2/libgcc.a(_udivdi3.o)
 .debug_loc     0x00000a62      0x99a /opt/microchip/xc32/v1.34/bin/bin/../../lib/gcc/pic32mx/4.5.2/libgcc.a(_umoddi3.o)

.debug_macinfo
 *(.debug_macinfo)

.debug_weaknames
 *(.debug_weaknames)

.debug_funcnames
 *(.debug_funcnames)

.debug_typenames
 *(.debug_typenames)

.debug_varnames
 *(.debug_varnames)

.debug_pubtypes
                0x00000000       0xb2
 *(.debug_pubtypes)
 .debug_pubtypes
                0x00000000       0x59 /opt/microchip/xc32/v1.34/bin/bin/../../lib/gcc/pic32mx/4.5.2/libgcc.a(_udivdi3.o)
 .debug_pubtypes
                0x00000059       0x59 /opt/microchip/xc32/v1.34/bin/bin/../../lib/gcc/pic32mx/4.5.2/libgcc.a(_umoddi3.o)

.debug_ranges   0x00000000      0x3d8
 *(.debug_ranges)
 .debug_ranges  0x00000000       0x10 /opt/microchip/xc32/v1.34/pic32mx/lib/libmchp_peripheral_32MX270F256D.a(read_core_timer_lib.o)
 .debug_ranges  0x00000010       0x10 /opt/microchip/xc32/v1.34/pic32mx/lib/libmchp_peripheral_32MX270F256D.a(int_enable_interrupts_lib.o)
 .debug_ranges  0x00000020       0x10 /opt/microchip/xc32/v1.34/pic32mx/lib/libmchp_peripheral_32MX270F256D.a(int_disable_interrupts_lib.o)
 .debug_ranges  0x00000030       0x10 /opt/microchip/xc32/v1.34/pic32mx/lib/libmchp_peripheral_32MX270F256D.a(int_restore_interrupts_lib.o)
 .debug_ranges  0x00000040       0x10 /opt/microchip/xc32/v1.34/pic32mx/lib/libmchp_peripheral_32MX270F256D.a(int_enable_mv_int_lib.o)
 .debug_ranges  0x00000050       0x50 /opt/microchip/xc32/v1.34/pic32mx/lib/libmchp_peripheral_32MX270F256D.a(int_tbl_lib.o)
 .debug_ranges  0x000000a0       0x10 /opt/microchip/xc32/v1.34/bin/bin/../../lib/gcc/pic32mx/4.5.2/../../../../pic32mx/lib/libpic32.a(default-bootstrap-exception-handler.o)
 .debug_ranges  0x000000b0       0x10 /opt/microchip/xc32/v1.34/bin/bin/../../lib/gcc/pic32mx/4.5.2/../../../../pic32mx/lib/libpic32.a(default-on-reset.o)
 .debug_ranges  0x000000c0       0x10 /opt/microchip/xc32/v1.34/bin/bin/../../lib/gcc/pic32mx/4.5.2/../../../../pic32mx/lib/libpic32.a(default-on-bootstrap.o)
 .debug_ranges  0x000000d0       0x10 /opt/microchip/xc32/v1.34/bin/bin/../../lib/gcc/pic32mx/4.5.2/../../../../pic32mx/lib/libpic32.a(default-general-exception-handler.o)
 .debug_ranges  0x000000e0       0x10 /opt/microchip/xc32/v1.34/bin/bin/../../lib/gcc/pic32mx/4.5.2/../../../../pic32mx/lib/libc.a(fassert.o)
 .debug_ranges  0x000000f0       0x20 /opt/microchip/xc32/v1.34/bin/bin/../../lib/gcc/pic32mx/4.5.2/../../../../pic32mx/lib/libc.a(malloc.o)
 .debug_ranges  0x00000110       0x10 /opt/microchip/xc32/v1.34/bin/bin/../../lib/gcc/pic32mx/4.5.2/../../../../pic32mx/lib/libc.a(memmove.o)
 .debug_ranges  0x00000120       0x20 /opt/microchip/xc32/v1.34/bin/bin/../../lib/gcc/pic32mx/4.5.2/../../../../pic32mx/lib/libc.a(signal.o)
 .debug_ranges  0x00000140       0x10 /opt/microchip/xc32/v1.34/bin/bin/../../lib/gcc/pic32mx/4.5.2/../../../../pic32mx/lib/libc.a(strchr.o)
 .debug_ranges  0x00000150       0x10 /opt/microchip/xc32/v1.34/bin/bin/../../lib/gcc/pic32mx/4.5.2/../../../../pic32mx/lib/libc.a(strncpy.o)
 .debug_ranges  0x00000160       0x10 /opt/microchip/xc32/v1.34/bin/bin/../../lib/gcc/pic32mx/4.5.2/../../../../pic32mx/lib/libc.a(exit.o)
 .debug_ranges  0x00000170       0x10 /opt/microchip/xc32/v1.34/bin/bin/../../lib/gcc/pic32mx/4.5.2/../../../../pic32mx/lib/libc.a(fprintf_cdnopsuxX.eo)
 .debug_ranges  0x00000180       0x10 /opt/microchip/xc32/v1.34/bin/bin/../../lib/gcc/pic32mx/4.5.2/../../../../pic32mx/lib/libc.a(stdclean_simple.o)
 .debug_ranges  0x00000190       0x10 /opt/microchip/xc32/v1.34/bin/bin/../../lib/gcc/pic32mx/4.5.2/../../../../pic32mx/lib/libc.a(doprnt_cdnopsuxX.eo)
 .debug_ranges  0x000001a0       0x10 /opt/microchip/xc32/v1.34/bin/bin/../../lib/gcc/pic32mx/4.5.2/../../../../pic32mx/lib/libc.a(_fputc_simple.o)
 .debug_ranges  0x000001b0       0x10 /opt/microchip/xc32/v1.34/bin/bin/../../lib/gcc/pic32mx/4.5.2/../../../../pic32mx/lib/libc.a(_flsbuf_simple.o)
 .debug_ranges  0x000001c0       0x30 /opt/microchip/xc32/v1.34/bin/bin/../../lib/gcc/pic32mx/4.5.2/../../../../pic32mx/lib/libpic32.a(sbrk.o)
 .debug_ranges  0x000001f0       0x10 /opt/microchip/xc32/v1.34/bin/bin/../../lib/gcc/pic32mx/4.5.2/../../../../pic32mx/lib/libpic32.a(write.o)
 .debug_ranges  0x00000200       0x10 /opt/microchip/xc32/v1.34/bin/bin/../../lib/gcc/pic32mx/4.5.2/../../../../pic32mx/lib/libpic32.a(_mon_putc.o)
 .debug_ranges  0x00000210       0xe8 /opt/microchip/xc32/v1.34/bin/bin/../../lib/gcc/pic32mx/4.5.2/libgcc.a(_udivdi3.o)
 .debug_ranges  0x000002f8       0xe0 /opt/microchip/xc32/v1.34/bin/bin/../../lib/gcc/pic32mx/4.5.2/libgcc.a(_umoddi3.o)

.gnu.attributes
                0x00000000       0x10
 *(.gnu.attributes)
 .gnu.attributes
                0x00000000       0x10 build/py/mpstate.o
 .gnu.attributes
                0x00000010       0x10 build/py/nlr.o
 .gnu.attributes
                0x00000020       0x10 build/py/nlrx86.o
 .gnu.attributes
                0x00000030       0x10 build/py/nlrx64.o
 .gnu.attributes
                0x00000040       0x10 build/py/nlrthumb.o
 .gnu.attributes
                0x00000050       0x10 build/py/nlrxtensa.o
 .gnu.attributes
                0x00000060       0x10 build/py/nlrsetjmp.o
 .gnu.attributes
                0x00000070       0x10 build/py/malloc.o
 .gnu.attributes
                0x00000080       0x10 build/py/gc.o
 .gnu.attributes
                0x00000090       0x10 build/py/pystack.o
 .gnu.attributes
                0x000000a0       0x10 build/py/qstr.o
 .gnu.attributes
                0x000000b0       0x10 build/py/vstr.o
 .gnu.attributes
                0x000000c0       0x10 build/py/mpprint.o
 .gnu.attributes
                0x000000d0       0x10 build/py/unicode.o
 .gnu.attributes
                0x000000e0       0x10 build/py/mpz.o
 .gnu.attributes
                0x000000f0       0x10 build/py/reader.o
 .gnu.attributes
                0x00000100       0x10 build/py/lexer.o
 .gnu.attributes
                0x00000110       0x10 build/py/parse.o
 .gnu.attributes
                0x00000120       0x10 build/py/scope.o
 .gnu.attributes
                0x00000130       0x10 build/py/compile.o
 .gnu.attributes
                0x00000140       0x10 build/py/emitcommon.o
 .gnu.attributes
                0x00000150       0x10 build/py/emitbc.o
 .gnu.attributes
                0x00000160       0x10 build/py/asmbase.o
 .gnu.attributes
                0x00000170       0x10 build/py/asmx64.o
 .gnu.attributes
                0x00000180       0x10 build/py/emitnx64.o
 .gnu.attributes
                0x00000190       0x10 build/py/asmx86.o
 .gnu.attributes
                0x000001a0       0x10 build/py/emitnx86.o
 .gnu.attributes
                0x000001b0       0x10 build/py/asmthumb.o
 .gnu.attributes
                0x000001c0       0x10 build/py/emitnthumb.o
 .gnu.attributes
                0x000001d0       0x10 build/py/emitinlinethumb.o
 .gnu.attributes
                0x000001e0       0x10 build/py/asmarm.o
 .gnu.attributes
                0x000001f0       0x10 build/py/emitnarm.o
 .gnu.attributes
                0x00000200       0x10 build/py/asmxtensa.o
 .gnu.attributes
                0x00000210       0x10 build/py/emitnxtensa.o
 .gnu.attributes
                0x00000220       0x10 build/py/emitinlinextensa.o
 .gnu.attributes
                0x00000230       0x10 build/py/formatfloat.o
 .gnu.attributes
                0x00000240       0x10 build/py/parsenumbase.o
 .gnu.attributes
                0x00000250       0x10 build/py/parsenum.o
 .gnu.attributes
                0x00000260       0x10 build/py/emitglue.o
 .gnu.attributes
                0x00000270       0x10 build/py/persistentcode.o
 .gnu.attributes
                0x00000280       0x10 build/py/runtime.o
 .gnu.attributes
                0x00000290       0x10 build/py/runtime_utils.o
 .gnu.attributes
                0x000002a0       0x10 build/py/scheduler.o
 .gnu.attributes
                0x000002b0       0x10 build/py/nativeglue.o
 .gnu.attributes
                0x000002c0       0x10 build/py/stackctrl.o
 .gnu.attributes
                0x000002d0       0x10 build/py/argcheck.o
 .gnu.attributes
                0x000002e0       0x10 build/py/warning.o
 .gnu.attributes
                0x000002f0       0x10 build/py/map.o
 .gnu.attributes
                0x00000300       0x10 build/py/obj.o
 .gnu.attributes
                0x00000310       0x10 build/py/objarray.o
 .gnu.attributes
                0x00000320       0x10 build/py/objattrtuple.o
 .gnu.attributes
                0x00000330       0x10 build/py/objbool.o
 .gnu.attributes
                0x00000340       0x10 build/py/objboundmeth.o
 .gnu.attributes
                0x00000350       0x10 build/py/objcell.o
 .gnu.attributes
                0x00000360       0x10 build/py/objclosure.o
 .gnu.attributes
                0x00000370       0x10 build/py/objcomplex.o
 .gnu.attributes
                0x00000380       0x10 build/py/objdeque.o
 .gnu.attributes
                0x00000390       0x10 build/py/objdict.o
 .gnu.attributes
                0x000003a0       0x10 build/py/objenumerate.o
 .gnu.attributes
                0x000003b0       0x10 build/py/objexcept.o
 .gnu.attributes
                0x000003c0       0x10 build/py/objfilter.o
 .gnu.attributes
                0x000003d0       0x10 build/py/objfloat.o
 .gnu.attributes
                0x000003e0       0x10 build/py/objfun.o
 .gnu.attributes
                0x000003f0       0x10 build/py/objgenerator.o
 .gnu.attributes
                0x00000400       0x10 build/py/objgetitemiter.o
 .gnu.attributes
                0x00000410       0x10 build/py/objint.o
 .gnu.attributes
                0x00000420       0x10 build/py/objint_longlong.o
 .gnu.attributes
                0x00000430       0x10 build/py/objint_mpz.o
 .gnu.attributes
                0x00000440       0x10 build/py/objlist.o
 .gnu.attributes
                0x00000450       0x10 build/py/objmap.o
 .gnu.attributes
                0x00000460       0x10 build/py/objmodule.o
 .gnu.attributes
                0x00000470       0x10 build/py/objobject.o
 .gnu.attributes
                0x00000480       0x10 build/py/objpolyiter.o
 .gnu.attributes
                0x00000490       0x10 build/py/objproperty.o
 .gnu.attributes
                0x000004a0       0x10 build/py/objnone.o
 .gnu.attributes
                0x000004b0       0x10 build/py/objnamedtuple.o
 .gnu.attributes