Archive member included to satisfy reference by file (symbol)

/home/paul/dockershare/gcc-arm-none-eabi-7-2018-q2-update/lib/gcc/arm-none-eabi/7.3.1/libgcc.a(_thumb1_case_sqi.o)
                              build/py/runtime.o (__gnu_thumb1_case_sqi)
/home/paul/dockershare/gcc-arm-none-eabi-7-2018-q2-update/lib/gcc/arm-none-eabi/7.3.1/libgcc.a(_thumb1_case_shi.o)
                              build/py/runtime.o (__gnu_thumb1_case_shi)
/home/paul/dockershare/gcc-arm-none-eabi-7-2018-q2-update/lib/gcc/arm-none-eabi/7.3.1/libgcc.a(_udivsi3.o)
                              build/py/objint.o (__aeabi_uidiv)
/home/paul/dockershare/gcc-arm-none-eabi-7-2018-q2-update/lib/gcc/arm-none-eabi/7.3.1/libgcc.a(_divsi3.o)
                              build/py/objrange.o (__aeabi_idiv)
/home/paul/dockershare/gcc-arm-none-eabi-7-2018-q2-update/lib/gcc/arm-none-eabi/7.3.1/libgcc.a(_dvmd_tls.o)
                              /home/paul/dockershare/gcc-arm-none-eabi-7-2018-q2-update/lib/gcc/arm-none-eabi/7.3.1/libgcc.a(_udivsi3.o) (__aeabi_idiv0)

Allocating common symbols
Common symbol       size              file

mp_state_ctx        0x19c             build/py/mpstate.o

Memory Configuration

Name             Origin             Length             Attributes
FLASH            0x0000000008000000 0x0000000000100000 xr
FLASH_ISR        0x0000000008000000 0x0000000000004000 xr
FLASH_TEXT       0x0000000008020000 0x0000000000080000 xr
CCMRAM           0x0000000010000000 0x0000000000010000 xrw
RAM              0x0000000020000000 0x0000000000020000 xrw
*default*        0x0000000000000000 0xffffffffffffffff

Linker script and memory map

                0x0000000020020000                _estack = (ORIGIN (RAM) + LENGTH (RAM))
                0x0000000020020000                _ram_end = (ORIGIN (RAM) + LENGTH (RAM))
                0x000000002001c000                _heap_end = 0x2001c000

.isr_vector     0x0000000008000000        0x0
                0x0000000008000000                . = ALIGN (0x4)
 *(.isr_vector)
                0x0000000008000000                . = ALIGN (0x4)

.text           0x0000000008020000    0x10ae4
                0x0000000008020000                . = ALIGN (0x4)
 *(.text)
 .text          0x0000000008020000        0x0 build/py/mpstate.o
 .text          0x0000000008020000       0x20 build/py/nlr.o
                0x0000000008020000                nlr_push_tail
                0x0000000008020010                nlr_pop
 .text          0x0000000008020020        0x0 build/py/nlrx86.o
 .text          0x0000000008020020        0x0 build/py/nlrx64.o
 .text          0x0000000008020020       0x68 build/py/nlrthumb.o
                0x0000000008020020                nlr_push
                0x0000000008020048                nlr_jump
 .text          0x0000000008020088        0x0 build/py/nlrxtensa.o
 .text          0x0000000008020088        0x0 build/py/nlrsetjmp.o
 .text          0x0000000008020088       0x66 build/py/malloc.o
                0x0000000008020088                m_malloc
                0x00000000080200a0                m_malloc_maybe
                0x00000000080200a8                m_malloc0
                0x00000000080200be                m_realloc
                0x00000000080200d6                m_realloc_maybe
                0x00000000080200e6                m_free
 .text          0x00000000080200ee        0x0 build/py/gc.o
 .text          0x00000000080200ee        0x0 build/py/pystack.o
 *fill*         0x00000000080200ee        0x2 
 .text          0x00000000080200f0      0x24c build/py/qstr.o
                0x000000000802010c                qstr_compute_hash
                0x0000000008020130                qstr_init
                0x0000000008020144                qstr_find_strn
                0x00000000080201a8                qstr_from_strn
                0x0000000008020290                qstr_from_str
                0x00000000080202a2                qstr_hash
                0x00000000080202ac                qstr_len
                0x00000000080202b6                qstr_str
                0x00000000080202c0                qstr_data
                0x00000000080202d0                qstr_pool_info
 .text          0x000000000802033c      0x258 build/py/vstr.o
                0x0000000008020374                vstr_add_strn
                0x00000000080203c8                vstr_init
                0x00000000080203ea                vstr_init_len
                0x00000000080203fa                vstr_init_fixed_buf
                0x000000000802040c                vstr_init_print
                0x0000000008020424                vstr_clear
                0x000000000802043a                vstr_new
                0x0000000008020450                vstr_free
                0x000000000802046a                vstr_extend
                0x0000000008020498                vstr_hint_size
                0x00000000080204a0                vstr_add_len
                0x00000000080204b6                vstr_null_terminated_str
                0x00000000080204d4                vstr_add_byte
                0x00000000080204e2                vstr_add_char
                0x00000000080204ec                vstr_add_str
                0x0000000008020504                vstr_ins_byte
                0x0000000008020510                vstr_ins_char
                0x000000000802051c                vstr_cut_tail_bytes
                0x000000000802052c                vstr_cut_out_bytes
                0x000000000802055a                vstr_cut_head_bytes
                0x0000000008020566                vstr_vprintf
                0x000000000802057c                vstr_printf
 .text          0x0000000008020594      0x668 build/py/mpprint.o
                0x0000000008020596                mp_print_str
                0x00000000080205b4                mp_print_strn
                0x0000000008020742                mp_print_mp_int
                0x0000000008020980                mp_vprintf
                0x0000000008020be4                mp_printf
 .text          0x0000000008020bfc       0xe4 build/py/unicode.o
                0x0000000008020bfc                unichar_isspace
                0x0000000008020c14                unichar_isalpha
                0x0000000008020c2c                unichar_isdigit
                0x0000000008020c44                unichar_isxdigit
                0x0000000008020c5c                unichar_isident
                0x0000000008020c7c                unichar_isupper
                0x0000000008020c94                unichar_islower
                0x0000000008020cac                unichar_tolower
                0x0000000008020cbe                unichar_toupper
                0x0000000008020cd0                unichar_xdigit_value
 .text          0x0000000008020ce0        0x0 build/py/mpz.o
 .text          0x0000000008020ce0       0x5c build/py/reader.o
                0x0000000008020d0e                mp_reader_new_mem
 .text          0x0000000008020d3c      0x6d8 build/py/lexer.o
                0x0000000008020e52                mp_lexer_to_next
                0x0000000008021360                mp_lexer_new
                0x00000000080213d6                mp_lexer_new_from_str_len
                0x00000000080213f0                mp_lexer_free
 .text          0x0000000008021414      0x864 build/py/parse.o
                0x00000000080215dc                mp_parse_node_is_const_false
                0x00000000080215f4                mp_parse_node_is_const_true
                0x000000000802160e                mp_parse_node_get_int_maybe
                0x00000000080218a8                mp_parse_node_extract_list
                0x00000000080218d0                mp_parse
                0x0000000008021c64                mp_parse_tree_clear
 .text          0x0000000008021c78      0x12c build/py/scope.o
                0x0000000008021c78                scope_new
                0x0000000008021cc4                scope_free
                0x0000000008021cd6                scope_find
                0x0000000008021cf6                scope_find_or_add_id
                0x0000000008021d3a                scope_find_global
                0x0000000008021d4c                scope_find_local_and_close_over
 .text          0x0000000008021da4     0x2324 build/py/compile.o
                0x0000000008023e6c                mp_compile
 .text          0x00000000080240c8       0x90 build/py/emitcommon.o
                0x00000000080240c8                mp_emit_common_get_id_for_load
                0x00000000080240ea                mp_emit_common_get_id_for_modification
                0x000000000802411c                mp_emit_common_id_op
 .text          0x0000000008024158      0xa08 build/py/emitbc.o
                0x0000000008024204                mp_emit_bc_delete_local
                0x0000000008024288                emit_bc_new
                0x0000000008024292                emit_bc_set_max_num_labels
                0x00000000080242a2                emit_bc_free
                0x00000000080242b4                mp_emit_bc_start_pass
                0x00000000080243c8                mp_emit_bc_end_pass
                0x000000000802441a                mp_emit_bc_last_emit_was_return_value
                0x0000000008024424                mp_emit_bc_adjust_stack_size
                0x0000000008024440                mp_emit_bc_load_local
                0x0000000008024472                mp_emit_bc_load_global
                0x000000000802448e                mp_emit_bc_store_local
                0x00000000080244c2                mp_emit_bc_store_global
                0x00000000080244e2                mp_emit_bc_delete_global
                0x000000000802453a                mp_emit_bc_set_source_line
                0x000000000802453c                mp_emit_bc_label_assign
                0x000000000802455c                mp_emit_bc_import
                0x0000000008024594                mp_emit_bc_load_const_tok
                0x00000000080245e0                mp_emit_bc_load_const_small_int
                0x0000000008024670                mp_emit_bc_load_const_str
                0x0000000008024688                mp_emit_bc_load_const_obj
                0x00000000080246b2                mp_emit_bc_load_null
                0x00000000080246c6                mp_emit_bc_load_method
                0x00000000080246ea                mp_emit_bc_load_build_class
                0x00000000080246fe                mp_emit_bc_dup_top
                0x0000000008024712                mp_emit_bc_dup_top_two
                0x0000000008024726                mp_emit_bc_pop_top
                0x000000000802473c                mp_emit_bc_rot_two
                0x0000000008024750                mp_emit_bc_attr
                0x000000000802478a                mp_emit_bc_rot_three
                0x000000000802479e                mp_emit_bc_subscr
                0x00000000080247d2                mp_emit_bc_jump
                0x00000000080247ea                mp_emit_bc_pop_jump_if
                0x000000000802480c                mp_emit_bc_jump_if_or_pop
                0x000000000802482e                mp_emit_bc_unwind_jump
                0x0000000008024894                mp_emit_bc_setup_block
                0x00000000080248b8                mp_emit_bc_end_finally
                0x00000000080248ce                mp_emit_bc_get_iter
                0x00000000080248f4                mp_emit_bc_for_iter
                0x000000000802490c                mp_emit_bc_for_iter_end
                0x0000000008024918                mp_emit_bc_pop_block
                0x000000000802492c                mp_emit_bc_with_cleanup
                0x0000000008024962                mp_emit_bc_pop_except
                0x0000000008024976                mp_emit_bc_unary_op
                0x0000000008024990                mp_emit_bc_binary_op
                0x00000000080249d4                mp_emit_bc_build
                0x00000000080249fc                mp_emit_bc_store_map
                0x0000000008024a12                mp_emit_bc_store_comp
                0x0000000008024a36                mp_emit_bc_unpack_sequence
                0x0000000008024a4e                mp_emit_bc_unpack_ex
                0x0000000008024a6a                mp_emit_bc_make_function
                0x0000000008024a94                mp_emit_bc_make_closure
                0x0000000008024aca                mp_emit_bc_call_function
                0x0000000008024adc                mp_emit_bc_call_method
                0x0000000008024af0                mp_emit_bc_return_value
                0x0000000008024b0a                mp_emit_bc_raise_varargs
                0x0000000008024b26                mp_emit_bc_yield
                0x0000000008024b48                mp_emit_bc_start_except_handler
                0x0000000008024b52                mp_emit_bc_end_except_handler
 .text          0x0000000008024b60        0x0 build/py/asmbase.o
 .text          0x0000000008024b60        0x0 build/py/asmx64.o
 .text          0x0000000008024b60        0x0 build/py/emitnx64.o
 .text          0x0000000008024b60        0x0 build/py/asmx86.o
 .text          0x0000000008024b60        0x0 build/py/emitnx86.o
 .text          0x0000000008024b60        0x0 build/py/asmthumb.o
 .text          0x0000000008024b60        0x0 build/py/emitnthumb.o
 .text          0x0000000008024b60        0x0 build/py/emitinlinethumb.o
 .text          0x0000000008024b60        0x0 build/py/asmarm.o
 .text          0x0000000008024b60        0x0 build/py/emitnarm.o
 .text          0x0000000008024b60        0x0 build/py/asmxtensa.o
 .text          0x0000000008024b60        0x0 build/py/emitnxtensa.o
 .text          0x0000000008024b60        0x0 build/py/emitinlinextensa.o
 .text          0x0000000008024b60        0x0 build/py/formatfloat.o
 .text          0x0000000008024b60       0x7a build/py/parsenumbase.o
                0x0000000008024b60                mp_parse_num_base
 *fill*         0x0000000008024bda        0x2 
 .text          0x0000000008024bdc      0x134 build/py/parsenum.o
                0x0000000008024bfc                mp_parse_num_integer
                0x0000000008024cf8                mp_parse_num_decimal
 .text          0x0000000008024d10       0x90 build/py/emitglue.o
                0x0000000008024d10                mp_emit_glue_new_raw_code
                0x0000000008024d28                mp_emit_glue_assign_bytecode
                0x0000000008024d54                mp_make_function_from_raw_code
                0x0000000008024d74                mp_make_closure_from_raw_code
 .text          0x0000000008024da0        0x0 build/py/persistentcode.o
 .text          0x0000000008024da0      0xeec build/py/runtime.o
                0x0000000008024da0                mp_init
                0x0000000008024ddc                mp_deinit
                0x0000000008024dde                mp_load_build_class
                0x0000000008024de8                mp_store_name
                0x0000000008024e00                mp_delete_name
                0x0000000008024e18                mp_store_global
                0x0000000008024e30                mp_delete_global
                0x0000000008024e48                mp_convert_member_lookup
                0x0000000008024ea4                mp_load_method_maybe
                0x0000000008024f04                mp_load_method_protected
                0x0000000008024f48                mp_import_name
                0x0000000008024f6c                mp_import_from
                0x0000000008025048                mp_import_all
                0x0000000008025082                m_malloc_fail
                0x000000000802509c                mp_raise_msg
                0x00000000080250b0                mp_load_global
                0x00000000080250f4                mp_load_name
                0x0000000008025124                mp_load_method
                0x0000000008025144                mp_load_attr
                0x000000000802515c                mp_store_attr
                0x0000000008025194                mp_raise_ValueError
                0x00000000080251a4                mp_raise_TypeError
                0x00000000080251b4                mp_unary_op
                0x000000000802528c                mp_call_function_n_kw
                0x00000000080252b8                mp_call_function_0
                0x00000000080252c6                mp_parse_compile_execute
                0x000000000802532c                mp_call_function_1
                0x000000000802533c                mp_call_function_2
                0x000000000802534e                mp_call_method_n_kw
                0x000000000802536c                mp_make_raise_obj
                0x00000000080253a8                mp_resume
                0x0000000008025494                mp_getiter
                0x00000000080254f4                mp_iternext_allow_raise
                0x0000000008025530                mp_iternext
                0x0000000008025598                mp_call_method_n_kw_var
                0x0000000008025820                mp_unpack_sequence
                0x00000000080258b4                mp_unpack_ex
                0x00000000080259b0                mp_binary_op
                0x0000000008025c64                mp_raise_OSError
                0x0000000008025c7c                mp_raise_NotImplementedError
 .text          0x0000000008025c8c       0x74 build/py/runtime_utils.o
                0x0000000008025c8c                mp_call_function_1_protected
                0x0000000008025cc4                mp_call_function_2_protected
 .text          0x0000000008025d00       0x1c build/py/scheduler.o
                0x0000000008025d00                mp_handle_pending
 .text          0x0000000008025d1c        0x0 build/py/nativeglue.o
 .text          0x0000000008025d1c       0x30 build/py/stackctrl.o
                0x0000000008025d1c                mp_stack_ctrl_init
                0x0000000008025d2c                mp_stack_set_top
                0x0000000008025d38                mp_stack_usage
 .text          0x0000000008025d4c      0x104 build/py/argcheck.o
                0x0000000008025d4c                mp_arg_error_terse_mismatch
                0x0000000008025d58                mp_arg_check_num_sig
                0x0000000008025d80                mp_arg_parse_all
                0x0000000008025e22                mp_arg_parse_all_kw_array
 .text          0x0000000008025e50        0x0 build/py/warning.o
 .text          0x0000000008025e50      0x264 build/py/map.o
                0x0000000008025e50                mp_map_init
                0x0000000008025e6c                mp_map_init_fixed_table
                0x0000000008025e86                mp_map_deinit
                0x0000000008025ea4                mp_map_clear
                0x0000000008025ece                mp_map_lookup
 .text          0x00000000080260b4      0x4a0 build/py/obj.o
                0x00000000080260b4                mp_identity
                0x00000000080260b6                mp_obj_get_type
                0x00000000080260d4                mp_obj_get_type_str
                0x00000000080260e2                mp_obj_print_helper
                0x0000000008026110                mp_obj_print
                0x0000000008026124                mp_obj_print_exception
                0x00000000080261b0                mp_obj_is_callable
                0x00000000080261d4                mp_obj_equal
                0x0000000008026274                mp_obj_get_int
                0x00000000080262bc                mp_obj_get_int_truncated
                0x00000000080262e0                mp_obj_get_int_maybe
                0x000000000802632c                mp_obj_get_array
                0x0000000008026360                mp_obj_get_array_fixed_n
                0x000000000802637c                mp_get_index
                0x00000000080263e0                mp_obj_id
                0x00000000080263fe                mp_obj_len_maybe
                0x000000000802644c                mp_obj_is_true
                0x00000000080264b0                mp_obj_len
                0x00000000080264c8                mp_obj_subscr
                0x0000000008026508                mp_identity_getiter
                0x000000000802650a                mp_get_buffer
                0x000000000802652c                mp_get_buffer_raise
                0x0000000008026544                mp_generic_unary_op
 .text          0x0000000008026554        0x0 build/py/objarray.o
 .text          0x0000000008026554        0x0 build/py/objattrtuple.o
 .text          0x0000000008026554       0x74 build/py/objbool.o
 .text          0x00000000080265c8       0x98 build/py/objboundmeth.o
                0x00000000080265c8                mp_call_method_self_n_kw
                0x0000000008026644                mp_obj_new_bound_meth
 .text          0x0000000008026660       0x20 build/py/objcell.o
                0x0000000008026660                mp_obj_cell_get
                0x0000000008026664                mp_obj_cell_set
                0x0000000008026668                mp_obj_new_cell
 .text          0x0000000008026680       0xb8 build/py/objclosure.o
                0x0000000008026706                mp_obj_new_closure
 .text          0x0000000008026738        0x0 build/py/objcomplex.o
 .text          0x0000000008026738        0x0 build/py/objdeque.o
 .text          0x0000000008026738      0x600 build/py/objdict.o
                0x0000000008026b90                mp_obj_dict_get
                0x0000000008026bb4                mp_obj_dict_init
                0x0000000008026bc8                mp_obj_new_dict
                0x0000000008026cc2                mp_obj_dict_len
                0x0000000008026cc8                mp_obj_dict_store
                0x0000000008026ce4                mp_obj_dict_delete
 .text          0x0000000008026d38        0x0 build/py/objenumerate.o
 .text          0x0000000008026d38      0x35c build/py/objexcept.o
                0x0000000008026d38                mp_obj_exception_print
                0x0000000008026dac                mp_obj_exception_make_new
                0x0000000008026e68                mp_obj_exception_get_value
                0x0000000008026e7c                mp_obj_exception_attr
                0x0000000008026ec0                mp_obj_new_exception_args
                0x0000000008026ecc                mp_obj_new_exception
                0x0000000008026ed8                mp_obj_new_exception_arg1
                0x0000000008026ee6                mp_obj_new_exception_msg_varg
                0x0000000008026f7c                mp_obj_new_exception_msg
                0x0000000008026f84                mp_obj_is_exception_type
                0x0000000008026fb8                mp_obj_is_exception_instance
                0x0000000008026fc4                mp_obj_exception_match
                0x0000000008026fe4                mp_obj_exception_clear_traceback
                0x0000000008027000                mp_obj_exception_add_traceback
                0x0000000008027068                mp_obj_exception_get_traceback
 .text          0x0000000008027094       0x64 build/py/objfilter.o
 .text          0x00000000080270f8        0x0 build/py/objfloat.o
 .text          0x00000000080270f8      0x1d8 build/py/objfun.o
                0x0000000008027254                mp_obj_code_get_name
                0x0000000008027260                mp_obj_fun_get_name
                0x0000000008027274                mp_obj_new_fun_bc
 .text          0x00000000080272d0      0x230 build/py/objgenerator.o
                0x000000000802735c                mp_obj_gen_resume
 .text          0x0000000008027500       0x6c build/py/objgetitemiter.o
                0x0000000008027554                mp_obj_new_getitem_iter
 .text          0x000000000802756c      0x3ac build/py/objint.o
                0x000000000802756c                mp_obj_int_unary_op
                0x000000000802765c                mp_int_format_size
                0x0000000008027694                mp_obj_int_formatted
                0x0000000008027794                mp_obj_int_print
                0x00000000080277d0                mp_obj_int_sign
                0x00000000080277e6                mp_obj_new_int_from_str_len
                0x00000000080277f8                mp_obj_new_int_from_ll
                0x000000000802780c                mp_obj_new_int_from_ull
                0x0000000008027820                mp_obj_new_int_from_uint
                0x0000000008027884                mp_obj_new_int
                0x00000000080278a4                mp_obj_int_get_truncated
                0x00000000080278a8                mp_obj_int_get_checked
                0x00000000080278ac                mp_obj_int_binary_op_extra_cases
                0x0000000008027910                mp_obj_int_binary_op
 .text          0x0000000008027918        0x0 build/py/objint_longlong.o
 .text          0x0000000008027918        0x0 build/py/objint_mpz.o
 .text          0x0000000008027918      0x604 build/py/objlist.o
                0x00000000080279b4                mp_obj_list_append
                0x0000000008027b40                mp_obj_list_sort
                0x0000000008027c28                mp_obj_list_remove
                0x0000000008027d38                mp_obj_list_init
                0x0000000008027e8a                mp_obj_new_list
                0x0000000008027eb8                mp_obj_list_get
                0x0000000008027ec2                mp_obj_list_set_len
                0x0000000008027ec6                mp_obj_list_store
 .text          0x0000000008027f1c       0x90 build/py/objmap.o
 .text          0x0000000008027fac      0x100 build/py/objmodule.o
                0x000000000802801c                mp_obj_new_module
                0x0000000008028060                mp_module_get
                0x0000000008028090                mp_module_register
 .text          0x00000000080280ac       0x18 build/py/objobject.o
 .text          0x00000000080280c4        0x8 build/py/objpolyiter.o
 .text          0x00000000080280cc        0x0 build/py/objproperty.o
 .text          0x00000000080280cc       0x10 build/py/objnone.o
 .text          0x00000000080280dc        0x0 build/py/objnamedtuple.o
 .text          0x00000000080280dc      0x18c build/py/objrange.o
 .text          0x0000000008028268        0x0 build/py/objreversed.o
 .text          0x0000000008028268        0x0 build/py/objset.o
 .text          0x0000000008028268       0x10 build/py/objsingleton.o
 .text          0x0000000008028278        0x0 build/py/objslice.o
 .text          0x0000000008028278     0x17dc build/py/objstr.o
                0x0000000008028434                mp_obj_str_get_buffer
                0x0000000008028544                mp_str_print_quoted
                0x0000000008028680                find_subbytes
                0x00000000080287cc                str_index_to_ptr
                0x00000000080287e0                mp_obj_new_str_copy
                0x000000000802881c                mp_obj_new_str_via_qstr
                0x00000000080288bc                mp_obj_new_str_from_vstr
                0x000000000802892c                mp_obj_str_binary_op
                0x0000000008028da4                mp_obj_new_str
                0x0000000008028dcc                mp_obj_str_make_new
                0x0000000008028e68                mp_obj_str_intern
                0x0000000008028e8a                mp_obj_new_bytes
                0x0000000008028fbc                mp_obj_new_str_of_type
                0x000000000802912a                mp_obj_str_equal
                0x00000000080291ba                mp_obj_str_get_qstr
                0x00000000080291e8                mp_obj_str_get_str
                0x0000000008029218                mp_obj_str_get_data
                0x0000000008029250                mp_obj_str_split
                0x00000000080299f8                mp_obj_str_format
                0x0000000008029a44                mp_obj_str_intern_checked
 .text          0x0000000008029a54        0x0 build/py/objstrunicode.o
 .text          0x0000000008029a54        0x0 build/py/objstringio.o
 .text          0x0000000008029a54      0x2f4 build/py/objtuple.o
                0x0000000008029a70                mp_obj_tuple_getiter
                0x0000000008029a8c                mp_obj_tuple_print
                0x0000000008029b08                mp_obj_tuple_unary_op
                0x0000000008029b64                mp_obj_tuple_subscr
                0x0000000008029b82                mp_obj_new_tuple
                0x0000000008029bbc                mp_obj_tuple_binary_op
                0x0000000008029d34                mp_obj_tuple_get
                0x0000000008029d3e                mp_obj_tuple_del
 .text          0x0000000008029d48      0xb4c build/py/objtype.o
                0x0000000008029ed4                mp_obj_instance_make_new
                0x000000000802a532                mp_obj_instance_call
                0x000000000802a590                mp_obj_instance_is_callable
                0x000000000802a5c0                mp_obj_new_type
                0x000000000802a740                mp_load_super_method
                0x000000000802a764                mp_obj_is_subclass_fast
                0x000000000802a878                mp_instance_cast_to_native_base
 .text          0x000000000802a894       0x84 build/py/objzip.o
 .text          0x000000000802a918       0x5a build/py/opmethods.o
 *fill*         0x000000000802a972        0x2 
 .text          0x000000000802a974      0x200 build/py/sequence.o
                0x000000000802a974                mp_seq_multiply
                0x000000000802a99a                mp_seq_extract_slice
                0x000000000802a9e0                mp_seq_cmp_bytes
                0x000000000802aa4c                mp_seq_cmp_objs
                0x000000000802aae4                mp_seq_index_obj
                0x000000000802ab4c                mp_seq_count_obj
 .text          0x000000000802ab74      0x438 build/py/stream.o
                0x000000000802ab74                mp_stream_close
                0x000000000802ad30                mp_stream_rw
                0x000000000802aea6                mp_get_stream_raise
                0x000000000802aee4                mp_stream_write
                0x000000000802af82                mp_stream_write_adaptor
                0x000000000802af8c                mp_stream_unbuffered_iter
 .text          0x000000000802afac      0x330 build/py/binary.o
                0x000000000802afac                mp_binary_get_size
                0x000000000802b07c                mp_binary_get_val_array
                0x000000000802b0e8                mp_binary_get_int
                0x000000000802b13a                mp_binary_get_val
                0x000000000802b1d4                mp_binary_set_int
                0x000000000802b1fa                mp_binary_set_val
                0x000000000802b272                mp_binary_set_val_array_from_int
                0x000000000802b2b4                mp_binary_set_val_array
 .text          0x000000000802b2dc      0x300 build/py/builtinimport.o
                0x000000000802b324                mp_builtin___import__
                0x000000000802b5c8                mp_obj_is_package
 .text          0x000000000802b5dc       0x88 build/py/builtinevex.o
 .text          0x000000000802b664        0x0 build/py/builtinhelp.o
 .text          0x000000000802b664        0x0 build/py/modarray.o
 .text          0x000000000802b664      0x560 build/py/modbuiltins.o
 .text          0x000000000802bbc4        0x0 build/py/modcollections.o
 .text          0x000000000802bbc4        0x0 build/py/modgc.o
 .text          0x000000000802bbc4        0x0 build/py/modio.o
 .text          0x000000000802bbc4        0x0 build/py/modmath.o
 .text          0x000000000802bbc4        0x0 build/py/modcmath.o
 .text          0x000000000802bbc4       0x28 build/py/modmicropython.o
 .text          0x000000000802bbec        0x0 build/py/modstruct.o
 .text          0x000000000802bbec        0x0 build/py/modsys.o
 .text          0x000000000802bbec        0x0 build/py/moduerrno.o
 .text          0x000000000802bbec        0x0 build/py/modthread.o
 .text          0x000000000802bbec      0xe34 build/py/vm.o
                0x000000000802bbec                mp_execute_bytecode
 .text          0x000000000802ca20      0x308 build/py/bc.o
                0x000000000802ca20                mp_decode_uint
                0x000000000802ca40                mp_decode_uint_value
                0x000000000802ca4c                mp_decode_uint_skip
                0x000000000802ca58                mp_setup_code_state
 .text          0x000000000802cd28        0x0 build/py/showbc.o
 .text          0x000000000802cd28        0x0 build/py/repl.o
 .text          0x000000000802cd28       0xa8 build/py/smallint.o
                0x000000000802cd28                mp_small_int_mul_overflow
                0x000000000802cd90                mp_small_int_modulo
                0x000000000802cdb0                mp_small_int_floor_divide
 .text          0x000000000802cdd0        0x0 build/py/frozenmod.o
 .text          0x000000000802cdd0       0xc0 build/main.o
                0x000000000802cdd0                mp_builtin_open
                0x000000000802cdd8                do_str
                0x000000000802ce28                mp_lexer_new_from_file
                0x000000000802ce30                mp_import_stat
                0x000000000802ce34                nlr_jump_fail
                0x000000000802ce36                __fatal_error
                0x000000000802ce38                malloc
                0x000000000802ce3c                calloc
                0x000000000802ce40                realloc
                0x000000000802ce44                free
                0x000000000802ce46                printf
                0x000000000802ce4e                memcpy
                0x000000000802ce52                memcmp
                0x000000000802ce56                memmove
                0x000000000802ce5a                memset
                0x000000000802ce5e                strcmp
                0x000000000802ce62                strncmp
                0x000000000802ce66                strlen
                0x000000000802ce6a                strcat
                0x000000000802ce6e                strchr
                0x000000000802ce72                vprintf
                0x000000000802ce76                vsnprintf
                0x000000000802ce7a                putchar
                0x000000000802ce7e                puts
                0x000000000802ce82                _start
 .text          0x000000000802ce90       0x14 /home/paul/dockershare/gcc-arm-none-eabi-7-2018-q2-update/lib/gcc/arm-none-eabi/7.3.1/libgcc.a(_thumb1_case_sqi.o)
                0x000000000802ce90                __gnu_thumb1_case_sqi
 .text          0x000000000802cea4       0x14 /home/paul/dockershare/gcc-arm-none-eabi-7-2018-q2-update/lib/gcc/arm-none-eabi/7.3.1/libgcc.a(_thumb1_case_shi.o)
                0x000000000802cea4                __gnu_thumb1_case_shi
 .text          0x000000000802ceb8      0x114 /home/paul/dockershare/gcc-arm-none-eabi-7-2018-q2-update/lib/gcc/arm-none-eabi/7.3.1/libgcc.a(_udivsi3.o)
                0x000000000802ceb8                __udivsi3
                0x000000000802ceb8                __aeabi_uidiv
                0x000000000802cfac                __aeabi_uidivmod
 .text          0x000000000802cfcc      0x148 /home/paul/dockershare/gcc-arm-none-eabi-7-2018-q2-update/lib/gcc/arm-none-eabi/7.3.1/libgcc.a(_divsi3.o)
                0x000000000802cfcc                __aeabi_idiv
                0x000000000802cfcc                __divsi3
                0x000000000802d0f4                __aeabi_idivmod
 .text          0x000000000802d114        0x4 /home/paul/dockershare/gcc-arm-none-eabi-7-2018-q2-update/lib/gcc/arm-none-eabi/7.3.1/libgcc.a(_dvmd_tls.o)
                0x000000000802d114                __aeabi_ldiv0
                0x000000000802d114                __aeabi_idiv0
 *(.text*)
 .text.unlikely
                0x000000000802d118       0x10 build/py/objgenerator.o
 .text.unlikely
                0x000000000802d128        0xc build/py/objstr.o
 .text.startup  0x000000000802d134       0x28 build/main.o
                0x000000000802d134                main
 *(.rodata)
 .rodata        0x000000000802d15c      0x338 build/py/qstr.o
                0x000000000802d164                mp_qstr_const_pool
 .rodata        0x000000000802d494       0x2c build/py/mpprint.o
                0x000000000802d4b8                mp_plat_print
 .rodata        0x000000000802d4c0       0x80 build/py/unicode.o
 .rodata        0x000000000802d540       0xb4 build/py/lexer.o
 .rodata        0x000000000802d5f4      0x493 build/py/parse.o
 .rodata        0x000000000802da87        0x7 build/py/scope.o
 *fill*         0x000000000802da8e        0x2 
 .rodata        0x000000000802da90       0xf8 build/py/compile.o
 .rodata        0x000000000802db88       0x18 build/py/emitbc.o
                0x000000000802db88                mp_emit_bc_method_table_delete_id_ops
                0x000000000802db90                mp_emit_bc_method_table_store_id_ops
                0x000000000802db98                mp_emit_bc_method_table_load_id_ops
 .rodata        0x000000000802dba0        0x8 build/py/runtime.o
                0x000000000802dba0                mp_module___main__
 .rodata        0x000000000802dba8       0x50 build/py/map.o
                0x000000000802dbec                mp_const_empty_map
 .rodata        0x000000000802dbf8        0x8 build/py/obj.o
                0x000000000802dbf8                mp_identity_obj
 .rodata        0x000000000802dc00       0x4c build/py/objbool.o
                0x000000000802dc00                mp_const_true_obj
                0x000000000802dc08                mp_const_false_obj
                0x000000000802dc10                mp_type_bool
 .rodata        0x000000000802dc4c       0x3c build/py/objboundmeth.o
 .rodata        0x000000000802dc88       0x3c build/py/objcell.o
 .rodata        0x000000000802dcc4       0x3c build/py/objclosure.o
                0x000000000802dcc4                closure_type
 .rodata        0x000000000802dd00      0x1b4 build/py/objdict.o
                0x000000000802dd84                mp_type_dict
 .rodata        0x000000000802deb4      0x5ec build/py/objexcept.o
                0x000000000802deb4                mp_type_StopIteration
                0x000000000802def0                mp_type_BaseException
                0x000000000802df2c                mp_type_ValueError
                0x000000000802df68                mp_type_TypeError
                0x000000000802dfa4                mp_type_IndentationError
                0x000000000802dfe0                mp_type_SyntaxError
                0x000000000802e01c                mp_type_NotImplementedError
                0x000000000802e058                mp_type_RuntimeError
                0x000000000802e094                mp_type_OSError
                0x000000000802e0d0                mp_type_NameError
                0x000000000802e10c                mp_type_MemoryError
                0x000000000802e148                mp_type_KeyError
                0x000000000802e184                mp_type_IndexError
                0x000000000802e1c0                mp_type_LookupError
                0x000000000802e1fc                mp_type_ImportError
                0x000000000802e238                mp_type_EOFError
                0x000000000802e274                mp_type_AttributeError
                0x000000000802e2b0                mp_type_AssertionError
                0x000000000802e2ec                mp_type_ZeroDivisionError
                0x000000000802e328                mp_type_OverflowError
                0x000000000802e364                mp_type_ArithmeticError
                0x000000000802e3a0                mp_type_Exception
                0x000000000802e3dc                mp_type_GeneratorExit
                0x000000000802e418                mp_type_KeyboardInterrupt
                0x000000000802e454                mp_type_SystemExit
                0x000000000802e490                mp_const_GeneratorExit_obj
 .rodata        0x000000000802e4a0       0x3c build/py/objfilter.o
                0x000000000802e4a0                mp_type_filter
 .rodata        0x000000000802e4dc      0x168 build/py/objfun.o
                0x000000000802e4dc                mp_type_fun_bc
                0x000000000802e518                mp_type_fun_builtin_var
                0x000000000802e554                mp_type_fun_builtin_3
                0x000000000802e590                mp_type_fun_builtin_2
                0x000000000802e5cc                mp_type_fun_builtin_1
                0x000000000802e608                mp_type_fun_builtin_0
 .rodata        0x000000000802e644       0xcc build/py/objgenerator.o
                0x000000000802e644                mp_type_gen_instance
                0x000000000802e6d4                mp_type_gen_wrap
 .rodata        0x000000000802e710       0x3c build/py/objgetitemiter.o
 .rodata        0x000000000802e74c       0x8c build/py/objint.o
                0x000000000802e74c                mp_type_int
 .rodata        0x000000000802e7d8      0x118 build/py/objlist.o
                0x000000000802e7e8                mp_type_list
 .rodata        0x000000000802e8f0       0x3c build/py/objmap.o
                0x000000000802e8f0                mp_type_map
 .rodata        0x000000000802e92c       0x60 build/py/objmodule.o
                0x000000000802e92c                mp_type_module
                0x000000000802e968                mp_builtin_module_map
 .rodata        0x000000000802e98c       0x3c build/py/objobject.o
                0x000000000802e98c                mp_type_object
 .rodata        0x000000000802e9c8       0x3c build/py/objpolyiter.o
                0x000000000802e9c8                mp_type_polymorph_iter
 .rodata        0x000000000802ea04       0x40 build/py/objnone.o
                0x000000000802ea04                mp_const_none_obj
                0x000000000802ea08                mp_type_NoneType
 .rodata        0x000000000802ea44       0x78 build/py/objrange.o
                0x000000000802ea80                mp_type_range
 .rodata        0x000000000802eabc       0x44 build/py/objsingleton.o
                0x000000000802eabc                mp_const_ellipsis_obj
                0x000000000802eac4                mp_type_singleton
 .rodata        0x000000000802eb00      0x238 build/py/objstr.o
                0x000000000802eb00                mp_type_bytes
                0x000000000802eb3c                mp_type_str
                0x000000000802eb78                mp_const_empty_bytes_obj
                0x000000000802ec50                str_islower_obj
                0x000000000802ec58                str_isupper_obj
                0x000000000802ec60                str_isdigit_obj
                0x000000000802ec68                str_isalpha_obj
                0x000000000802ec70                str_isspace_obj
                0x000000000802ec78                str_upper_obj
                0x000000000802ec80                str_lower_obj
                0x000000000802ec88                str_count_obj
                0x000000000802ec94                str_replace_obj
                0x000000000802eca0                str_format_obj
                0x000000000802ecac                str_rstrip_obj
                0x000000000802ecb8                str_lstrip_obj
                0x000000000802ecc4                str_strip_obj
                0x000000000802ecd0                str_endswith_obj
                0x000000000802ecdc                str_startswith_obj
                0x000000000802ece8                str_rindex_obj
                0x000000000802ecf4                str_index_obj
                0x000000000802ed00                str_rfind_obj
                0x000000000802ed0c                str_find_obj
                0x000000000802ed18                str_rsplit_obj
                0x000000000802ed24                str_split_obj
                0x000000000802ed30                str_join_obj
 .rodata        0x000000000802ed38       0x78 build/py/objtuple.o
                0x000000000802ed38                mp_const_empty_tuple_obj
                0x000000000802ed40                mp_type_tuple
 .rodata        0x000000000802edb0      0x138 build/py/objtype.o
                0x000000000802edbc                mp_type_type
                0x000000000802edf8                mp_binary_op_method_name
                0x000000000802ee1b                mp_unary_op_method_name
                0x000000000802ee24                mp_type_staticmethod
                0x000000000802ee60                mp_type_super
                0x000000000802ee9c                mp_type_classmethod
                0x000000000802eed8                mp_builtin_isinstance_obj
                0x000000000802eee0                mp_builtin_issubclass_obj
 .rodata        0x000000000802eee8       0x3c build/py/objzip.o
                0x000000000802eee8                mp_type_zip
 .rodata        0x000000000802ef24       0x20 build/py/opmethods.o
                0x000000000802ef24                mp_op_contains_obj
                0x000000000802ef2c                mp_op_delitem_obj
                0x000000000802ef34                mp_op_setitem_obj
                0x000000000802ef3c                mp_op_getitem_obj
 .rodata        0x000000000802ef44       0x7c build/py/stream.o
                0x000000000802ef44                mp_stream_ioctl_obj
                0x000000000802ef50                mp_stream_flush_obj
                0x000000000802ef58                mp_stream_tell_obj
                0x000000000802ef60                mp_stream_seek_obj
                0x000000000802ef6c                mp_stream_close_obj
                0x000000000802ef74                mp_stream_unbuffered_readlines_obj
                0x000000000802ef7c                mp_stream_unbuffered_readline_obj
                0x000000000802ef88                mp_stream_readinto_obj
                0x000000000802ef94                mp_stream_write1_obj
                0x000000000802ef9c                mp_stream_write_obj
                0x000000000802efa8                mp_stream_read1_obj
                0x000000000802efb4                mp_stream_read_obj
 .rodata        0x000000000802efc0        0xc build/py/builtinimport.o
                0x000000000802efc0                mp_builtin___import___obj
 .rodata        0x000000000802efcc       0x18 build/py/builtinevex.o
                0x000000000802efcc                mp_builtin_exec_obj
                0x000000000802efd8                mp_builtin_eval_obj
 .rodata        0x000000000802efe4      0x3c8 build/py/modbuiltins.o
                0x000000000802eff4                mp_module_builtins
                0x000000000802effc                mp_module_builtins_globals
                0x000000000802f28c                mp_builtin_len_obj
                0x000000000802f294                mp_builtin_id_obj
                0x000000000802f29c                mp_builtin_locals_obj
                0x000000000802f2a4                mp_builtin_globals_obj
                0x000000000802f2ac                mp_builtin_hasattr_obj
                0x000000000802f2b4                mp_builtin_setattr_obj
                0x000000000802f2bc                mp_builtin_getattr_obj
                0x000000000802f2c8                mp_builtin_sorted_obj
                0x000000000802f2d4                mp_builtin_sum_obj
                0x000000000802f2e0                mp_builtin_round_obj
                0x000000000802f2ec                mp_builtin_repr_obj
                0x000000000802f2f4                mp_builtin___repl_print___obj
                0x000000000802f2fc                mp_builtin_print_obj
                0x000000000802f308                mp_builtin_pow_obj
                0x000000000802f314                mp_builtin_ord_obj
                0x000000000802f31c                mp_builtin_oct_obj
                0x000000000802f324                mp_builtin_next_obj
                0x000000000802f32c                mp_builtin_min_obj
                0x000000000802f338                mp_builtin_max_obj
                0x000000000802f344                mp_builtin_iter_obj
                0x000000000802f34c                mp_builtin_hex_obj
                0x000000000802f354                mp_builtin_hash_obj
                0x000000000802f35c                mp_builtin_divmod_obj
                0x000000000802f364                mp_builtin_dir_obj
                0x000000000802f370                mp_builtin_chr_obj
                0x000000000802f378                mp_builtin_callable_obj
                0x000000000802f380                mp_builtin_bin_obj
                0x000000000802f388                mp_builtin_any_obj
                0x000000000802f390                mp_builtin_all_obj
                0x000000000802f398                mp_builtin_abs_obj
                0x000000000802f3a0                mp_builtin___build_class___obj
 .rodata        0x000000000802f3ac       0x3c build/py/modmicropython.o
                0x000000000802f3ac                mp_module_micropython
 .rodata        0x000000000802f3e8      0x16c build/py/vm.o
 .rodata        0x000000000802f554        0xc build/main.o
                0x000000000802f554                mp_builtin_open_obj
 *(.rodata*)
 .rodata.str1.1
                0x000000000802f560      0x7d7 build/py/qstr.o
 .rodata.str1.1
                0x000000000802fd37        0xb build/py/mpprint.o
                                          0xc (size before relaxing)
 .rodata.str1.1
                0x000000000802fd42       0xdf build/py/lexer.o
                                        0x112 (size before relaxing)
 .rodata.str1.1
                0x000000000802fe21       0x4f build/py/parse.o
 .rodata.str1.1
                0x000000000802fe70      0x271 build/py/compile.o
                                        0x280 (size before relaxing)
 .rodata.str1.1
                0x00000000080300e1       0x5c build/py/parsenum.o
 .rodata.str1.1
                0x000000000803013d      0x158 build/py/runtime.o
 .rodata.str1.1
                0x0000000008030295       0x1c build/py/argcheck.o
 .rodata.str1.1
                0x00000000080302b1      0x13a build/py/obj.o
                                        0x14f (size before relaxing)
 .rodata.str1.1
                0x00000000080303eb        0xb build/py/objbool.o
 .rodata.str1.1
                0x00000000080303eb       0x71 build/py/objdict.o
                                         0x76 (size before relaxing)
 .rodata.str1.1
                0x000000000803045c        0x4 build/py/objexcept.o
 .rodata.str1.1
                0x000000000803045c       0xda build/py/objgenerator.o
 .rodata.str1.1
                0x0000000008030536       0x38 build/py/objint.o
 .rodata.str1.1
                0x000000000803056e       0x16 build/py/objlist.o
                                         0x1b (size before relaxing)
 .rodata.str1.1
                0x0000000008030584        0xe build/py/objmodule.o
                                          0xf (size before relaxing)
 .rodata.str1.1
                0x0000000008030592        0x5 build/py/objnone.o
 .rodata.str1.1
                0x0000000008030592       0x20 build/py/objrange.o
                                         0x22 (size before relaxing)
 .rodata.str1.1
                0x00000000080305b2       0x20 build/py/objsingleton.o
                                          0x3 (size before relaxing)
 .rodata.str1.1
                0x00000000080305b2      0x158 build/py/objstr.o
                                        0x15c (size before relaxing)
 .rodata.str1.1
                0x000000000803070a        0x4 build/py/objtuple.o
                                          0x9 (size before relaxing)
 .rodata.str1.1
                0x000000000803070e      0x126 build/py/objtype.o
                                        0x13f (size before relaxing)
 .rodata.str1.1
                0x0000000008030834       0x17 build/py/sequence.o
 .rodata.str1.1
                0x000000000803084b       0x1f build/py/stream.o
 .rodata.str1.1
                0x000000000803086a        0xd build/py/binary.o
 .rodata.str1.1
                0x0000000008030877       0x3c build/py/builtinimport.o
                                         0x40 (size before relaxing)
 .rodata.str1.1
                0x00000000080308b3       0x92 build/py/modbuiltins.o
                                         0x94 (size before relaxing)
 *fill*         0x0000000008030945        0x3 
 .rodata.str1.4
                0x0000000008030948       0x68 build/py/vm.o
                                         0x67 (size before relaxing)
 .rodata.str1.1
                0x00000000080309b0       0xd4 build/py/bc.o
 .rodata.str1.1
                0x0000000008030a84       0x60 build/main.o
                0x0000000008030ae4                . = ALIGN (0x4)
                0x0000000008030ae4                _etext = .
                0x0000000008030ae4                _sidata = _etext

.glue_7         0x0000000008030ae4        0x0
 .glue_7        0x0000000008030ae4        0x0 linker stubs

.glue_7t        0x0000000008030ae4        0x0
 .glue_7t       0x0000000008030ae4        0x0 linker stubs

.vfp11_veneer   0x0000000008030ae4        0x0
 .vfp11_veneer  0x0000000008030ae4        0x0 linker stubs

.v4_bx          0x0000000008030ae4        0x0
 .v4_bx         0x0000000008030ae4        0x0 linker stubs

.iplt           0x0000000008030ae4        0x0
 .iplt          0x0000000008030ae4        0x0 build/py/nlr.o

.rel.dyn        0x0000000008030ae4        0x0
 .rel.iplt      0x0000000008030ae4        0x0 build/py/nlr.o

.data           0x0000000020000000        0x0 load address 0x0000000008030ae4
                0x0000000020000000                . = ALIGN (0x4)
                0x0000000020000000                _sdata = .
                0x0000000020000000                _ram_start = .
 *(.data)
 .data          0x0000000020000000        0x0 build/py/mpstate.o
 .data          0x0000000020000000        0x0 build/py/nlr.o
 .data          0x0000000020000000        0x0 build/py/nlrx86.o
 .data          0x0000000020000000        0x0 build/py/nlrx64.o
 .data          0x0000000020000000        0x0 build/py/nlrthumb.o
 .data          0x0000000020000000        0x0 build/py/nlrxtensa.o
 .data          0x0000000020000000        0x0 build/py/nlrsetjmp.o
 .data          0x0000000020000000        0x0 build/py/malloc.o
 .data          0x0000000020000000        0x0 build/py/gc.o
 .data          0x0000000020000000        0x0 build/py/pystack.o
 .data          0x0000000020000000        0x0 build/py/qstr.o
 .data          0x0000000020000000        0x0 build/py/vstr.o
 .data          0x0000000020000000        0x0 build/py/mpprint.o
 .data          0x0000000020000000        0x0 build/py/unicode.o
 .data          0x0000000020000000        0x0 build/py/mpz.o
 .data          0x0000000020000000        0x0 build/py/reader.o
 .data          0x0000000020000000        0x0 build/py/lexer.o
 .data          0x0000000020000000        0x0 build/py/parse.o
 .data          0x0000000020000000        0x0 build/py/scope.o
 .data          0x0000000020000000        0x0 build/py/compile.o
 .data          0x0000000020000000        0x0 build/py/emitcommon.o
 .data          0x0000000020000000        0x0 build/py/emitbc.o
 .data          0x0000000020000000        0x0 build/py/asmbase.o
 .data          0x0000000020000000        0x0 build/py/asmx64.o
 .data          0x0000000020000000        0x0 build/py/emitnx64.o
 .data          0x0000000020000000        0x0 build/py/asmx86.o
 .data          0x0000000020000000        0x0 build/py/emitnx86.o
 .data          0x0000000020000000        0x0 build/py/asmthumb.o
 .data          0x0000000020000000        0x0 build/py/emitnthumb.o
 .data          0x0000000020000000        0x0 build/py/emitinlinethumb.o
 .data          0x0000000020000000        0x0 build/py/asmarm.o
 .data          0x0000000020000000        0x0 build/py/emitnarm.o
 .data          0x0000000020000000        0x0 build/py/asmxtensa.o
 .data          0x0000000020000000        0x0 build/py/emitnxtensa.o
 .data          0x0000000020000000        0x0 build/py/emitinlinextensa.o
 .data          0x0000000020000000        0x0 build/py/formatfloat.o
 .data          0x0000000020000000        0x0 build/py/parsenumbase.o
 .data          0x0000000020000000        0x0 build/py/parsenum.o
 .data          0x0000000020000000        0x0 build/py/emitglue.o
 .data          0x0000000020000000        0x0 build/py/persistentcode.o
 .data          0x0000000020000000        0x0 build/py/runtime.o
 .data          0x0000000020000000        0x0 build/py/runtime_utils.o
 .data          0x0000000020000000        0x0 build/py/scheduler.o
 .data          0x0000000020000000        0x0 build/py/nativeglue.o
 .data          0x0000000020000000        0x0 build/py/stackctrl.o
 .data          0x0000000020000000        0x0 build/py/argcheck.o
 .data          0x0000000020000000        0x0 build/py/warning.o
 .data          0x0000000020000000        0x0 build/py/map.o
 .data          0x0000000020000000        0x0 build/py/obj.o
 .data          0x0000000020000000        0x0 build/py/objarray.o
 .data          0x0000000020000000        0x0 build/py/objattrtuple.o
 .data          0x0000000020000000        0x0 build/py/objbool.o
 .data          0x0000000020000000        0x0 build/py/objboundmeth.o
 .data          0x0000000020000000        0x0 build/py/objcell.o
 .data          0x0000000020000000        0x0 build/py/objclosure.o
 .data          0x0000000020000000        0x0 build/py/objcomplex.o
 .data          0x0000000020000000        0x0 build/py/objdeque.o
 .data          0x0000000020000000        0x0 build/py/objdict.o
 .data          0x0000000020000000        0x0 build/py/objenumerate.o
 .data          0x0000000020000000        0x0 build/py/objexcept.o
 .data          0x0000000020000000        0x0 build/py/objfilter.o
 .data          0x0000000020000000        0x0 build/py/objfloat.o
 .data          0x0000000020000000        0x0 build/py/objfun.o
 .data          0x0000000020000000        0x0 build/py/objgenerator.o
 .data          0x0000000020000000        0x0 build/py/objgetitemiter.o
 .data          0x0000000020000000        0x0 build/py/objint.o
 .data          0x0000000020000000        0x0 build/py/objint_longlong.o
 .data          0x0000000020000000        0x0 build/py/objint_mpz.o
 .data          0x0000000020000000        0x0 build/py/objlist.o
 .data          0x0000000020000000        0x0 build/py/objmap.o
 .data          0x0000000020000000        0x0 build/py/objmodule.o
 .data          0x0000000020000000        0x0 build/py/objobject.o
 .data          0x0000000020000000        0x0 build/py/objpolyiter.o
 .data          0x0000000020000000        0x0 build/py/objproperty.o
 .data          0x0000000020000000        0x0 build/py/objnone.o
 .data          0x0000000020000000        0x0 build/py/objnamedtuple.o
 .data          0x0000000020000000        0x0 build/py/objrange.o
 .data          0x0000000020000000        0x0 build/py/objreversed.o
 .data          0x0000000020000000        0x0 build/py/objset.o
 .data          0x0000000020000000        0x0 build/py/objsingleton.o
 .data          0x0000000020000000        0x0 build/py/objslice.o
 .data          0x0000000020000000        0x0 build/py/objstr.o
 .data          0x0000000020000000        0x0 build/py/objstrunicode.o
 .data          0x0000000020000000        0x0 build/py/objstringio.o
 .data          0x0000000020000000        0x0 build/py/objtuple.o
 .data          0x0000000020000000        0x0 build/py/objtype.o
 .data          0x0000000020000000        0x0 build/py/objzip.o
 .data          0x0000000020000000        0x0 build/py/opmethods.o
 .data          0x0000000020000000        0x0 build/py/sequence.o
 .data          0x0000000020000000        0x0 build/py/stream.o
 .data          0x0000000020000000        0x0 build/py/binary.o
 .data          0x0000000020000000        0x0 build/py/builtinimport.o
 .data          0x0000000020000000        0x0 build/py/builtinevex.o
 .data          0x0000000020000000        0x0 build/py/builtinhelp.o
 .data          0x0000000020000000        0x0 build/py/modarray.o
 .data          0x0000000020000000        0x0 build/py/modbuiltins.o
 .data          0x0000000020000000        0x0 build/py/modcollections.o
 .data          0x0000000020000000        0x0 build/py/modgc.o
 .data          0x0000000020000000        0x0 build/py/modio.o
 .data          0x0000000020000000        0x0 build/py/modmath.o
 .data          0x0000000020000000        0x0 build/py/modcmath.o
 .data          0x0000000020000000        0x0 build/py/modmicropython.o
 .data          0x0000000020000000        0x0 build/py/modstruct.o
 .data          0x0000000020000000        0x0 build/py/modsys.o
 .data          0x0000000020000000        0x0 build/py/moduerrno.o
 .data          0x0000000020000000        0x0 build/py/modthread.o
 .data          0x0000000020000000        0x0 build/py/vm.o
 .data          0x0000000020000000        0x0 build/py/bc.o
 .data          0x0000000020000000        0x0 build/py/showbc.o
 .data          0x0000000020000000        0x0 build/py/repl.o
 .data          0x0000000020000000        0x0 build/py/smallint.o
 .data          0x0000000020000000        0x0 build/py/frozenmod.o
 .data          0x0000000020000000        0x0 build/main.o
 .data          0x0000000020000000        0x0 /home/paul/dockershare/gcc-arm-none-eabi-7-2018-q2-update/lib/gcc/arm-none-eabi/7.3.1/libgcc.a(_thumb1_case_sqi.o)
 .data          0x0000000020000000        0x0 /home/paul/dockershare/gcc-arm-none-eabi-7-2018-q2-update/lib/gcc/arm-none-eabi/7.3.1/libgcc.a(_thumb1_case_shi.o)
 .data          0x0000000020000000        0x0 /home/paul/dockershare/gcc-arm-none-eabi-7-2018-q2-update/lib/gcc/arm-none-eabi/7.3.1/libgcc.a(_udivsi3.o)
 .data          0x0000000020000000        0x0 /home/paul/dockershare/gcc-arm-none-eabi-7-2018-q2-update/lib/gcc/arm-none-eabi/7.3.1/libgcc.a(_divsi3.o)
 .data          0x0000000020000000        0x0 /home/paul/dockershare/gcc-arm-none-eabi-7-2018-q2-update/lib/gcc/arm-none-eabi/7.3.1/libgcc.a(_dvmd_tls.o)
 *(.data*)
                0x0000000020000000                . = ALIGN (0x4)
                0x0000000020000000                _edata = .

.igot.plt       0x0000000020000000        0x0 load address 0x0000000008030ae4
 .igot.plt      0x0000000020000000        0x0 build/py/nlr.o

.bss            0x0000000020000000      0x19c load address 0x0000000008030ae4
                0x0000000020000000                . = ALIGN (0x4)
                0x0000000020000000                _sbss = .
 *(.bss)
 .bss           0x0000000020000000        0x0 build/py/mpstate.o
 .bss           0x0000000020000000        0x0 build/py/nlr.o
 .bss           0x0000000020000000        0x0 build/py/nlrx86.o
 .bss           0x0000000020000000        0x0 build/py/nlrx64.o
 .bss           0x0000000020000000        0x0 build/py/nlrthumb.o
 .bss           0x0000000020000000        0x0 build/py/nlrxtensa.o
 .bss           0x0000000020000000        0x0 build/py/nlrsetjmp.o
 .bss           0x0000000020000000        0x0 build/py/malloc.o
 .bss           0x0000000020000000        0x0 build/py/gc.o
 .bss           0x0000000020000000        0x0 build/py/pystack.o
 .bss           0x0000000020000000        0x0 build/py/qstr.o
 .bss           0x0000000020000000        0x0 build/py/vstr.o
 .bss           0x0000000020000000        0x0 build/py/mpprint.o
 .bss           0x0000000020000000        0x0 build/py/unicode.o
 .bss           0x0000000020000000        0x0 build/py/mpz.o
 .bss           0x0000000020000000        0x0 build/py/reader.o
 .bss           0x0000000020000000        0x0 build/py/lexer.o
 .bss           0x0000000020000000        0x0 build/py/parse.o
 .bss           0x0000000020000000        0x0 build/py/scope.o
 .bss           0x0000000020000000        0x0 build/py/compile.o
 .bss           0x0000000020000000        0x0 build/py/emitcommon.o
 .bss           0x0000000020000000        0x0 build/py/emitbc.o
 .bss           0x0000000020000000        0x0 build/py/asmbase.o
 .bss           0x0000000020000000        0x0 build/py/asmx64.o
 .bss           0x0000000020000000        0x0 build/py/emitnx64.o
 .bss           0x0000000020000000        0x0 build/py/asmx86.o
 .bss           0x0000000020000000        0x0 build/py/emitnx86.o
 .bss           0x0000000020000000        0x0 build/py/asmthumb.o
 .bss           0x0000000020000000        0x0 build/py/emitnthumb.o
 .bss           0x0000000020000000        0x0 build/py/emitinlinethumb.o
 .bss           0x0000000020000000        0x0 build/py/asmarm.o
 .bss           0x0000000020000000        0x0 build/py/emitnarm.o
 .bss           0x0000000020000000        0x0 build/py/asmxtensa.o
 .bss           0x0000000020000000        0x0 build/py/emitnxtensa.o
 .bss           0x0000000020000000        0x0 build/py/emitinlinextensa.o
 .bss           0x0000000020000000        0x0 build/py/formatfloat.o
 .bss           0x0000000020000000        0x0 build/py/parsenumbase.o
 .bss           0x0000000020000000        0x0 build/py/parsenum.o
 .bss           0x0000000020000000        0x0 build/py/emitglue.o
 .bss           0x0000000020000000        0x0 build/py/persistentcode.o
 .bss           0x0000000020000000        0x0 build/py/runtime.o
 .bss           0x0000000020000000        0x0 build/py/runtime_utils.o
 .bss           0x0000000020000000        0x0 build/py/scheduler.o
 .bss           0x0000000020000000        0x0 build/py/nativeglue.o
 .bss           0x0000000020000000        0x0 build/py/stackctrl.o
 .bss           0x0000000020000000        0x0 build/py/argcheck.o
 .bss           0x0000000020000000        0x0 build/py/warning.o
 .bss           0x0000000020000000        0x0 build/py/map.o
 .bss           0x0000000020000000        0x0 build/py/obj.o
 .bss           0x0000000020000000        0x0 build/py/objarray.o
 .bss           0x0000000020000000        0x0 build/py/objattrtuple.o
 .bss           0x0000000020000000        0x0 build/py/objbool.o
 .bss           0x0000000020000000        0x0 build/py/objboundmeth.o
 .bss           0x0000000020000000        0x0 build/py/objcell.o
 .bss           0x0000000020000000        0x0 build/py/objclosure.o
 .bss           0x0000000020000000        0x0 build/py/objcomplex.o
 .bss           0x0000000020000000        0x0 build/py/objdeque.o
 .bss           0x0000000020000000        0x0 build/py/objdict.o
 .bss           0x0000000020000000        0x0 build/py/objenumerate.o
 .bss           0x0000000020000000        0x0 build/py/objexcept.o
 .bss           0x0000000020000000        0x0 build/py/objfilter.o
 .bss           0x0000000020000000        0x0 build/py/objfloat.o
 .bss           0x0000000020000000        0x0 build/py/objfun.o
 .bss           0x0000000020000000        0x0 build/py/objgenerator.o
 .bss           0x0000000020000000        0x0 build/py/objgetitemiter.o
 .bss           0x0000000020000000        0x0 build/py/objint.o
 .bss           0x0000000020000000        0x0 build/py/objint_longlong.o
 .bss           0x0000000020000000        0x0 build/py/objint_mpz.o
 .bss           0x0000000020000000        0x0 build/py/objlist.o
 .bss           0x0000000020000000        0x0 build/py/objmap.o
 .bss           0x0000000020000000        0x0 build/py/objmodule.o
 .bss           0x0000000020000000        0x0 build/py/objobject.o
 .bss           0x0000000020000000        0x0 build/py/objpolyiter.o
 .bss           0x0000000020000000        0x0 build/py/objproperty.o
 .bss           0x0000000020000000        0x0 build/py/objnone.o
 .bss           0x0000000020000000        0x0 build/py/objnamedtuple.o
 .bss           0x0000000020000000        0x0 build/py/objrange.o
 .bss           0x0000000020000000        0x0 build/py/objreversed.o
 .bss           0x0000000020000000        0x0 build/py/objset.o
 .bss           0x0000000020000000        0x0 build/py/objsingleton.o
 .bss           0x0000000020000000        0x0 build/py/objslice.o
 .bss           0x0000000020000000        0x0 build/py/objstr.o
 .bss           0x0000000020000000        0x0 build/py/objstrunicode.o
 .bss           0x0000000020000000        0x0 build/py/objstringio.o
 .bss           0x0000000020000000        0x0 build/py/objtuple.o
 .bss           0x0000000020000000        0x0 build/py/objtype.o
 .bss           0x0000000020000000        0x0 build/py/objzip.o
 .bss           0x0000000020000000        0x0 build/py/opmethods.o
 .bss           0x0000000020000000        0x0 build/py/sequence.o
 .bss           0x0000000020000000        0x0 build/py/stream.o
 .bss           0x0000000020000000        0x0 build/py/binary.o
 .bss           0x0000000020000000        0x0 build/py/builtinimport.o
 .bss           0x0000000020000000        0x0 build/py/builtinevex.o
 .bss           0x0000000020000000        0x0 build/py/builtinhelp.o
 .bss           0x0000000020000000        0x0 build/py/modarray.o
 .bss           0x0000000020000000        0x0 build/py/modbuiltins.o
 .bss           0x0000000020000000        0x0 build/py/modcollections.o
 .bss           0x0000000020000000        0x0 build/py/modgc.o
 .bss           0x0000000020000000        0x0 build/py/modio.o
 .bss           0x0000000020000000        0x0 build/py/modmath.o
 .bss           0x0000000020000000        0x0 build/py/modcmath.o
 .bss           0x0000000020000000        0x0 build/py/modmicropython.o
 .bss           0x0000000020000000        0x0 build/py/modstruct.o
 .bss           0x0000000020000000        0x0 build/py/modsys.o
 .bss           0x0000000020000000        0x0 build/py/moduerrno.o
 .bss           0x0000000020000000        0x0 build/py/modthread.o
 .bss           0x0000000020000000        0x0 build/py/vm.o
 .bss           0x0000000020000000        0x0 build/py/bc.o
 .bss           0x0000000020000000        0x0 build/py/showbc.o
 .bss           0x0000000020000000        0x0 build/py/repl.o
 .bss           0x0000000020000000        0x0 build/py/smallint.o
 .bss           0x0000000020000000        0x0 build/py/frozenmod.o
 .bss           0x0000000020000000        0x0 build/main.o
 .bss           0x0000000020000000        0x0 /home/paul/dockershare/gcc-arm-none-eabi-7-2018-q2-update/lib/gcc/arm-none-eabi/7.3.1/libgcc.a(_thumb1_case_sqi.o)
 .bss           0x0000000020000000        0x0 /home/paul/dockershare/gcc-arm-none-eabi-7-2018-q2-update/lib/gcc/arm-none-eabi/7.3.1/libgcc.a(_thumb1_case_shi.o)
 .bss           0x0000000020000000        0x0 /home/paul/dockershare/gcc-arm-none-eabi-7-2018-q2-update/lib/gcc/arm-none-eabi/7.3.1/libgcc.a(_udivsi3.o)
 .bss           0x0000000020000000        0x0 /home/paul/dockershare/gcc-arm-none-eabi-7-2018-q2-update/lib/gcc/arm-none-eabi/7.3.1/libgcc.a(_divsi3.o)
 .bss           0x0000000020000000        0x0 /home/paul/dockershare/gcc-arm-none-eabi-7-2018-q2-update/lib/gcc/arm-none-eabi/7.3.1/libgcc.a(_dvmd_tls.o)
 *(.bss*)
 *(COMMON)
 COMMON         0x0000000020000000      0x19c build/py/mpstate.o
                0x0000000020000000                mp_state_ctx
                0x000000002000019c                . = ALIGN (0x4)
                0x000000002000019c                _ebss = .

.heap           0x000000002000019c        0x0
                0x000000002000019c                . = ALIGN (0x4)
                0x000000002000019c                _heap_start = .

.stack          0x000000002000019c        0x0
                0x000000002000019c                . = ALIGN (0x4)

.ARM.attributes
                0x0000000000000000       0x31
 *(.ARM.attributes)
 .ARM.attributes
                0x0000000000000000       0x31 build/py/mpstate.o
 .ARM.attributes
                0x0000000000000031       0x31 build/py/nlr.o
 .ARM.attributes
                0x0000000000000062       0x31 build/py/nlrx86.o
 .ARM.attributes
                0x0000000000000093       0x31 build/py/nlrx64.o
 .ARM.attributes
                0x00000000000000c4       0x31 build/py/nlrthumb.o
 .ARM.attributes
                0x00000000000000f5       0x31 build/py/nlrxtensa.o
 .ARM.attributes
                0x0000000000000126       0x31 build/py/nlrsetjmp.o
 .ARM.attributes
                0x0000000000000157       0x31 build/py/malloc.o
 .ARM.attributes
                0x0000000000000188       0x31 build/py/gc.o
 .ARM.attributes
                0x00000000000001b9       0x31 build/py/pystack.o
 .ARM.attributes
                0x00000000000001ea       0x31 build/py/qstr.o
 .ARM.attributes
                0x000000000000021b       0x31 build/py/vstr.o
 .ARM.attributes
                0x000000000000024c       0x31 build/py/mpprint.o
 .ARM.attributes
                0x000000000000027d       0x31 build/py/unicode.o
 .ARM.attributes
                0x00000000000002ae       0x31 build/py/mpz.o
 .ARM.attributes
                0x00000000000002df       0x31 build/py/reader.o
 .ARM.attributes
                0x0000000000000310       0x31 build/py/lexer.o
 .ARM.attributes
                0x0000000000000341       0x31 build/py/parse.o
 .ARM.attributes
                0x0000000000000372       0x31 build/py/scope.o
 .ARM.attributes
                0x00000000000003a3       0x31 build/py/compile.o
 .ARM.attributes
                0x00000000000003d4       0x31 build/py/emitcommon.o
 .ARM.attributes
                0x0000000000000405       0x31 build/py/emitbc.o
 .ARM.attributes
                0x0000000000000436       0x31 build/py/asmbase.o
 .ARM.attributes
                0x0000000000000467       0x31 build/py/asmx64.o
 .ARM.attributes
                0x0000000000000498       0x31 build/py/emitnx64.o
 .ARM.attributes
                0x00000000000004c9       0x31 build/py/asmx86.o
 .ARM.attributes
                0x00000000000004fa       0x31 build/py/emitnx86.o
 .ARM.attributes
                0x000000000000052b       0x31 build/py/asmthumb.o
 .ARM.attributes
                0x000000000000055c       0x31 build/py/emitnthumb.o
 .ARM.attributes
                0x000000000000058d       0x31 build/py/emitinlinethumb.o
 .ARM.attributes
                0x00000000000005be       0x31 build/py/asmarm.o
 .ARM.attributes
                0x00000000000005ef       0x31 build/py/emitnarm.o
 .ARM.attributes
                0x0000000000000620       0x31 build/py/asmxtensa.o
 .ARM.attributes
                0x0000000000000651       0x31 build/py/emitnxtensa.o
 .ARM.attributes
                0x0000000000000682       0x31 build/py/emitinlinextensa.o
 .ARM.attributes
                0x00000000000006b3       0x31 build/py/formatfloat.o
 .ARM.attributes
                0x00000000000006e4       0x31 build/py/parsenumbase.o
 .ARM.attributes
                0x0000000000000715       0x31 build/py/parsenum.o
 .ARM.attributes
                0x0000000000000746       0x31 build/py/emitglue.o
 .ARM.attributes
                0x0000000000000777       0x31 build/py/persistentcode.o
 .ARM.attributes
                0x00000000000007a8       0x31 build/py/runtime.o
 .ARM.attributes
                0x00000000000007d9       0x31 build/py/runtime_utils.o
 .ARM.attributes
                0x000000000000080a       0x31 build/py/scheduler.o
 .ARM.attributes
                0x000000000000083b       0x31 build/py/nativeglue.o
 .ARM.attributes
                0x000000000000086c       0x31 build/py/stackctrl.o
 .ARM.attributes
                0x000000000000089d       0x31 build/py/argcheck.o
 .ARM.attributes
                0x00000000000008ce       0x31 build/py/warning.o
 .ARM.attributes
                0x00000000000008ff       0x31 build/py/map.o
 .ARM.attributes
                0x0000000000000930       0x31 build/py/obj.o
 .ARM.attributes
                0x0000000000000961       0x31 build/py/objarray.o
 .ARM.attributes
                0x0000000000000992       0x31 build/py/objattrtuple.o
 .ARM.attributes
                0x00000000000009c3       0x31 build/py/objbool.o
 .ARM.attributes
                0x00000000000009f4       0x31 build/py/objboundmeth.o
 .ARM.attributes
                0x0000000000000a25       0x31 build/py/objcell.o
 .ARM.attributes
                0x0000000000000a56       0x31 build/py/objclosure.o
 .ARM.attributes
                0x0000000000000a87       0x31 build/py/objcomplex.o
 .ARM.attributes
                0x0000000000000ab8       0x31 build/py/objdeque.o
 .ARM.attributes
                0x0000000000000ae9       0x31 build/py/objdict.o
 .ARM.attributes
                0x0000000000000b1a       0x31 build/py/objenumerate.o
 .ARM.attributes
                0x0000000000000b4b       0x31 build/py/objexcept.o
 .ARM.attributes
                0x0000000000000b7c       0x31 build/py/objfilter.o
 .ARM.attributes
                0x0000000000000bad       0x31 build/py/objfloat.o
 .ARM.attributes
                0x0000000000000bde       0x31 build/py/objfun.o
 .ARM.attributes
                0x0000000000000c0f       0x31 build/py/objgenerator.o
 .ARM.attributes
                0x0000000000000c40       0x31 build/py/objgetitemiter.o
 .ARM.attributes
                0x0000000000000c71       0x31 build/py/objint.o
 .ARM.attributes
                0x0000000000000ca2       0x31 build/py/objint_longlong.o
 .ARM.attributes
                0x0000000000000cd3       0x31 build/py/objint_mpz.o
 .ARM.attributes
                0x0000000000000d04       0x31 build/py/objlist.o
 .ARM.attributes
                0x0000000000000d35       0x31 build/py/objmap.o
 .ARM.attributes
                0x0000000000000d66       0x31 build/py/objmodule.o
 .ARM.attributes
                0x0000000000000d97       0x31 build/py/objobject.o
 .ARM.attributes
                0x0000000000000dc8       0x31 build/py/objpolyiter.o
 .ARM.attributes
                0x0000000000000df9       0x31 build/py/objproperty.o
 .ARM.attributes
                0x0000000000000e2a       0x31 build/py/objnone.o
 .ARM.attributes
                0x0000000000000e5b       0x31 build/py/objnamedtuple.o
 .ARM.attributes
                0x0000000000000e8c       0x31 build/py/objrange.o
 .ARM.attributes
                0x0000000000000ebd       0x31 build/py/objreversed.o
 .ARM.attributes
                0x0000000000000eee       0x31 build/py/objset.o
 .ARM.attributes
                0x0000000000000f1f       0x31 build/py/objsingleton.o
 .ARM.attributes
                0x0000000000000f50       0x31 build/py/objslice.o
 .ARM.attributes
                0x0000000000000f81       0x31 build/py/objstr.o
 .ARM.attributes
                0x0000000000000fb2       0x31 build/py/objstrunicode.o
 .ARM.attributes
                0x0000000000000fe3       0x31 build/py/objstringio.o
 .ARM.attributes
                0x0000000000001014       0x31 build/py/objtuple.o
 .ARM.attributes
                0x0000000000001045       0x31 build/py/objtype.o
 .ARM.attributes
                0x0000000000001076       0x31 build/py/objzip.o
 .ARM.attributes
                0x00000000000010a7       0x31 build/py/opmethods.o
 .ARM.attributes
                0x00000000000010d8       0x31 build/py/sequence.o
 .ARM.attributes
                0x0000000000001109       0x31 build/py/stream.o
 .ARM.attributes
                0x000000000000113a       0x31 build/py/binary.o
 .ARM.attributes
[...]
                                                  build/py/objdict.o
mp_type_gen_instance                              build/py/objgenerator.o
                                                  build/py/runtime.o
mp_type_gen_wrap                                  build/py/objgenerator.o
                                                  build/py/emitglue.o
mp_type_int                                       build/py/objint.o
                                                  build/py/modbuiltins.o
                                                  build/py/objstr.o
                                                  build/py/obj.o
                                                  build/py/parse.o
                                                  build/py/mpprint.o
mp_type_list                                      build/py/objlist.o
                                                  build/py/modbuiltins.o
                                                  build/py/objstr.o
                                                  build/py/objint.o
                                                  build/py/obj.o
                                                  build/py/runtime.o
mp_type_map                                       build/py/objmap.o
                                                  build/py/modbuiltins.o
mp_type_module                                    build/py/objmodule.o
                                                  build/py/modmicropython.o
                                                  build/py/modbuiltins.o
                                                  build/py/runtime.o
mp_type_object                                    build/py/objobject.o
                                                  build/py/modbuiltins.o
                                                  build/py/objtype.o
mp_type_polymorph_iter                            build/py/objpolyiter.o
                                                  build/py/objtuple.o
                                                  build/py/objstr.o
                                                  build/py/objlist.o
mp_type_range                                     build/py/objrange.o
                                                  build/py/modbuiltins.o
mp_type_singleton                                 build/py/objsingleton.o
mp_type_staticmethod                              build/py/objtype.o
                                                  build/py/modbuiltins.o
                                                  build/py/runtime.o
mp_type_str                                       build/py/objstr.o
                                                  build/py/modbuiltins.o
                                                  build/py/stream.o
                                                  build/py/objexcept.o
                                                  build/py/obj.o
                                                  build/py/map.o
                                                  build/py/parse.o
mp_type_super                                     build/py/objtype.o
                                                  build/py/modbuiltins.o
mp_type_tuple                                     build/py/objtuple.o
                                                  build/py/modbuiltins.o
                                                  build/py/objtype.o
                                                  build/py/objstr.o
                                                  build/py/objint.o
                                                  build/py/objexcept.o
                                                  build/py/obj.o
                                                  build/py/runtime.o
mp_type_type                                      build/py/objtype.o
                                                  build/py/modbuiltins.o
                                                  build/py/objzip.o
                                                  build/py/objtuple.o
                                                  build/py/objstr.o
                                                  build/py/objsingleton.o
                                                  build/py/objrange.o
                                                  build/py/objnone.o
                                                  build/py/objpolyiter.o
                                                  build/py/objobject.o
                                                  build/py/objmodule.o
                                                  build/py/objmap.o
                                                  build/py/objlist.o
                                                  build/py/objint.o
                                                  build/py/objgetitemiter.o
                                                  build/py/objgenerator.o
                                                  build/py/objfun.o
                                                  build/py/objfilter.o
                                                  build/py/objexcept.o
                                                  build/py/objdict.o
                                                  build/py/objclosure.o
                                                  build/py/objcell.o
                                                  build/py/objboundmeth.o
                                                  build/py/objbool.o
                                                  build/py/runtime.o
mp_type_zip                                       build/py/objzip.o
                                                  build/py/modbuiltins.o
mp_unary_op                                       build/py/runtime.o
                                                  build/py/vm.o
                                                  build/py/modbuiltins.o
                                                  build/py/objtype.o
                                                  build/py/objtuple.o
                                                  build/py/objbool.o
                                                  build/py/map.o
                                                  build/py/parse.o
mp_unary_op_method_name                           build/py/objtype.o
mp_unpack_ex                                      build/py/runtime.o
                                                  build/py/vm.o
mp_unpack_sequence                                build/py/runtime.o
                                                  build/py/vm.o
mp_vprintf                                        build/py/mpprint.o
                                                  build/py/objexcept.o
                                                  build/py/vstr.o
nlr_jump                                          build/py/nlrthumb.o
                                                  build/py/bc.o
                                                  build/py/modbuiltins.o
                                                  build/py/objstr.o
                                                  build/py/objgetitemiter.o
                                                  build/py/objgenerator.o
                                                  build/py/objfun.o
                                                  build/py/objdict.o
                                                  build/py/scheduler.o
                                                  build/py/runtime.o
                                                  build/py/parsenum.o
                                                  build/py/compile.o
                                                  build/py/parse.o
nlr_jump_fail                                     build/main.o
                                                  build/py/nlrthumb.o
nlr_pop                                           build/py/nlr.o
                                                  build/main.o
                                                  build/py/vm.o
                                                  build/py/objgetitemiter.o
                                                  build/py/runtime_utils.o
                                                  build/py/runtime.o
nlr_push                                          build/py/nlrthumb.o
                                                  build/main.o
                                                  build/py/vm.o
                                                  build/py/objgetitemiter.o
                                                  build/py/runtime_utils.o
                                                  build/py/runtime.o
nlr_push_tail                                     build/py/nlr.o
                                                  build/py/nlrthumb.o
printf                                            build/main.o
putchar                                           build/main.o
puts                                              build/main.o
qstr_compute_hash                                 build/py/qstr.o
                                                  build/py/objstr.o
                                                  build/py/objexcept.o
                                                  build/py/runtime.o
qstr_data                                         build/py/qstr.o
                                                  build/py/objstr.o
                                                  build/py/runtime.o
                                                  build/py/compile.o
                                                  build/py/mpprint.o
qstr_find_strn                                    build/py/qstr.o
                                                  build/py/objstr.o
                                                  build/py/parse.o
qstr_from_str                                     build/py/qstr.o
qstr_from_strn                                    build/py/qstr.o
                                                  build/py/builtinimport.o
                                                  build/py/objstr.o
                                                  build/py/runtime.o
                                                  build/py/compile.o
                                                  build/py/parse.o
qstr_hash                                         build/py/qstr.o
                                                  build/py/objstr.o
                                                  build/py/map.o
                                                  build/py/runtime.o
qstr_init                                         build/py/qstr.o
                                                  build/py/runtime.o
qstr_len                                          build/py/qstr.o
                                                  build/py/objstr.o
                                                  build/py/obj.o
                                                  build/py/runtime.o
                                                  build/py/compile.o
qstr_pool_info                                    build/py/qstr.o
qstr_str                                          build/py/qstr.o
                                                  build/py/builtinimport.o
                                                  build/py/objtype.o
                                                  build/py/objexcept.o
                                                  build/py/obj.o
                                                  build/py/runtime.o
realloc                                           build/main.o
                                                  build/py/malloc.o
scope_find                                        build/py/scope.o
                                                  build/py/emitcommon.o
                                                  build/py/compile.o
scope_find_global                                 build/py/scope.o
                                                  build/py/compile.o
scope_find_local_and_close_over                   build/py/scope.o
                                                  build/py/emitcommon.o
                                                  build/py/compile.o
scope_find_or_add_id                              build/py/scope.o
                                                  build/py/emitcommon.o
                                                  build/py/compile.o
scope_free                                        build/py/scope.o
                                                  build/py/compile.o
scope_new                                         build/py/scope.o
                                                  build/py/compile.o
str_count_obj                                     build/py/objstr.o
str_endswith_obj                                  build/py/objstr.o
str_find_obj                                      build/py/objstr.o
str_format_obj                                    build/py/objstr.o
str_index_obj                                     build/py/objstr.o
str_index_to_ptr                                  build/py/objstr.o
str_isalpha_obj                                   build/py/objstr.o
str_isdigit_obj                                   build/py/objstr.o
str_islower_obj                                   build/py/objstr.o
str_isspace_obj                                   build/py/objstr.o
str_isupper_obj                                   build/py/objstr.o
str_join_obj                                      build/py/objstr.o
str_lower_obj                                     build/py/objstr.o
str_lstrip_obj                                    build/py/objstr.o
str_replace_obj                                   build/py/objstr.o
str_rfind_obj                                     build/py/objstr.o
str_rindex_obj                                    build/py/objstr.o
str_rsplit_obj                                    build/py/objstr.o
str_rstrip_obj                                    build/py/objstr.o
str_split_obj                                     build/py/objstr.o
str_startswith_obj                                build/py/objstr.o
str_strip_obj                                     build/py/objstr.o
str_upper_obj                                     build/py/objstr.o
strcat                                            build/main.o
strchr                                            build/main.o
                                                  build/py/builtinimport.o
                                                  build/py/objstr.o
strcmp                                            build/main.o
                                                  build/py/lexer.o
strlen                                            build/main.o
                                                  build/py/binary.o
                                                  build/py/objint.o
                                                  build/py/objexcept.o
                                                  build/py/mpprint.o
                                                  build/py/vstr.o
                                                  build/py/qstr.o
strncmp                                           build/main.o
unichar_isalpha                                   build/py/unicode.o
                                                  build/py/objstr.o
                                                  build/py/lexer.o
unichar_isdigit                                   build/py/unicode.o
                                                  build/py/objstr.o
                                                  build/py/lexer.o
unichar_isident                                   build/py/unicode.o
unichar_islower                                   build/py/unicode.o
                                                  build/py/objstr.o
unichar_isspace                                   build/py/unicode.o
                                                  build/py/objstr.o
                                                  build/py/parsenum.o
                                                  build/py/lexer.o
unichar_isupper                                   build/py/unicode.o
                                                  build/py/objstr.o
unichar_isxdigit                                  build/py/unicode.o
                                                  build/py/lexer.o
unichar_tolower                                   build/py/unicode.o
                                                  build/py/objstr.o
unichar_toupper                                   build/py/unicode.o
                                                  build/py/objstr.o
unichar_xdigit_value                              build/py/unicode.o
                                                  build/py/lexer.o
vprintf                                           build/main.o
vsnprintf                                         build/main.o
vstr_add_byte                                     build/py/vstr.o
                                                  build/py/objstr.o
                                                  build/py/lexer.o
vstr_add_char                                     build/py/vstr.o
                                                  build/py/builtinimport.o
                                                  build/py/lexer.o
vstr_add_len                                      build/py/vstr.o
                                                  build/py/stream.o
vstr_add_str                                      build/py/vstr.o
                                                  build/py/builtinimport.o
vstr_add_strn                                     build/py/vstr.o
                                                  build/py/builtinimport.o
vstr_clear                                        build/py/vstr.o
                                                  build/py/stream.o
                                                  build/py/objstr.o
                                                  build/py/lexer.o
vstr_cut_head_bytes                               build/py/vstr.o
vstr_cut_out_bytes                                build/py/vstr.o
vstr_cut_tail_bytes                               build/py/vstr.o
                                                  build/py/stream.o
                                                  build/py/lexer.o
vstr_extend                                       build/py/vstr.o
                                                  build/py/stream.o
vstr_free                                         build/py/vstr.o
vstr_hint_size                                    build/py/vstr.o
vstr_init                                         build/py/vstr.o
                                                  build/py/stream.o
                                                  build/py/objstr.o
                                                  build/py/lexer.o
vstr_init_fixed_buf                               build/py/vstr.o
                                                  build/py/builtinimport.o
vstr_init_len                                     build/py/vstr.o
                                                  build/py/stream.o
                                                  build/py/objstr.o
                                                  build/py/objint.o
vstr_init_print                                   build/py/vstr.o
                                                  build/py/modbuiltins.o
                                                  build/py/objstr.o
vstr_ins_byte                                     build/py/vstr.o
vstr_ins_char                                     build/py/vstr.o
vstr_new                                          build/py/vstr.o
vstr_null_terminated_str                          build/py/vstr.o
                                                  build/py/builtinimport.o
                                                  build/py/objstr.o
                                                  build/py/lexer.o
vstr_printf                                       build/py/vstr.o
vstr_vprintf                                      build/py/vstr.o
